✔ rich text never interprets HTML, loads media or creates executable links (1.961916ms)
✔ method prose keeps internal deep links within the deployed prefix (1.045042ms)
✔ subchapter targets keep stable names and diagrams use the shared reader dialog (0.80725ms)
✔ prompts preserve newlines and literal syntax while tables retain labelled cells (0.591583ms)
✔ declared media uses local controls and pauses other method playback (0.496291ms)
✔ method image reader is independent of a pending story-region selection (1.727916ms)
✔ horizontal directory is never pulled back while finding a link (0.980375ms)
✔ focused desktop directory is not moved by active reading updates (0.611209ms)
✔ directory scrolling does not trigger reading progress calculation (0.230709ms)
✔ partially covered anchor is rescued after scroll restoration (0.338292ms)
✔ deep saved reading position and a different route are preserved (0.267042ms)
✔ legacy chapter-only links select their owner consistently while explicit tabs and plain defaults win (0.826209ms)
✔ asset card totals are independent of selected version and record revision, with navigation (5.672292ms)
✔ asset list without a positive integer material round does not invent a version or empty label (4.399084ms)
✔ other production records retain their record revision label (0.556916ms)
✔ history scene and shot records use shared cards with exact global location codes (1.496833ms)
✔ historical shot reads its hydrated exact demand and inputs instead of the identity current plan (3.6525ms)
✔ shared shot renderer retains exact background and material trace while changes and selected inputs stay visible (0.967167ms)
✔ project handoff exposes the selected original and its exact requirements without borrowing another version (1.268292ms)
✔ episode count deduplicates comment ids, includes closed and uses exact view revisions only (0.760208ms)
✔ grouping partitions exactly the explicitly related canonical identities regardless of obsolete owner filter (1.249125ms)
✔ late scene response cannot repaint after a later selection or workspace switch (1.409375ms)
✔ same-scene navigation only reuses the reader for the same accurate material route (0.756833ms)
✔ returning to a shot restores only a draft on a displayed exact Prompt revision (0.655791ms)
✔ clicking the mounted episode again supersedes an in-flight episode switch (4.25025ms)
✔ cancel body cleanup failure retains the actual editor and reports incomplete cancellation (5.147541ms)
✔ cancel :discussion cleanup failure retains the actual editor and reports incomplete cancellation (1.236625ms)
✔ cancel :submission cleanup failure retains the actual editor and reports incomplete cancellation (1.211834ms)
✔ acknowledged create body cleanup failure retains receipt and retries cleanup without another POST (2.147ms)
✔ acknowledged create :discussion cleanup failure retains receipt and retries cleanup without another POST (1.9515ms)
✔ acknowledged create :submission cleanup failure retains receipt and retries cleanup without another POST (1.276ms)
✔ quota rejecting the success marker retains exact UUID, prevents repeat POST in this page and explains refresh limit (2.951333ms)
✔ a refreshed page uses a durable success receipt only for cleanup, including a partly removed body (1.402667ms)
✔ a stored success for one payload does not mark a changed opinion as saved or reuse its UUID (1.182959ms)
✔ known success plus unreadable pending storage stays truthful and cannot cause a second request (2.126916ms)
✔ known edit success is persisted and retry cleanup does not PATCH the old expected_version again (2.204167ms)
✔ late acknowledged success cannot delete another tab newer draft and request identity (1.022334ms)
✔ unreadable submission before send fails closed and cannot silently create a fresh UUID (1.253667ms)
✔ two pages with B written first: A save cleans only A; B retains body, anchor, target and start version (6.421917ms)
✔ one page cancellation preserves the other page even at the identical comment and anchor (1.666417ms)
✔ reload retains page ownership while a new or duplicated navigation gets its own editor (2.502292ms)
✔ list refresh never upgrades start version; rejected save retains the complete draft and original basis (1.253291ms)
✔ explicit reviewed retry uses its frozen version and another change still rejects (0.837875ms)
✔ legacy shared text cannot silently become a modification based on the current comment version (0.712875ms)
✔ unconfirmed PATCH retries the same start version and never uses a newly fetched list version (0.823708ms)
✔ local storage failure blocks transmission while the start basis and live input remain (0.703333ms)
✔ recovery catalog exposes exact old target only, independently of the current latest revision (2.006417ms)
✔ another comment and visual/time anchors cannot reuse the edit key or basis (0.996791ms)
✔ conflict review controls unlock when a rejected save finishes (0.650834ms)
✔ materials: editing a shared plan keeps its exact recorded round 1 (19.1225ms)
✔ materials: editing a shared plan keeps its exact recorded round 2 (1.868625ms)
✔ settings: editing a shared plan keeps its exact recorded round 1 (2.634375ms)
✔ settings: editing a shared plan keeps its exact recorded round 2 (1.827792ms)
✔ legacy comments without scopes remain locatable without inventing a round attribution (2.189416ms)
✔ an unavailable explicit round cannot silently use the latest revision match (1.362666ms)
✔ an explicit round must contain the exact commented revision (1.829458ms)
✔ materials: locating the original selection also follows the recorded round without editing (1.254583ms)
✔ settings: locating the original selection also follows the recorded round without editing (2.259333ms)
✔ multiple material scopes require an existing exact card context, not an arbitrary first match (1.571958ms)
✔ an invalid preferred scope does not fall through to another valid material (1.723417ms)
✔ ASSET: edit waits for the exact historical reader and does not cancel its own completion (2.11ms)
✔ CALL: edit waits for the exact historical reader and does not cancel its own completion (1.550542ms)
✔ failed historical loading never starts an editor on the wrong content (1.519625ms)
✔ an old response cannot reissue its lookup after a newer navigation (5.826708ms)
✔ cancelling an old location never invalidates a newer request that already owns the read epoch (1.748875ms)
✔ a fresh selection draft invalidates the old read before it can clear that new draft (1.525375ms)
✔ a newer comment edit remains active when the old asset request arrives (2.1595ms)
✔ round selection cancels an old material lookup (2.267ms)
✔ card selection cancels an old material lookup (2.242708ms)
✔ leaving the workspace ignores the old response and does not open an editor (1.269583ms)
✔ story.sources: ordinary comment editing still starts immediately (1.226584ms)
✔ story.outline: ordinary comment editing still starts immediately (1.326333ms)
✔ ASSET: a recorded material card identity survives the same historical load (2.213458ms)
✔ CALL: a recorded material card identity survives the same historical load (1.173958ms)
✔ a captured material absent after loading cannot fall through to another valid scope (1.069125ms)
✔ a new card choice invalidates the captured identity of an old asynchronous location (2.878959ms)
✔ an older failed lookup stays silent after newer navigation owns the reader (4.104208ms)
✔ the actual material workspace and card renderer retain the explicitly located nonfirst card (3.478083ms)
✔ materials: WAV opinion restores original component while preserving exact candidate and retained state (1.500041ms)
✔ settings: WAV opinion restores original component while preserving exact candidate and retained state (1.378584ms)
✔ materials: component failure leaves the current reader and draft intact (1.397084ms)
✔ materials: file failure leaves the current reader and draft intact (2.3925ms)
✔ materials: revision failure leaves the current reader and draft intact (1.609ms)
✔ materials: object failure leaves the current reader and draft intact (1.413167ms)
✔ materials: duration failure leaves the current reader and draft intact (1.255ms)
✔ materials: nonfinite failure leaves the current reader and draft intact (1.092792ms)
✔ materials: invalid-anchor failure leaves the current reader and draft intact (2.405084ms)
✔ settings: component failure leaves the current reader and draft intact (1.342833ms)
✔ settings: file failure leaves the current reader and draft intact (1.139042ms)
✔ settings: revision failure leaves the current reader and draft intact (1.347791ms)
✔ settings: object failure leaves the current reader and draft intact (1.1095ms)
✔ settings: duration failure leaves the current reader and draft intact (1.353ms)
✔ settings: nonfinite failure leaves the current reader and draft intact (0.88325ms)
✔ settings: invalid-anchor failure leaves the current reader and draft intact (0.942458ms)
✔ one exact player cannot clamp a comment into a shorter placement (0.869208ms)
✔ legacy round traversal returns to the exact plan model used by a saved draft (2.214208ms)
✔ entity entry locates a retained state supplied with the exact media, without borrowing its current state (1.291625ms)
✔ image location searches the exact revision and file in the active card: true (1.053834ms)
✔ image location searches the exact revision and file in the active card: false (0.967459ms)
✔ outside pointerdown leaves layout intact; click capture closes before the original target opens its new draft (5.959708ms)
✔ a region draft opened on pointerup survives its trailing click and keeps exact draft metadata (1.598292ms)
✔ keyboard click ignores stale pointer state and still lets its target start a draft (1.202709ms)
✔ dialog descendant keeps the outer comments open through pointerdown and click (1.952583ms)
✔ review-cue descendant keeps the outer comments open through pointerdown and click (1.250084ms)
✔ material-reference descendant keeps the outer comments open through pointerdown and click (1.264875ms)
✔ marked-trigger descendant keeps the outer comments open through pointerdown and click (1.809042ms)
✔ plain outside click collapses without discarding draft, while panel descendants stay open (1.489041ms)
✔ dialog comments at 1024px retain the exact reader and media while opening and returning focus (1.942417ms)
✔ dialog comments at 1440px retain the exact reader and media while opening and returning focus (2.019833ms)
✔ closing comments falls back inside the dialog when its original trigger is removed (1.261959ms)
✔ closing comments falls back inside the dialog when its original trigger is hidden (0.950667ms)
✔ exact reference text location at 390px sees the correct panel state before seeking (1.363334ms)
✔ exact reference time location at 390px sees the correct panel state before seeking (0.91725ms)
✔ exact reference text location at 1199px sees the correct panel state before seeking (1.65125ms)
✔ exact reference time location at 1199px sees the correct panel state before seeking (1.411459ms)
✔ exact reference text location at 1200px sees the correct panel state before seeking (1.395042ms)
✔ exact reference time location at 1200px sees the correct panel state before seeking (1.76475ms)
✔ exact reference text location at 1440px sees the correct panel state before seeking (1.520709ms)
✔ exact reference time location at 1440px sees the correct panel state before seeking (2.078708ms)
✔ production comment routing at 390px reveals the reader before forwarding the exact material anchor (1.611667ms)
✔ production comment routing at 1199px reveals the reader before forwarding the exact material anchor (1.113041ms)
✔ production comment routing at 1200px reveals the reader before forwarding the exact material anchor (1.30025ms)
✔ production comment routing at 1440px reveals the reader before forwarding the exact material anchor (1.181291ms)
✔ ordinary source location at 390px reveals its exact target and keeps the draft (1.138208ms)
✔ ordinary structure location at 390px reveals its exact target and keeps the draft (1.785708ms)
✔ ordinary script-start location at 390px reveals its exact target and keeps the draft (1.840792ms)
✔ ordinary script-end location at 390px reveals its exact target and keeps the draft (1.43275ms)
✔ ordinary source location at 1199px reveals its exact target and keeps the draft (0.793958ms)
✔ ordinary structure location at 1199px reveals its exact target and keeps the draft (0.783875ms)
✔ ordinary script-start location at 1199px reveals its exact target and keeps the draft (1.677625ms)
✔ ordinary script-end location at 1199px reveals its exact target and keeps the draft (1.274166ms)
✔ ordinary source location at 1200px reveals its exact target and keeps the draft (1.11325ms)
✔ ordinary structure location at 1200px reveals its exact target and keeps the draft (0.709083ms)
✔ ordinary script-start location at 1200px reveals its exact target and keeps the draft (0.747167ms)
✔ ordinary script-end location at 1200px reveals its exact target and keeps the draft (0.813084ms)
✔ ordinary source location at 1440px reveals its exact target and keeps the draft (0.654417ms)
✔ ordinary structure location at 1440px reveals its exact target and keeps the draft (0.730458ms)
✔ ordinary script-start location at 1440px reveals its exact target and keeps the draft (1.713667ms)
✔ ordinary script-end location at 1440px reveals its exact target and keeps the draft (1.330708ms)
✔ failed ordinary source revision location keeps the open panel and focus (1.145791ms)
✔ failed ordinary source target location keeps the open panel and focus (0.723666ms)
✔ failed ordinary source invalid-anchor location keeps the open panel and focus (0.814084ms)
✔ failed ordinary structure revision location keeps the open panel and focus (0.821583ms)
✔ failed ordinary structure target location keeps the open panel and focus (1.020958ms)
✔ failed ordinary structure invalid-anchor location keeps the open panel and focus (3.972792ms)
✔ failed ordinary script revision location keeps the open panel and focus (1.611333ms)
✔ failed ordinary script target location keeps the open panel and focus (1.32825ms)
✔ failed ordinary script invalid-anchor location keeps the open panel and focus (1.458208ms)
✔ a narrow SOURCE location for a different source keeps its comment panel open (1.269917ms)
✔ direct narrow script end location with a missing endpoint keeps the panel open (1.189708ms)
✔ narrow successful location restores focus even if comment rendering already moved it to BODY (1.348958ms)
✔ closing a unified card restores both outer visibility and aria-expanded (hidden=true) (1.719541ms)
✔ closing a unified card restores both outer visibility and aria-expanded (hidden=false) (1.795959ms)
✔ nested unified cards restore each owning reader and its own comment visibility in order (1.399666ms)
✔ a late lower-card response waits for the newer upper card and returns to its own reader (9.475417ms)
✔ same immutable plan has isolated draft and discussion choices in each material round (2.898667ms)
✔ one original shared by two material cards uses the clicked card identity (1.887084ms)
✔ existing comment edits and non-material drafts retain their original keys (1.183333ms)
✔ legacy draft is shown only when present and moves only by explicit recovery without overwriting (1.323541ms)
✔ legacy recovery retains the original if destination storage fails (1.057334ms)
✔ unchanged failed create reuses the full request ID after page refresh (3.335584ms)
✔ changed body is a new operation while an unchanged retry keeps its ID (1.0595ms)
✔ changed anchor and material create distinct operations; comments add no revision intent (1.094708ms)
✔ old round reload retains the unconfirmed feedback intent after the server advanced (1.738708ms)
✔ in-flight button and shortcut calls share the lock, including intent changes (0.930333ms)
✔ late success cannot clear another page draft or navigate its material context (1.080042ms)
✔ late success cannot remove a newer draft saved by another tab (0.606291ms)
✔ explicit HTTP 400 preserves the actual draft and exact operation but states rejection instead of uncertain success (5.999917ms)
✔ explicit HTTP 409 preserves the actual draft and exact operation but states rejection instead of uncertain success (1.352625ms)
✔ refreshing the old material round retains rejected status, original UUID and exact scope after a new plan appears (2.794917ms)
✔ a later same-payload attempt can become uncertain again without changing its UUID or duplicating notices (1.517125ms)
✔ editing a rejected payload starts a new operation and does not carry the old rejection (1.232958ms)
✔ a late rejection records only its old operation and never replaces another page editor or adds a notice there (0.924583ms)
✔ a late rejection cannot overwrite a newer pending submission from another tab (1.730541ms)
✔ failure to persist the rejection keeps it in the same exact session without replacing the unique editor (1.393375ms)
✔ incomplete JSON retains HTTP 409 and distinguishes explicit rejection from an unconfirmed successful or failing response (1.060958ms)
✔ incomplete JSON retains HTTP 201 and distinguishes explicit rejection from an unconfirmed successful or failing response (1.009541ms)
✔ incomplete JSON retains HTTP 503 and distinguishes explicit rejection from an unconfirmed successful or failing response (1.102667ms)
✔ a pending storage read failure after HTTP 409 keeps the original refusal visible and does not reject the save callback (1.229541ms)
✔ another tab's same-operation attempt expires the old rejection, including quota fallback (false) (1.590084ms)
✔ another tab's same-operation attempt expires the old rejection, including quota fallback (true) (1.743167ms)
✔ a late 409 cannot overwrite another tab retry of the same UUID and payload (1.467666ms)
✔ unanchored whole manuscript shows sections, text, original image and caption once, with existing zoom (4.665167ms)
✔ anchored excerpt and whole manuscript do not display duplicate batches; repeated toggles do not append again (0.626291ms)
✔ pure text and source images remain readable; invalid local image never falls back (0.472125ms)
✔ late success cannot replace another step, opinion, reopened dialog or manuscript (4.779875ms)
✔ late failure cannot replace another step, opinion, reopened dialog or manuscript (3.702833ms)
✔ current read failure is visible and exact URL never requests latest (0.821ms)
✔ story.sources: draft storage failure preserves the actual editor, unique input and feedback choice (5.994875ms)
✔ story.sources: submission storage failure preserves the actual editor, unique input and feedback choice (1.439791ms)
✔ story.outline: draft storage failure preserves the actual editor, unique input and feedback choice (1.703083ms)
✔ story.outline: submission storage failure preserves the actual editor, unique input and feedback choice (1.92525ms)
✔ materials.workspace: draft storage failure preserves the actual editor, unique input and feedback choice (1.71925ms)
✔ materials.workspace: submission storage failure preserves the actual editor, unique input and feedback choice (1.048417ms)
✔ material card pointerdown removes an unanchored editor and retains both exact drafts (4.089458ms)
✔ material card focusin removes an unanchored editor and retains both exact drafts (2.76925ms)
✔ story.sources: first failed request adds one pending notice without replacing the real editor (1.6935ms)
✔ materials.workspace: first failed request adds one pending notice without replacing the real editor (1.306125ms)
✔ late failed request does not add its notice to another real editor (1.144959ms)
✔ story.sources: acknowledged retry removes the real editor even when refresh finds identical comments (10.883875ms)
✔ story.outline: acknowledged retry removes the real editor even when refresh finds identical comments (1.168666ms)
✔ acknowledged retry with unchanged comments never removes a newer page editor (0.964459ms)
✔ a delayed comment refresh cannot restore an older comment after a newer refresh (1.043959ms)
✔ different-block omission preserves both selected passages in one opinion (2.001291ms)
✔ same-block omissions and reordered passages retain reading order (0.189416ms)
✔ a genuine continuous selection keeps the historical single-range format (0.094458ms)
✔ Unicode boundaries, invalid mappings and overlapping passages cannot produce a quote (0.089292ms)
✔ production locator checks all selected passages without requiring hidden middle blocks (0.350625ms)
✔ returning to a draft keeps the composed reader for continuous or segmented visible ranges (0.189125ms)
✔ same-form input written after submit survives and the next operation uses the confirmed version (7.557833ms)
✔ saving PROJECT preserves an unsaved SYSTEM field and the visible group (1.694291ms)
✔ a returned page owns its new form and a late old save never rebases that form (2.1025ms)
✔ a confirmed PATCH and failed GET cannot be mislabeled unsaved or repeated unchanged (1.50225ms)
✔ unknown PATCH retains its exact operation and a retry first recognizes committed configuration (1.10825ms)
✔ a known absent write retries the original version and payload only after explicit submit (1.7055ms)
✔ a different or later configuration never authorizes overwriting with a higher version (1.14825ms)
✔ same form cannot double submit, and an old read cannot roll back a newer saved scope (2.103208ms)
✔ favicon upload and clear retain save locking and unsaved icon selection (2.412417ms)
✔ navigation during unknown-result lookup never posts again or changes the new form (2.038625ms)
✔ HTTP 409 is a known rejected write, keeps the old version and live input, and never reads back as unknown (2.151375ms)
✔ HTTP 400 preserves input and accepts an explicit corrected operation at the original version (1.799042ms)
✔ known rejection after an absent-write readback clears pending status without raising the version (1.484041ms)
✔ HTTP 503 can still be a lost success and uses the original exact readback comparison (1.071125ms)
✔ a late HTTP 409 never labels or reconstructs a newly opened configuration form (0.898083ms)
✔ workspace remount preserves both live configuration forms and unsubmitted input (0.719209ms)
✔ refresh restores unsubmitted fields with their original base and cannot adopt a concurrent version (1.826ms)
✔ refresh retains an unknown operation and recognizes its exact committed result before another PATCH (1.475083ms)
✔ a successful save finishing while another workspace is open leaves the retained form usable (1.97525ms)
✔ refresh retains an intentionally empty unsaved numeric input instead of inventing zero (1.476708ms)
✔ invalid context values reject before PATCH while the icon and sibling input remain intact (2.426125ms)
✔ file cancellation and upload rejection never change saved or pending selection (1.865583ms)
✔ deferred configuration loads choices once and cannot remount a page after leaving it (1.19225ms)
✔ new publication removes old persistence only for this environment; an old open tab cannot use it (2.340959ms)
✔ requests and local resources use the prefix once, with an exact publication header (0.788333ms)
✔ direction confirmed POST and failed GET remain saved, close the form and never resend the old snapshot (2.289375ms)
✔ direction unknown result stays explicit, retains original version and prevents automatic or blind repeated writes (0.6705ms)
✔ cancelled direction success names the original choice without reading or rendering behind a newer page (0.613958ms)
✔ direction failure after cancellation or navigation cannot show an error on a newer page (1.764209ms)
✔ direction refresh cannot replace a new structure snapshot, revision, workspace or reader (5.95ms)
✔ direction normal success uses the returned snapshot once and preserves the original selection version (0.881167ms)
✔ a dialog whose original reader has been replaced cannot start a new direction write (0.48025ms)
✔ comparison uses identity only inside selected composition, including a moved parent (2.371125ms)
✔ multi-parent reuse is ambiguous until user chooses an exact parent in navigation (1.320625ms)
✔ edition change cannot reuse a scene from another edition even when every child is identical (0.700625ms)
✔ return to a mounted edition reads its composition when an intermediate directory already advanced (1.434334ms)
✔ browsing an older material plan keeps the current entity scope available and posts only that scope (11.1395ms)
✔ a retained frozen material call does not replace or disable current entity acceptance (2.10325ms)
✔ each state restores its material choice while historical entity and state sections stay read-only (3.692666ms)
✔ accept, revoke and reaccept retain exact scope and optimistic version semantics (6.765666ms)
✔ incomplete preparation still posts content acceptance without claiming generation readiness (1.837875ms)
✔ a queued callback cannot accept a newly historical entity, another reader or another workspace (6.155584ms)
✔ entity save keeps one request across double invocation and rerender, and distinguishes its actual refresh failure (5.021875ms)
✔ entity unknown result retains the exact version, blocks blind resend and does not claim success (3.329958ms)
✔ entity late writes never reload a new entity, workspace or replaced local reader (12.799416ms)
✔ entity own refresh failure stays quiet after a new actual detail read takes ownership (3.941208ms)
✔ entity decision reload retains the chosen material version and candidate (7.252459ms)
✔ [defect-probing] early close still refreshes its live list for accept and revoke (5.794875ms)
✔ [defect-probing] a failed own detail read does not suppress the saved list update (1.900583ms)
✔ late entity success cannot call the replacement page list refresher (2.606708ms)
✔ detail reads crossing a successful entity decision recheck once without resending the write (2.59875ms)
✔ unrelated decisions do not invalidate another entity read and repeated changes are bounded (1.840333ms)
✔ failed or conflicting entity writes retain scope and never refresh or retry (4.65575ms)
✔ [defect-probing] late old index response cannot overwrite a newer decision projection (9.494042ms)
✔ refresh uses current search and acceptance filters and preserves or clamps pagination (2.5605ms)
✔ list refresh is inert after leaving and returning to a newer page lifecycle (0.985167ms)
✔ saved decision plus index read failure stays explicit and its retry only reads the index (1.244125ms)
✔ actual settings load preserves exact older asset and real round while active entity remains current (9.878583ms)
✔ withdrawn entity and omitted state retain their exact old materials after refresh (2.458292ms)
✔ actual round change serializes card identity and reload restores that real round (2.856916ms)
✔ accurate historical CALL is restored with its material scope, not a different latest call (1.68575ms)
✔ shared exact member restores the explicitly named card and round rather than the first card (1.920333ms)
✔ wrong owner, wrong explicit card and unavailable round never silently change the requested URL (8.303375ms)
✔ unrelated external record kinds remain outside settings and cannot become an entity material (1.811208ms)
✔ legacy exact media without material rounds remains readable without fabricating a version (2.32775ms)
✔ late entity route response cannot override a newer record or workspace (8.091625ms)
✔ same asset present in two rounds keeps the explicit round and immutable API data (2.056042ms)
✔ historical same-object asset renders its exact original, without inheriting newer crop or range (3.014125ms)
✔ explicitly switching to another state clears the previous card and round URL context (9.153916ms)
✔ clicking the selected state from its material preserves its exact version, live draft and reading node (1.614458ms)
✔ actual unassigned renderer respects a verified second shared card in both empty/result directions (6.467875ms)
✔ foreign or no-longer-member card memory cannot redirect unassigned material rendering (3.949833ms)
✔ legacy CALL uses the actual media context and keeps its exact comment target without invented rounds (2.359666ms)
✔ empty current round restores its visible retained card on reload without showing previous results (1.906ms)
✔ an associated empty card does not open unrelated unassigned media (1.984125ms)
✔ review notes keep exact text and field index without mutating immutable payloads (7.021792ms)
✔ generation parameters retain server numeric spelling for exact comment offsets (1.031334ms)
✔ switching one version back to current cannot accept another still historical section (0.9075ms)
✔ whole-entity content remains constant when selecting a different form or comment target (7.020916ms)
✔ an explicit historical state stays exact and flags the card; normal refresh follows current content (1.630417ms)
✔ comments aggregate exact references and switching focus does not narrow them (0.930875ms)
✔ a delayed aggregate cannot overwrite a newer selection (1.165584ms)
✔ old workflow URLs return to current content without a separate state option (1.354167ms)
✔ earlier revision opinions remain in the entity panel (1.363833ms)
✔ locating a current opinion resets an earlier historical state context (1.902792ms)
✔ state media excludes entity-only candidates, other states and other revisions (0.87475ms)
✔ several materials can describe one state and reuse requires explicit coverage for each state (1.403708ms)
✔ unassigned media comments open their separate area without changing the selected state (1.390667ms)
✔ mapped media comments select their state; historical unlinked media stays separate (1.027ms)
✔ a time opinion outside current coverage opens its original file separately (1.654375ms)
✔ an original linked only by review_state locates its exact historical state without claiming coverage (1.23725ms)
✔ CALL location reuses the retained exact original and its full inputs, without adding a second call (1.327416ms)
✔ independent CALL remains readable when no exact original card exists (1.370084ms)
✔ time location checks exact revision, file and unclipped range before touching a player (0.973834ms)
✔ refreshing a media comment keeps the explicitly selected state (1.577125ms)
✔ fresh entity link keeps its explicit state without a redundant owner parameter (1.072167ms)
✔ withdrawn exact page preserves content and originals but removes completion cues and follows exact merge references (11.025166ms)
✔ old v1 remains unchanged while a proven current withdrawal is stated separately (2.57275ms)
✔ old acceptance without the current payload does not infer withdrawal from historical or a newer head id (2.427375ms)
✔ an explicitly withdrawn historical version is not labeled as the current entity status after reactivation (2.682417ms)
✔ a withdrawn state does not fabricate withdrawal of its active entity or remove real current entity issues (2.055625ms)
✔ missing cause and destinations remain unknown; a different cached target revision cannot supply its historical title (2.457417ms)
✔ active current records retain their completion hints, original media section and acceptance callback (2.462625ms)
✔ withdrawn latest material round stays neutral while its real selector still reveals the exact old plan and both originals (11.577708ms)
✔ a withdrawn plan with an existing recipe and result retains its exact commentable fields and original (1.596334ms)
✔ an active material without a recipe or result keeps its actionable placeholder and preparation message (1.680291ms)
✔ unified material ownership uses exact scene, shot and episode numbers without rewriting stored titles or body (8.189125ms)
✔ material image labels normalize generated codes while file, crop and source record remain exact (1.63ms)
✔ reference image and its lightbox share the normalized label and exact old component (2.7235ms)
✔ legacy image projections and review renderer share display codes without mutating components (10.512916ms)
✔ generated comment groups, version accessibility labels and placeholders format positions while opinions stay intact (2.488916ms)
✔ scene material cards replace local heading codes only from an exact owning scene scope (3.162333ms)
✔ allocated object codes override local numbers while prose and excluded object titles stay literal (1.723667ms)
✔ audiovisual position labels use their independent exact allocation (1.796416ms)
✔ exact story excerpt without an optional scene heading remains readable (1.376084ms)
✔ Independent group endings consume rows and continuation retains the group (0.996292ms)
✔ All pages contain each entity or group/material identity once; width is not a pagination input (1.316833ms)
✔ All supported row sizes preserve independent four-column rows and every item (0.382834ms)
✔ lossless graph restores independent repeated trees and literal reserved-looking fields (0.448417ms)
✔ invalid and cyclic graph references fail without an expanding recursion (0.211667ms)
✔ asset index opens B in its own older round, with B media, call, text and comment target (14.331041ms)
✔ exact link opens B in its own older round, with B media, call, text and comment target (2.592834ms)
✔ the actual asset renderer defaults to its own exact candidate without relying on a URL target (7.920333ms)
✔ a deliberate round change still opens that round and allows returning to the saved exact candidate (3.769084ms)
✔ ordinary PLAN respects an exact target or defaults to a generated version (3.415584ms)
✔ explicit PLAN respects an exact target or defaults to a generated version (2.608916ms)
✔ an asset remains readable in its historical round while a newer round is preparing (3.792541ms)
✔ multiple material memberships retain the explicitly selected nonfirst card and its matching exact round (2.104208ms)
✔ a previous detail card cannot override the newly opened asset membership (1.695375ms)
✔ unified material fresh entry ignores another card's version in the caller URL (1.64ms)
✔ unified material exact reference ignores another card's version in the caller URL (2.441125ms)
✔ a lazy material list keeps the exact scope title supplied with its standalone card (2.562833ms)
✔ deduplicated asset index keeps the requested member and submits its accurate judgment (7.852625ms)
✔ deduplicated exact link keeps the requested member and submits its accurate judgment (3.238416ms)
✔ same-source switching retains each exact reader and never adopts a sibling (2.520917ms)
✔ same-source response is discarded after another card takes ownership (1.586625ms)
✔ production text selection uses the active dialog rather than a background duplicate (1.968834ms)
✔ old design demands keep their own definition without assigning another plan results to them (0.878ms)
✔ material opinion groups explain the old record without moving its comment to the current definition (1.009833ms)
✔ old demand with no recorded output remains readable and does not borrow current output text (0.633292ms)
✔ an external edit displays its actual production note without inventing an unknown model (0.524625ms)
✔ an exact review link chooses its candidate and its original call, not the first result (5.631292ms)
✔ a historical target keeps its exact revision after feedback updates the asset metadata (0.24875ms)
✔ an exact member replaces its deduplicated representative without expanding or mutating the round (0.131375ms)
✔ exact fallback cannot borrow a nonmember from another round or a different original or call (0.10225ms)
✔ exact member substitution prefers its own object and preserves other distinct candidates (0.102167ms)
✔ cards preserve exact plan candidates and do not attach an old candidate to a new recipe (0.208209ms)
✔ audio and image remain individual material cards without media-type columns (0.067208ms)
✔ CALL review uses server numeric spelling and omits only a duplicate prompt parameter (0.210958ms)
✔ older asset versions keep their card using placement context without rewriting history (0.0665ms)
✔ relationship labels changed independently of prose still have an exact anchor (0.095959ms)
✔ story references use the exact source reader and preserve scene and block limits (0.167375ms)
✔ material references retain their exact media reader; explicit evidence can cite an entity (0.083167ms)
✔ materials count current identities and show only genuine missing state demands (0.238834ms)
✔ content facets include actual calls, review conclusions and adoption through their material (0.111042ms)
✔ review workspaces have no manual-entry forms or workflow navigation (0.79025ms)
✔ block scope aggregates all live statuses and anchor kinds, excludes other blocks and versions, deduplicates (0.205125ms)
✔ effective inputs retain source order and type numbering, include exact storyline context (0.189833ms)
✔ carried text revisions keep comments inside the selected material round (0.066625ms)
✔ an exact historical candidate does not replace other real calls in the same material round (0.09ms)
✔ a preparing round owns its older results without showing duplicate current cards (0.094041ms)
✔ shared media use its associated requirement round even outside the visible state plans (0.1325ms)
✔ a pending material round keeps earlier results inside history instead of creating duplicate cards (0.084959ms)
✔ legacy audio requirements do not inherit an unrelated image card through display sorting (0.578416ms)
✔ a shared asset uses its producing requirement rounds on another state instead of database revisions (0.202625ms)
✔ missing exact file composition is reported instead of falling back to another original (0.087875ms)
✔ default round uses the largest generated version and candidate numbers survive metadata edits (0.092167ms)
▶ shared material cards read relations from the displayed exact definition or candidate
  ✔ frozen definition with no active plan (1.025ms)
  ✔ direct candidate in a frozen material (0.617917ms)
  ✔ exact old demand overrides another round definition (0.696709ms)
  ✔ preparing plan remains its own exact record (0.600042ms)
  ✔ missing frozen definition uses exact selected candidate (0.502292ms)
  ✔ standalone original uses its own identity (0.344625ms)
  ✔ frozen version without an original still uses its definition (0.3425ms)
✔ shared material cards read relations from the displayed exact definition or candidate (4.67225ms)
▶ late relation success or error cannot populate a replaced material card
  ✔ late success (1.17825ms)
  ✔ late error (0.372291ms)
✔ late relation success or error cannot populate a replaced material card (1.650083ms)
▶ original generation details preserve exact calls, missing history and reading position
  ✔ complete historical call is collapsed once without changing its context (0.46325ms)
  ✔ closing restores every enclosing scroller after layout and keeps focus visible (0.384125ms)
  ✔ open state follows exact asset and call rather than another candidate (0.416959ms)
  ✔ absent CALL stays immediately readable and is not replaced by a recipe (0.371125ms)
✔ original generation details preserve exact calls, missing history and reading position (1.808625ms)
✔ visible block number and its existing list share scope after edits, close/reopen, deletion and revision switch (1.362792ms)
✔ reference scopes use exactly the quoted revision even when an outer round has carried versions (1.598958ms)
✔ nested reference sessions return the panel and outer pending draft without borrowing material context (1.592792ms)
✔ extra material round candidates use their own image title and alt without copying the first placement (6.202708ms)
✔ an explicit label belonging to the exact second placement is retained (1.259458ms)
✔ old revisions in extra and planned rounds cannot inherit a current revision placement label (2.888667ms)
✔ late metadata retains the newest located range and never resumes playback (2.611292ms)
✔ boundary timer uses actual media time after a stall, stops before sparse timeupdate and is cleared on pause (0.961917ms)
✔ reference audition seeks and stops independently of the comment selection, then full playback starts at zero (0.728792ms)
✔ invalid, unavailable and detached reference auditions never substitute a range or resume media (0.964209ms)
✔ closed player ignores late metadata and refuses to take focus again (0.6535ms)
✔ same-duration substitute or out-of-range anchor is refused {"component_id":"preview"} (0.739625ms)
✔ same-duration substitute or out-of-range anchor is refused {"asset_file":"preview.mp3"} (0.435041ms)
✔ same-duration substitute or out-of-range anchor is refused {"end_seconds":11} (0.496667ms)
✔ a file read failure stays visible and does not advertise playback (0.52275ms)
✔ method hops and a reloaded history entry restore the exact list and its reading offsets (3.720625ms)
✔ a clean link in another tab and a different publication have no inherited production route (1.135125ms)
✔ history visits and newer explicit choices use their own return snapshot (1.398209ms)
✔ restoration preserves unrelated history state and rejects foreign deployment paths (0.454833ms)
✔ only ordinary method-link clicks are handled; exact work, external, download and modified clicks stay native (0.635667ms)
✔ an instance change on the same origin rejects a prior project return snapshot (0.381833ms)
✔ management reload takes pagination from the requested URL rather than the mounted list (1.251625ms)
✔ navigation definitions load before the application state in the real bundle order (0.695ms)
✔ each real subpage has its own complete purpose and route identity (0.415917ms)
✔ legacy entity and material routes describe the resolved subpage (0.067708ms)
✔ set failure cannot replace the live draft or its selection during comment repaint (5.755917ms)
✔ get failure cannot replace the live draft or its selection during comment repaint (1.047417ms)
✔ body write failure restores the exact source draft after leaving and returning (0.896834ms)
✔ meta write failure restores the exact source draft after leaving and returning (0.766042ms)
✔ a later successful input supersedes the failed-write fallback before leaving (0.815583ms)
✔ an older failed anchor cannot reclaim a newer active draft on return (1.080834ms)
✔ an older failed anchor cannot reclaim a newer cancelled draft on return (0.857542ms)
✔ failed-write source fallback never follows the same legacy key into another exact revision (0.765792ms)
✔ successful cancellation removes a failed-write fallback and cannot revive it on the same anchor (0.732209ms)
✔ failed explicit suggestion apply retains original text and suggestion, then successful apply replaces the fallback (1.493375ms)
✔ storage failure before suggestion success keeps the unique raw input and selection (4.36975ms)
✔ storage failure before suggestion failure keeps the unique raw input and selection (1.056917ms)
✔ reference context failure also preserves unique unsaved input (0.783333ms)
✔ preview keeps raw whitespace instead of replacing it with the trimmed request (1.05275ms)
✔ late context ignores a newer unique text (0.976875ms)
✔ late suggestion ignores a newer unique text (3.340875ms)
✔ polishComment rejects another exact revision even when source draftKey and body match (0.840917ms)
✔ previewPolish rejects another exact revision even when source draftKey and body match (1.198459ms)
✔ late suggestion failure does not repaint another source editor (1.027334ms)
✔ whitespace edited during request survives a still-matching trimmed result (0.982958ms)
✔ technical suggestion changes the draft only on explicit apply and never submits a comment (1.286375ms)
✔ storage failure does not interrupt input controls after an old polish request (1.210792ms)
✔ old polish success cannot unlock a newer request after storage failure (1.769834ms)
✔ old polish failure cannot unlock a newer request after storage failure (1.544ms)
✔ inspected snapshot is reused for submit and changed server context preserves the opinion (1.191792ms)
✔ adopting a local mocked suggestion invalidates the old reference snapshot (1.847542ms)
✔ both managers share exact scope and reject guessing a legacy source scene (3.203583ms)
✔ empty locations do not erase a valid selected scene or hide future directory children (1.431208ms)
✔ switching manager keeps filters but applies the source exact scope; returning refuses another edition (1.339125ms)
✔ a scoped material opens its unique accurate reference instead of its head (0.851708ms)
✔ a scene shared by two current editions uses an explicit parent choice (0.742459ms)
✔ reopening a historical manager URL cannot return through a stale current shot (0.659958ms)
✔ history-only readiness opens the real lazy selector and posts the chosen historical file with the original contract (7.670583ms)
✔ explicit 0-candidate scope never expands to the global inventory (1.124917ms)
✔ explicit 1-candidate scope never expands to the global inventory (0.975334ms)
✔ cancel/reopen isolates a late successful inventory from the new editor (1.616042ms)
✔ cancel/reopen isolates a late failed inventory from the new editor (2.13125ms)
✔ initial inventory cannot populate or submit after detached ownership changes (2.186291ms)
✔ initial inventory cannot populate or submit after workspace ownership changes (2.488958ms)
✔ initial inventory cannot populate or submit after read ownership changes (2.928333ms)
✔ initial inventory cannot populate or submit after load ownership changes (2.359125ms)
✔ failed or malformed inventory "network" preserves input without falling back to the page index (2.787042ms)
✔ failed or malformed inventory null preserves input without falling back to the page index (1.3585ms)
✔ failed or malformed inventory {} preserves input without falling back to the page index (1.956208ms)
✔ failed or malformed inventory [{"kind":"ASSET","payload":null}] preserves input without falling back to the page index (1.951916ms)
✔ late A response cannot replace B selection or the adopted exact revision (1.430667ms)
✔ recovery: lost response recognizes only the exact created or updated head (2.323125ms)
✔ recovery: another id, content, or later head cannot be called this saved request (3.390459ms)
✔ recovery: a rejected write retries the original id and version without elevating it (2.819042ms)
✔ uncertain: failed readback retains the snapshot and retry first resolves it (1.061541ms)
✔ uncertain: editing after an unknown result cannot relabel the old save as new content (0.994917ms)
✔ uncertain: cancellation during readback prevents retry, reload and late errors (1.177333ms)
✔ recovery: missing or malformed current heads never authorize a stale update (1.95025ms)
✔ loading and failed replacement clear old options and cannot submit the old asset (0.962667ms)
✔ A to B to A uses the newest request even when the asset identity matches again (0.849458ms)
✔ clearing the asset cancels pending selection without issuing an empty detail query (0.835667ms)
✔ cancel then reopen isolates both late success and late failure from the new editor (1.765208ms)
✔ detached or superseded workspace editors cannot consume or submit stale details (2.715375ms)
✔ exact historical revision, component, crop, range and adoption version are preserved (1.304959ms)
✔ submit validates asset identity and component membership and prevents duplicate pending saves (1.644042ms)
✔ late failures after navigation and success or failure after cancel never redraw another editor (14.51475ms)
✔ in-flight fields and same-editor repeated save are locked to one exact request (1.887084ms)
✔ lost POST response recognizes exact created judgment and leaves actual adoption alone (1.747583ms)
✔ unknown result retries exact lookup before posting and retains the request snapshot (2.238042ms)
✔ known absent request retries the same id and exact payload; conflict can recover only that request (2.897333ms)
✔ foreign payload, wrong id or later version is never adopted as this saved judgment (6.69025ms)
✔ changed input after unknown result cannot describe the old saved request as new input (1.893416ms)
✔ cancel while reading an unknown save prevents a repeated POST and any new-editor mutation (1.680917ms)
✔ download labels use the exact readiness scope, including kind-less screenplay snapshots (5.093833ms)
✔ judgment refresh reports a failed exact section read without reloading the detail (9.410875ms)
✔ judgment refresh cannot report its old failure after a real new read or workspace takes over (4.991208ms)
✔ list load failure replaces its own loading message and keeps the error for the save caller (1.34975ms)
✔ a failed list load cannot replace newer loading, another detail read or another workspace (3.54725ms)
✔ saved judgment never invokes the old full-list refresh or destroys its reader (1.8945ms)
✔ material judgments and title-only decisions retain their established workspace ownership (1.987333ms)
✔ a late change-history read cannot add a route after leaving its originating workspace (0.857792ms)
✔ existing change conclusion opens recorded fields and updates the same ID at its exact version (1.512583ms)
✔ lost response on an updated conclusion recognizes expected version plus one, not only version one (1.66925ms)
✔ a stale window keeps its version and unique input on 409 without misreporting unknown outcome (1.584542ms)
✔ first-create uniqueness rejection remains a conflict even when that attempted ID is absent or lookup fails (2.73925ms)
✔ legacy consolidation shows original statements and references every exact head in the explicit save (1.436ms)
✔ revising a consolidated conclusion preserves its exact legacy references and version (2.31425ms)
✔ readiness keeps a cleared change editable through its existing exact-version details (2.187041ms)
✔ a newly saved uncached judgment history opens the exact generic record instead of a source-only popup (1.37275ms)
✔ a definitive first 409 never adopts another window identical payload and stays rejected on retry (2.006291ms)
✔ a definitive 400 permits corrected input with original optimistic version and no unknown-outcome claim (0.948709ms)
✔ generic judgment history displays each exact change action in the existing conclusion field (1.260417ms)
✔ a rejected retry of an earlier unknown operation preserves that earlier uncertainty until exact recovery (1.025417ms)
✔ exact image region starts from a removed polygon in inline reader (2.730125ms)
✔ exact image region starts from a removed polygon in modal reader (0.719959ms)
✔ modal image late pointerup after workspace cannot write a different review context (0.432709ms)
✔ modal image late pointerup after revision cannot write a different review context (0.386042ms)
✔ modal image late pointerup after modal-close cannot write a different review context (0.328167ms)
✔ modal image late pointerup after modal-replace cannot write a different review context (0.298167ms)
✔ modal image late pointerup after stage-detach cannot write a different review context (0.668ms)
✔ in-flight judgment locks fields and one form cannot create two opposing operations (11.355458ms)
✔ the original target is frozen even when another comment focus changes the selected record (1.982917ms)
✔ canceled or navigated saves do not reload a newer view or report old failures there (6.615791ms)
✔ a queued detached editor cannot send a new judgment (1.010292ms)
✔ lost response recognizes only exact id, first version and complete payload (1.432542ms)
✔ unknown result is checked before retry and never allocates another id merely for a missing response (2.427667ms)
✔ explicit unchanged retry uses the exact original id and version; 409 can recover only that same save (2.389667ms)
✔ different id, later version or another payload cannot be called this successful judgment (3.997042ms)
✔ edited reason after an uncertain save is not silently consumed by confirmation of the old payload (1.7905ms)
✔ cancel during an uncertain read prevents a stale retry and preserves the next editor (1.299292ms)
✔ known saved judgment and later section refresh failure are separate outcomes with no second POST (1.402708ms)
✔ a refresh failure after another record takes over does not report an error on that record (1.152333ms)
✔ [defect-probing] returning during an uncertain save unlocks the current form when that attempt ends (1.067167ms)
✔ withdrawn entities and states leave current lists without deleting historical rows (4.921583ms)
✔ shared and state-only settings appear under each owner exactly once; project settings stay unowned (1.654ms)
✔ old state links keep exact state and entity identity, without replacing the selected target with the entity (1.393625ms)
✔ shared entity card retains an exact older revision even without legacy history flags (0.808709ms)
✔ historical representation resolves the referenced state, not its newer parent (1.191834ms)
✔ a slow historical ownership lookup cannot replace a newer selection (1.331333ms)
✔ legacy fragments do not count as current complete forms but keep their owner (1.105333ms)
✔ record navigation keeps visual and accessible selection on the exact displayed object (1.382542ms)
✔ a late record response cannot move either selection marker from the newer record (1.0845ms)
✔ opening an entity shows its basic information and defaults to the earliest complete state (6.580209ms)
✔ entity history and review focus keep the selected state and separate exact comment targets (1.143083ms)
✔ a slow entity overview lookup cannot overwrite a newer entity and its default state (1.418834ms)
✔ an entity with only historical partial states stays readable without inventing a default form (0.930834ms)
✔ historical call references still navigate to their exact detail after removal from material list facets (0.842334ms)
✔ departed directory success cannot replace the entity page or its exact review target (5.118792ms)
✔ departed directory failure cannot replace the entity page or its exact review target (1.087791ms)
✔ departed scene success cannot commit or restore a review after A to B to A (0.943459ms)
✔ departed scene failure cannot commit or restore a review after A to B to A (1.213667ms)
✔ A to B to A rejects an older directory even after the new A directory commits (1.46275ms)
✔ current directory failure remains visible and a new navigation can recover (0.875333ms)
✔ a current scene still commits its exact route and review context (1.159875ms)
✔ late entity failure cannot replace a newer entity directory (0.748041ms)
✔ a completed workspace load cannot restore position after a newer scene load (5.153209ms)
✔ missing required input keeps the original disabled button and required summary (5.408209ms)
✔ unselected optional input and optional quality warnings stay downloadable (2.483708ms)
✔ broken optional original disables only download and gives one precise reason (1.499625ms)
✔ historical dependency failure is explained while unrelated optional warnings remain visible (1.174625ms)
✔ legacy API responses retain their existing required-input behavior (1.309791ms)
✔ download still calls the package endpoint and reports a later validation failure (1.795917ms)
✔ actual detail renderer displays exact old dependency names while links retain old revisions (6.838541ms)
✔ explicit placement labels and exact media component/crop/range are unchanged (1.747416ms)
✔ SOURCE scene/block references keep their existing material-reference path and exact title (0.859709ms)
✔ episode and whole screenplay references keep exact existing routes and titles (1.159459ms)
✔ details with different projections do not install global name caches or issue lookup requests (0.883792ms)
✔ displayed dependency and source labels normalize location codes while exact records stay unchanged (0.866416ms)
✔ typed entity relation opens its exact shared card without a production index (1.860583ms)
✔ exact visible card wins over hidden duplicates and another object with the same block name (3.632ms)
✔ a hidden same-block child cannot supply the selected character range (0.896834ms)
✔ continuous paragraphs paint both ends; valid single-block legacy ranges omit end_block_id (0.732584ms)
✔ segmented opinions paint only their exact passages, including reordered same-block ranges (1.217875ms)
✔ continuous segmented Prompt highlights actual paragraphs; omitted gaps require full Prompt (0.556375ms)
✔ invalid old character ranges get a block cue without inventing a quoted selection (0.3885ms)
✔ native saved text anchors without an explicit type remain exact after reopening (0.623916ms)
✔ inline scene action uses the visible production view without a standalone production reader (0.867834ms)
✔ inline reference links retain their identity and handlers across repeated paints (1.157542ms)
✔ names keep allocated identity, remove only legacy shot prefixes and retain content (4.727584ms)
✔ displayed code search is exact and normalized, Chinese aliases remain searchable (1.443083ms)
✔ identity lookup shows one material with every real use; location browsing preserves groups (0.9745ms)
✔ failed exact history read restores the selector to the still-current design (1.054791ms)
✔ explicit unknown screenplay version, episode and scene refuse defaults; ordinary entry selects a valid scene (0.9965ms)
✔ late version response cannot replace a newer choice or a closed nested reader (0.935625ms)
✔ no source clears stale reader headings and explains the next content step (6.994583ms)
✔ no direction has no impossible selection instructions; existing candidates remain selectable (1.774667ms)
✔ selected direction without a manuscript uses its real title and no empty version or comment legend (1.997958ms)
✔ story.sources: absent exact target hides both triggers and closes an empty panel (1.7995ms)
✔ story.outline: absent exact target hides both triggers and closes an empty panel (0.999125ms)
✔ story.script: absent exact target hides both triggers and closes an empty panel (1.667791ms)
✔ materials.workspace: absent exact target hides both triggers and closes an empty panel (1.217625ms)
✔ story.sources: an exact target with zero comments keeps the shared entry (1.38875ms)
✔ story.outline: an exact target with zero comments keeps the shared entry (1.456333ms)
✔ story.script: an exact target with zero comments keeps the shared entry (1.236667ms)
✔ materials.workspace: an exact target with zero comments keeps the shared entry (1.63625ms)
✔ unknown structure revision has no target; a historical revision retains historical pending comments (1.436125ms)
✔ story.sources text: collapse and existing toggle reopen the exact draft without clearing pending metadata (2.165333ms)
✔ story.sources visual: collapse and existing toggle reopen the exact draft without clearing pending metadata (1.766209ms)
✔ story.sources region: collapse and existing toggle reopen the exact draft without clearing pending metadata (1.791792ms)
✔ story.outline region: collapse and existing toggle reopen the exact draft without clearing pending metadata (1.861375ms)
✔ story.script text: collapse and existing toggle reopen the exact draft without clearing pending metadata (2.252917ms)
✔ materials.workspace global: collapse and existing toggle reopen the exact draft without clearing pending metadata (1.453792ms)
✔ collapse retains edit identity; cancel still drops only the current draft and pending copy (11.640583ms)
✔ busy submission keeps collapse disabled (1.505125ms)
✔ source visual locator uses the actual source renderer and ignores a same-id visual elsewhere (1.611458ms)
✔ source region locator uses the actual source renderer and ignores a same-id visual elsewhere (1.681583ms)
✔ source text locator retains the exact selected text mark (1.072459ms)
✔ source legacy text locator retains the exact selected text mark (0.923708ms)
✔ source visual locator rejects different source without selecting another image (0.90575ms)
✔ source visual locator rejects different workspace without selecting another image (1.111583ms)
✔ source visual locator rejects different revision without selecting another image (1.268833ms)
✔ source visual locator rejects missing asset without selecting another image (1.041333ms)
✔ source visual locator rejects different file without selecting another image (1.505875ms)
✔ source visual locator rejects invalid image without selecting another image (1.010791ms)
✔ storage failure: reader toggle preserves unique DOM input with scope reset false (1.181833ms)
✔ storage failure: reader toggle preserves unique DOM input with scope reset true (1.723833ms)
✔ reader toggle never copies another exact target editor into a new source or revision (3.116292ms)
✔ scope reset preserves a live plan comment draft when storage has failed (1.409375ms)
✔ structure reread and revision return retain independent scroll positions and exact document targets (2.3705ms)
✔ reference reads exact judgments without preparation prose without opening an editor or duplicating the same-original link (14.622ms)
✔ closing and opening another reference cannot receive the first late object or judgment (2.029583ms)
✔ missing exact component and failed judgment read stay explicit without fallback or false no-judgment result (1.56125ms)
✔ read-only conflicts and revocations use the shared projection; normal full cards retain editing (0.755ms)
✔ current use opinions name their exact relationship and retain historical revision distinction (1.476167ms)
✔ editing or locating a use opinion preserves its current card instead of treating it as an entity section (0.982084ms)
✔ material comment aggregation retains use opinions on their original revision (1.177583ms)
✔ zoom and resize preserve the chosen logical center, including centered overview offsets (0.393667ms)
✔ node selection covers all displayed direct edges; an edge selects its exact identity (0.430583ms)
✔ curve direction reverses the real endpoints and contains smooth curves (0.153125ms)
✔ [defect-probing] saving away from a material invalidates its cached judgments on return (3.192166ms)
✔ quota in metadata keeps actual selection editor usable; comment save still requires durable body and request identity (8.194083ms)
✔ SecurityError during restore does not leave B target behind A reader or URL (1.735166ms)
✔ invalid JSON cleanup available preserves actual episode navigation and unrelated draft (1.753083ms)
✔ invalid JSON cleanup unavailable preserves actual episode navigation and unrelated draft (1.839125ms)
✔ exact episode revision restores its prior anchor and body after visiting another episode (2.667833ms)
✔ edit metadata still requires an existing comment on that exact episode revision (2.795375ms)
✔ new revision never restores another episode revision metadata (0.9645ms)
✔ failed metadata removal does not throw or alter body/pending identity (1.381292ms)
✔ normal cancel still clears only current body and metadata through actual callback (1.705167ms)
✔ same scene, episode and version clicks preserve the live editor and reading position (1.664916ms)
✔ scene positions restore by exact episode revision and scene without crossing versions (2.129375ms)
✔ clicking the active episode or version leaves a later scene selected (3.518542ms)
✔ authored reading requires exact companions and keeps original Unicode offsets (4.864459ms)
✔ an omitted or cross-block draft restores the original reading instead of rebinding it (1.374334ms)
✔ same choices read once, but distinct original anchors remain on their own fields (2.5435ms)
✔ independent purpose, performance, framing and movement stay complete, including substrings (0.95925ms)
✔ near or whitespace-different expressions are not declared identical (0.693917ms)
✔ common conditions use only all exact displayed children; changed coverage never folds (1.17875ms)
✔ common and original scene values are separately accessible without changing shot values (1.181083ms)
✔ locating omitted duplicate opens its exact source without moving the anchor (1.803459ms)
✔ same spoken words remain repeated events, while explicit ambience can be shared (1.041959ms)
✔ spoken content matching a background or editing line is never hidden by those roles (0.88775ms)
✔ Prompt comments prefer a containing exact excerpt and reveal full text for older technical ranges (1.257083ms)
✔ restoring a technical Prompt draft opens its full exact surface instead of an unrelated excerpt (0.695792ms)
▶ inline file handoffs keep exact originals and requirements outside technical records
  ✔ project with original (0.682167ms)
  ✔ project awaiting original (0.479ms)
  ✔ document with original (0.824917ms)
  ✔ document awaiting original (0.552125ms)
✔ inline file handoffs keep exact originals and requirements outside technical records (2.782042ms)
✔ inline candidate repaint restores only the displayed exact handoff draft (0.832666ms)
✔ selected current reference carries the consolidation baseline to the shared exact reader (5.051083ms)
✔ audition follows saved and unsaved reference fields, discard restores them, and comment selection has no write (2.035458ms)
✔ invalid reference audition is refused without saving or changing the user numbers (0.707125ms)
✔ another material version sharing a candidate does not inherit the saved range (0.654334ms)
✔ saving releases busy and another range edit is unsaved and can be submitted (0.931959ms)
✔ a save receipt advances the exact consumer revision and slot for the next operation (0.708041ms)
✔ a saved selection is compared by values independently of database JSON key order (0.503083ms)
✔ unchanged browsing has no write; discard restores persisted range rather than an earlier draft (0.536416ms)
✔ failed save retains exact fields and retries the same operation without a second id (0.646875ms)
✔ empty enabled fields fail before the request; unchecked range controls remain disabled (0.640875ms)
✔ typing during save keeps the newer unsaved range when the earlier receipt arrives (0.670709ms)
✔ candidate and component drafts are separate; a late save updates only the active view state (0.726208ms)
✔ frozen save receipt carries the new plan and remapped active input index into the next edit (1.061958ms)
✔ close during save does not change another reference card, and refresh requires the original page (1.043792ms)
✔ a closed reference waits for a different open reader before refreshing the consumer (0.498959ms)
✔ shot sound projection preserves original indices, repeated text and source bytes without exposing source actions (3.873125ms)
✔ visible sound fragments use their exact projected anchors inside the same shared comment surface (1.93725ms)
✔ same-dialog full text keeps original citation, exact URL, draft ownership and excerpt scroll (2.663584ms)
✔ complete scene and existing full-scene paths add no redundant action or false gap (1.548875ms)
✔ ambiguous block-only citation explains unavailable context without guessing (0.582125ms)
✔ initial late success after close cannot change a newer source or focus (0.526166ms)
✔ initial late failure after close cannot change a newer source or focus (0.422708ms)
✔ full late success after close cannot change a newer source or focus (0.849333ms)
✔ full late failure after close cannot change a newer source or focus (0.647167ms)
✔ current full read failure leaves readable excerpt and an explicit retry (0.729084ms)
✔ real chapter menu writes exact source and refresh restores after the workspace becomes visible (19.718667ms)
✔ same source back/forward restores explicit chapters and the route without a chapter returns to the document start (4.480833ms)
✔ narrow layout uses window and still restores the selected chapter (5.004ms)
✔ ordinary source selection clears chapter; cross-source chapter selection creates one complete history item (3.521083ms)
✔ invalid source or chapter cannot borrow an unrelated source block or a nonchapter block (9.426417ms)
✔ same-source chapter click and history preserve the actual editor node, anchor, edit ID, draft and busy state (4.70275ms)
✔ cross-source drafts and unconfirmed submissions remain with the original exact source (4.176542ms)
✔ pending route scroll yields to actual comment location, editor changes and rapid route changes (2.577459ms)
✔ hidden source does not scroll; cross-workspace history applies only after it is visible; manual return keeps the live position (2.73925ms)
✔ passive highlighting preserves URL; an entry without a snapshot uses its accurate chapter (2.017875ms)
✔ nonstory entry loads no story text; entering the reader restores exact chapter and loads only once (2.12425ms)
✔ late first story load cannot replace a newer workspace and parallel entries share the read (1.016708ms)
✔ failed first story read remains retryable without marking partial data ready (1.072125ms)
✔ identical source URLs restore each entry snapshot, including long-block interior and reload (5.483375ms)
✔ snapshot identity rejects a different source, revision or route and preserves other history state (3.324084ms)
✔ queued entry and ordinary tab restoration yield to the last same-URL chapter, comment or editor (4.112208ms)
✔ layout changes use verified text within the block; missing text falls back to the accurate chapter (2.1105ms)
✔ late history story-read success or failure cannot displace a newer workspace (1.597917ms)
✔ source drag uses its exact old original with none structure (4.135084ms)
✔ source drag uses its exact old original with different-id structure (1.057334ms)
✔ source drag uses its exact old original with same-id structure (1.329333ms)
✔ late source pointerup after workspace does not replace another draft or notify its context (0.619ms)
✔ late source pointerup after source does not replace another draft or notify its context (0.508625ms)
✔ late source pointerup after revision does not replace another draft or notify its context (0.479167ms)
✔ late source pointerup after detached does not replace another draft or notify its context (0.499708ms)
✔ late source pointerup after new-draft does not replace another draft or notify its context (0.505083ms)
✔ missing or mismatched source original cannot borrow a structure image with the same id (1.4415ms)
✔ unrelated pointer and too-small gesture keep the original geometry rules (1.565875ms)
✔ story.outline retains its original visual resolver (1.113375ms)
✔ materials.workspace retains its original visual resolver (0.539833ms)
✔ story.outline late pointerup after workspace cannot become a new source or revision draft (0.463709ms)
✔ story.outline late pointerup after revision cannot become a new source or revision draft (0.465459ms)
✔ story.outline late pointerup after reader cannot become a new source or revision draft (0.421083ms)
✔ story.outline late pointerup after replaced-reader cannot become a new source or revision draft (0.432625ms)
✔ materials.workspace late pointerup after workspace cannot become a new source or revision draft (0.405292ms)
✔ materials.workspace late pointerup after revision cannot become a new source or revision draft (0.647458ms)
✔ materials.workspace late pointerup after reader cannot become a new source or revision draft (1.092666ms)
✔ materials.workspace late pointerup after replaced-reader cannot become a new source or revision draft (0.812209ms)
✔ source and structure drafts return to their own exact revision across workspace changes (12.526125ms)
✔ structure revision history restores only its exact saved selection and body (1.547334ms)
✔ refreshing a source cannot replace its draft with a stored draft from the hidden screenplay (1.33325ms)
✔ history entering another script episode cannot overwrite the source draft that is being left (1.927584ms)
✔ source metadata for another revision or another target is never restored (1.53675ms)
✔ cancel removes current source metadata without discarding a structure draft (1.338167ms)
✔ a comment save completing after leaving the source does not resurrect an empty draft on return (4.148666ms)
✔ an old comment response cannot remove a newer selection draft on the same source revision (1.250083ms)
✔ an old response cannot discard a newer body at the same anchor (1.195541ms)
✔ existing source and structure comment edits keep exact comment identity and unsaved text across pages (2.078292ms)
✔ two sources with the same text anchor retain separate draft bodies through history changes (1.035625ms)
✔ actual version buttons keep selected revision through refresh in both directions (9.792916ms)
✔ selecting the same revision neither adds history nor rebuilds an active editor (2.572167ms)
✔ initial load and actual popstate distinguish ordinary default from explicit invalid target without history writes (6.2905ms)
✔ normal cross-page return preserves the last structure choice and publishes it in the URL (1.522625ms)
✔ unrelated history navigation does not reset a source editor or hidden structure choice (1.193875ms)
✔ historical comment location writes its exact revision; same target does not duplicate history (12.180625ms)
✔ cross-workspace structure comment location adds one accurate route and invalid references retain the current revision (1.25275ms)
✔ real comment rendering keeps drafts and unconfirmed payloads tied to their original revision (1.708666ms)
✔ missing structure data stays empty on initial load and history restoration (0.915584ms)
✔ response entry selects the exact old visual, opens the existing panel and reveals its comment (17.305083ms)
✔ closed historical response beyond the initial limit uses the same history panel (1.815625ms)
✔ unavailable original and invalid anchors retain their explanation without selecting the newer same-id visual (2.266542ms)
✔ a missing visual keeps the accurate old revision and existing failure explanation (1.518291ms)
✔ a chapter remains at its exact heading as delayed images expand the manuscript (1.592708ms)
✔ manual reading input cancels a pending image correction (1.923167ms)
✔ new chapter selection wins and old revision or comment focus cancels pending correction (0.981333ms)
✔ current version is revealed horizontally without moving the reader or its page (0.5115ms)
✔ a hidden or empty version strip does not change any reading position (0.461917ms)
✔ manual scene route replaces an old exact shot and clears material selection before refresh (5.264417ms)
✔ removed ownership controls cannot filter explicitly linked material identities (0.924916ms)
✔ C04 a real video image preview is used when the original itself is not an image (1.136208ms)
✔ C03 a lower card version request completing under a child card leaves its selector consistent with its content (4.167875ms)
✔ C07 an exactly repeated titled requirement description appears once in normal reading (2.723292ms)
✔ C08 locating an old output-description comment restores its original prefix and anchor identity (1.647084ms)
✔ C07 similar output descriptions retain their additional requirement text (0.903334ms)
✔ C08 a historical cross-block comment retains both exact endpoint blocks (1.080292ms)
✔ P05/C06 empty frozen video version does not borrow the current plan (1.385667ms)
✔ P05/C06 empty frozen video version shows its exact failed call (1.196625ms)
✔ D01/C06 state aliases browse the same canonical material without changing their adoption scope (7.219875ms)
✔ D06 an exact legacy alias card retains its own version number and members (1.209875ms)
✔ D06 an exact alias revision keeps historical numbering even without a selected comment card (1.067625ms)
✔ D01 a shared material owned by another entity still uses its canonical card (1.451208ms)
✔ D01 state-specific default adoption does not leak through a cached shared candidate (2.002875ms)
✔ D04/C08 a displayed exact definition source submits comment context for its frozen version (1.16375ms)
✔ D04/C08 refreshing an exact definition-source target is accepted without making it a candidate (1.104875ms)
✔ D04/C08 an entity route can locate the exact frozen definition source outside old members (1.567125ms)
✔ C07 demand entry keeps a preview choice per exact candidate revision (1.409583ms)
✔ C07 asset entry keeps a preview choice per exact candidate revision (1.261541ms)
✔ C08 locating a preview comment records only its exact candidate component (1.195458ms)
✔ C09 an exact asset reader offers adoption only for its matching material requirement (0.856541ms)
✔ C09 material adoption forwards its exact candidates even without global asset rows (1.183291ms)
✔ C08 returning to a normal material card restores its exact asset draft focus and image anchor (2.244417ms)
✔ C08 saved asset draft focus never overrides explicit requirement or material-version links (4.1735ms)
✔ C08 a removed draft or an exact-reference entry cannot revive a prior asset draft focus (2.376041ms)
✔ C08 saved asset draft focus cannot cross its material version or surviving membership (2.454083ms)
✔ an exact entity relation is readable in settings without admitting adoption relations (7.502459ms)
✔ shared candidates use the chosen material round number in both small and large cards (2.287375ms)
✔ complete cards on every story page own exact comments and drafts until parent restoration (4.760792ms)
✔ story-hosted complete cards locate production comments and select only their exact text surface (1.681833ms)
✔ current version defaults to its latest candidate without changing adoption or selected components (6.160958ms)
✔ without adoption the newest result wins independently of object ID or array order (1.368334ms)
✔ adoption from another state with the same slot does not select this requirement candidate (1.039834ms)
✔ the entity material renderer uses the candidate original and preserves adopted alternate-file metadata (2.60675ms)
✔ a preparing current version never borrows its historical adopted result (1.288417ms)
✔ ordinary demand cards choose the last generated version while exact and manual targets retain the empty version (1.560666ms)
✔ an explicit invalid version 999 is rejected without changing the URL (1.273416ms)
✔ an explicit invalid version not-a-version is rejected without changing the URL (1.23025ms)
✔ an explicit invalid version 0 is rejected without changing the URL (1.544625ms)
✔ an explicit unknown material identity is rejected even without a numeric version (1.021042ms)
✔ an explicit candidate must belong to the named material version (1.166417ms)
✔ a material requirement URL restores its requested older candidate inside the owning entity card (1.682ms)
✔ same-entity version responses cannot replace a newer choice when they arrive out of order (4.931709ms)
✔ a response to a detached entity version control cannot restore its obsolete selection (2.328959ms)
✔ editing a carried exact text in one material version is not restored into another version (1.340167ms)
✔ a pending modal read cannot reactivate its card after browser navigation changes workspace (1.250667ms)
✔ closing an obsolete modal cannot restore its saved reader or URL over newer navigation (1.131625ms)
✔ closing during a second reference save waits for that response instead of refreshing the earlier receipt (2.523084ms)
✔ saving the restored outer draft cannot overwrite a closed modal draft (1.222667ms)
✔ an exact historical shot link preserves its requested revision in the all-shot scene reader (1.954125ms)
✔ an exact earlier preparation revision keeps its own requirements, prompt and comment targets without editing the latest plan (6.632083ms)
✔ ordinary preparation entry still shows the editable current plan (1.315917ms)
✔ exact current preparation entry still shows the editable current plan (1.044ms)
✔ an earlier demand reads its original definition separately without rewriting a frozen material version (1.078584ms)
✔ a frozen definition source outside the member list remains a requirement without creating an editable recipe (1.25825ms)
✔ locating an older demand in a frozen empty version reads its own requirements and recipe without saving controls (0.983584ms)
✔ returning from another material version leaves an old explicit preparation link and reads that version normally (1.283ms)
✔ a non-entity demand defaults to the latest candidate original without copying adoption range (1.288083ms)
✔ switching a non-entity demand to an older version picks that version newest result and comment scope (1.236167ms)
✔ switching a non-entity demand to an empty version keeps its plan and never borrows an adopted historical file (1.291834ms)
✔ selecting a non-entity candidate focuses its exact revision without changing the material comment version (1.345541ms)
✔ an explicit non-entity file choice can replace the adopted default without reverting on repaint (1.293166ms)
✔ media comments require the exact candidate, file component and material version together (1.29575ms)
✔ entity reload inside a shared dialog preserves its history marker until button closes it (1.439125ms)
✔ entity reload inside a shared dialog preserves its history marker until Escape closes it (1.114708ms)
✔ shared image gesture captures the exact old image target after real production focus changes from a newer revision (1.983708ms)
✔ late image pointerup cannot replace the newer revision comment draft after a real focus change (1.086875ms)
✔ actual unified dialog close restores the outer revision and draft before a late inner image pointerup (1.247375ms)
✔ an exact withdrawn entity material remains readable outside the active entity list (1.088375ms)
✔ a withdrawn entity without an exact revision cannot repopulate an empty active filter (0.973584ms)
✔ an exact withdrawn entity response still loses to a newer filter request epoch (0.9345ms)
✔ UX010 entity selection synchronizes both markers while exact historical targets retain their owner (1.778666ms)
✔ UX010 failed record read preserves completed reader and selection (1.47075ms)
✔ UX010 failed aggregate read preserves completed reader and selection (1.021459ms)
✔ UX010 stale record success cannot replace newer reader or either marker (2.641834ms)
✔ UX010 stale aggregate success cannot replace newer reader or either marker (1.176167ms)
✔ UX010 modal entity refresh does not alter the outer list and closing restores its reader (1.53275ms)
✔ UX010 modal refresh completing after close cannot overwrite the restored outer context (1.194917ms)
✔ UX010 outer refresh completing after a modal opens cannot overwrite the inner context (1.104167ms)
✔ shared requirement cards prefer their actual identity over an earlier legacy alias (0.93375ms)
✔ an exact shared alias retains its own round and members inside the unified card (1.503416ms)
✔ existing originals precede grouped downstream decisions without changing exact use edges (12.572875ms)
✔ 5.3/5.8 expanding a second left group retains one selected material and paints the right once (2.2555ms)
✔ 5.4 entity material exposes all files and renders the explicitly chosen component (2.397416ms)
✔ 5.6/C.3 historical CALL keeps its generic exact reader rather than becoming an asset (1.883084ms)
✔ 5.6/C.3 historical JUDGMENT keeps its generic exact reader rather than becoming an asset (1.096417ms)
✔ 10.2/10.4 selected generated video renders actual prompt and exact references without changing text (2.232708ms)
✔ 10.4 candidate without a real call reports the gap and never fills it from the plan (0.99225ms)
✔ video prompt links keep the deployment prefix and exact old revision (1.558166ms)
✔ video defaults to latest empty version and exact manual old version retains its actual prompt (1.490334ms)
✔ 10.1/10.4 row material opens the exact video version and candidate chosen beside its prompt (5.094ms)
✔ management does not open a default large card; exact demand links open a modal (4.834917ms)
✔ historical candidate opens exactly without changing the current page cards (1.33625ms)
✔ history result summaries explain D3 once while preserving an exact historical open (1.262375ms)
✔ scene cards expose each supplied generation scope without rebinding settings.workspace links (1.88875ms)
✔ scene cards expose each supplied generation scope without rebinding production.workspace links (1.336583ms)
✔ unowned demand sees a real older plan result without replacing its exact current reader (1.075875ms)
✔ unowned demand does not count placeholder as an original result (0.998667ms)
✔ unowned demand does not count preview-only as an original result (1.294958ms)
✔ unowned demand does not count call as an original result (1.021209ms)
✔ unowned exact original asset never borrows a result from another historical revision (1.033459ms)
✔ unowned exact placeholder asset never borrows a result from another historical revision (0.903042ms)
✔ unowned exact preview-only asset never borrows a result from another historical revision (1.132292ms)
✔ entity material totals remain unchanged when selecting an empty or produced version (0.963708ms)
✔ 7.3/C.2 pending entity response cannot repopulate a filter with zero matches (2.153958ms)
✔ 7.3/C.2 clearing an empty filter opens a fresh first entity and ignores the older pending response (2.774167ms)
✔ 7.3/C.2 a nonempty filter excludes a pending owner before its response can replace the new owner (2.472208ms)
✔ 5.6/7.3 exact entity material link and clearing a still-visible filter retain the requested old candidate (1.8725ms)
✔ 7.3/C.2 a previous empty entity filter does not suppress card refreshes on the breakdown page (1.818875ms)
✔ exact historical links beyond the first page open the old candidate without resetting pagination (3.255792ms)
✔ pagination changes only the group/card collection and does not automatically read another material (1.6595ms)
✔ a linked old candidate outside filters remains exact without changing unique or display counts (2.730917ms)
✔ explicit entity revision and state identity survive unified-card activation (0.966375ms)
✔ explicit state outranks a material default form and the owner reaches the exact card API (1.121958ms)
✔ shot reference browsing adds no writes and ordinary cards expose no selection operation (3.263708ms)
✔ shot reference unknown save retries keep operation identity and changed choices get a new one (1.649958ms)
✔ late save refreshes only the active page and never paints a closed dialog (2.335292ms)
✔ an empty reference version can be saved without a candidate and frozen versions explain the new plan (0.90625ms)
✔ an exact shot video candidate mismatch never falls back to another result (0.941041ms)
✔ saved reference routing waits for the modal history entry to return (0.95125ms)
✔ reference save refresh keeps the draft attached to the original immutable text (0.975625ms)
✔ flat management scope choices preserve authoritative labels and single selection linkage (1.433542ms)
✔ a deleted old V1 cannot impersonate the consolidated V1 while the retained old V3 resolves (1.89175ms)
✔ new links retain the explicit baseline and ordinary pre-migration links retain their old version (0.618875ms)
✔ four main pages use one subtab container with one selected and keyboard-focusable tab (5.0825ms)
✔ arrow and Home/End activate exact subtabs and preserve keyboard focus after rendering (0.771541ms)
✔ instance method tabs share navigation and preserve legacy routes (0.493917ms)
✔ production navigation creates one accurate route and removes old record selection (0.545875ms)
✔ old shot URLs preserve immutable location and selected input when entering the merged page (1.123458ms)
✔ configuration URL selects exact subsection on refresh and back/forward (0.4305ms)
✔ main navigation restores the last exact URL of another main page (0.470583ms)
✔ reading offsets restore by exact URL and refresh and never overwrite a different URL (0.448ms)
✔ E/S/SH labels retain existing numbers, preserve unknown IDs, and leave source strings unchanged (0.94425ms)
✔ returning to a production subpage restores its precise version/candidate and active clicks do not reload (0.68125ms)
✔ legacy episode-shot titles use both exact numbers while ambiguous chapter-local headings remain unchanged (0.448958ms)
✔ episode and scene filter labels use authoritative numbers without altering the API catalog (2.889958ms)
ℹ tests 881
ℹ suites 0
ℹ pass 881
ℹ fail 0
ℹ cancelled 0
ℹ skipped 0
ℹ todo 0
ℹ duration_ms 551.861
