test_historical_contiguous_opinion_and_object_revision_protection (test_composed_selection.ComposedSelectionTest) ... ok
test_no_envelope_gap_bad_quote_overlap_nested_range_or_invalid_unicode (test_composed_selection.ComposedSelectionTest) ... ok
test_one_opinion_lifecycle_export_restore_and_exact_unicode (test_composed_selection.ComposedSelectionTest) ... ok
test_polish_required_quote_preserves_all_passages_and_the_single_intent (test_composed_selection.ComposedSelectionTest) ... ok
test_reordered_and_same_block_omissions_are_valid (test_composed_selection.ComposedSelectionTest) ... ok
test_anchor_comment_lifecycle (test_review.ReviewTest) ... ok
test_api_key_environment_name_not_secret (test_review.ReviewTest) ... ok
test_configuration_and_ai_context (test_review.ReviewTest) ... ok
test_export_restore_and_integrity (test_review.ReviewTest) ... ok
test_external_performance_source (test_review.ReviewTest) ... ok
test_legacy_comment_migration (test_review.ReviewTest) ... ok
test_local_media_is_hashed_and_required_on_restore (test_review.ReviewTest) ... ok
test_remove_sources_cleans_exclusive_records_and_rejects_external_dependency (test_review.ReviewTest) ... ok
test_replace_source_metadata_preserves_text_and_restore (test_review.ReviewTest) ... ok
test_story_refinement_group_is_supported (test_review.ReviewTest) ... ok
test_invalid_anchors_and_direction_change (test_structure.StructureTest) ... ok
test_review_revision_and_script_handoff (test_structure.StructureTest) ... ok
test_source_image_and_explicit_broken_reference (test_structure.StructureTest) ... ok
test_comparison_requires_a_named_version_and_carries_its_boundary (test_polish_context.FocusedContextTest) ... ok
test_exact_preview_is_the_model_input_and_configuration_change_invalidates_it (test_polish_context.FocusedContextTest) ... ok
test_late_long_selection_is_never_replaced_with_the_document_opening (test_polish_context.FocusedContextTest) ... ok
test_overall_opinion_selects_relevant_structure_text_without_word_alignment_bias (test_polish_context.FocusedContextTest) ... ok
test_plain_opinion_is_grounded_only_in_the_exact_target (test_polish_context.FocusedContextTest) ... ok
test_serialized_total_counts_identity_metadata_and_escaped_text (test_polish_context.FocusedContextTest) ... ok
test_source_metadata_and_requested_background_cannot_escape_the_budget (test_polish_context.FocusedContextTest) ... ok
test_changed_original_and_unaccounted_block_fail_closed (test_review_composition.ReviewCompositionTest) ... ok
test_invalid_owner_range_or_disposition_cannot_show_partial_arrangement (test_review_composition.ReviewCompositionTest) ... ok
test_other_revision_never_inherits_arrangement (test_review_composition.ReviewCompositionTest) ... ok
test_unicode_original_offsets_and_companions_are_preserved (test_review_composition.ReviewCompositionTest) ... ok
test_actual_image_inputs_cannot_be_omitted_to_reset_lineage (test_production.ProductionTest) ... ok
test_atomic_validation_aliases_exact_sources_and_state_coexistence (test_production.ProductionTest) ... ok
test_batch_refs_and_concurrent_writers (test_production.ProductionTest) ... ok
test_completed_call_cannot_claim_an_unrelated_output (test_production.ProductionTest) ... ok
test_evidence_version_follows_the_cited_episode_instead_of_the_latest_script (test_production.ProductionTest) ... ok
test_file_tampering_and_unknown_image_ancestry_are_rejected (test_production.ProductionTest) ... ok
test_native_resolution_needs_actual_pixels_and_provenance (test_production.ProductionTest) ... ok
test_one_asset_multiple_scopes_and_change_requires_review (test_production.ProductionTest) ... ok
test_optional_slots_and_wrong_original_type_are_not_ready (test_production.ProductionTest) ... ok
test_passed_is_not_adopted_and_new_candidate_does_not_replace (test_production.ProductionTest) ... ok
test_reviewed_state_rename_keeps_exact_inputs_and_expires_on_later_change (test_production.ProductionTest) ... ok
test_revision_history_is_retained_without_false_change_alarm (test_production.ProductionTest) ... ok
test_selected_asset_must_cover_required_identity_and_state (test_production.ProductionTest) ... ok
test_source_excerpt_preserves_historical_text_and_anchor (test_production.ProductionTest) ... ok
test_state_rename_review_cannot_exempt_content_changes_or_wrong_target (test_production.ProductionTest) ... ok
test_time_comments_exact_components_ranges_and_restore (test_production.ProductionTest) ... ok

----------------------------------------------------------------------
Ran 45 tests in 4.012s

OK
