✔ horizontal directory is never pulled back while finding a link (1.153083ms)
✔ focused desktop directory is not moved by active reading updates (0.265709ms)
✔ directory scrolling does not trigger reading progress calculation (0.857666ms)
✔ partially covered anchor is rescued after scroll restoration (0.54525ms)
✔ deep saved reading position and a different route are preserved (0.361833ms)
✔ asset card totals are independent of selected version and record revision, with navigation (5.28675ms)
✔ asset list without a positive integer material round does not invent a version or empty label (3.543167ms)
✔ other production records retain their record revision label (0.962625ms)
✔ history scene and shot records use shared cards with exact global location codes (1.096709ms)
✔ episode count deduplicates comment ids, includes closed and uses exact view revisions only (1.654458ms)
✔ grouping partitions exactly the explicitly related canonical identities regardless of obsolete owner filter (0.742958ms)
✔ late scene response cannot repaint after a later selection or workspace switch (1.191166ms)
✔ same-scene navigation only reuses the reader for the same accurate material route (0.36675ms)
✔ returning to a shot restores only a draft on a displayed exact Prompt revision (0.674542ms)
✔ clicking the mounted episode again supersedes an in-flight episode switch (3.398417ms)
✔ cancel body cleanup failure retains the actual editor and reports incomplete cancellation (3.948292ms)
✔ cancel :discussion cleanup failure retains the actual editor and reports incomplete cancellation (1.248208ms)
✔ cancel :submission cleanup failure retains the actual editor and reports incomplete cancellation (1.231167ms)
✔ acknowledged create body cleanup failure retains receipt and retries cleanup without another POST (1.856416ms)
✔ acknowledged create :discussion cleanup failure retains receipt and retries cleanup without another POST (1.91875ms)
✔ acknowledged create :submission cleanup failure retains receipt and retries cleanup without another POST (1.459208ms)
✔ quota rejecting the success marker retains exact UUID, prevents repeat POST in this page and explains refresh limit (3.159292ms)
✔ a refreshed page uses a durable success receipt only for cleanup, including a partly removed body (1.868167ms)
✔ a stored success for one payload does not mark a changed opinion as saved or reuse its UUID (1.243792ms)
✔ known success plus unreadable pending storage stays truthful and cannot cause a second request (1.223417ms)
✔ known edit success is persisted and retry cleanup does not PATCH the old expected_version again (1.468834ms)
✔ late acknowledged success cannot delete another tab newer draft and request identity (0.920125ms)
✔ unreadable submission before send fails closed and cannot silently create a fresh UUID (0.789708ms)
✔ materials: editing a shared plan keeps its exact recorded round 1 (17.2305ms)
✔ materials: editing a shared plan keeps its exact recorded round 2 (1.97275ms)
✔ settings: editing a shared plan keeps its exact recorded round 1 (1.983208ms)
✔ settings: editing a shared plan keeps its exact recorded round 2 (2.082416ms)
✔ legacy comments without scopes remain locatable without inventing a round attribution (1.584333ms)
✔ an unavailable explicit round cannot silently use the latest revision match (1.379416ms)
✔ an explicit round must contain the exact commented revision (1.987333ms)
✔ materials: locating the original selection also follows the recorded round without editing (1.037167ms)
✔ settings: locating the original selection also follows the recorded round without editing (1.101375ms)
✔ multiple material scopes require an existing exact card context, not an arbitrary first match (1.099542ms)
✔ an invalid preferred scope does not fall through to another valid material (0.986917ms)
✔ ASSET: edit waits for the exact historical reader and does not cancel its own completion (1.720417ms)
✔ CALL: edit waits for the exact historical reader and does not cancel its own completion (1.063333ms)
✔ failed historical loading never starts an editor on the wrong content (1.671292ms)
✔ an old response cannot reissue its lookup after a newer navigation (5.309959ms)
✔ cancelling an old location never invalidates a newer request that already owns the read epoch (1.74925ms)
✔ a fresh selection draft invalidates the old read before it can clear that new draft (2.461375ms)
✔ a newer comment edit remains active when the old asset request arrives (1.203209ms)
✔ round selection cancels an old material lookup (1.888208ms)
✔ card selection cancels an old material lookup (1.1775ms)
✔ leaving the workspace ignores the old response and does not open an editor (1.824291ms)
✔ story.sources: ordinary comment editing still starts immediately (1.465875ms)
✔ story.outline: ordinary comment editing still starts immediately (2.930459ms)
✔ ASSET: a recorded material card identity survives the same historical load (1.611958ms)
✔ CALL: a recorded material card identity survives the same historical load (1.067458ms)
✔ a captured material absent after loading cannot fall through to another valid scope (3.626333ms)
✔ a new card choice invalidates the captured identity of an old asynchronous location (2.822ms)
✔ an older failed lookup stays silent after newer navigation owns the reader (2.950875ms)
✔ the actual material workspace and card renderer retain the explicitly located nonfirst card (2.596125ms)
✔ outside pointerdown leaves layout intact; click capture closes before the original target opens its new draft (6.277917ms)
✔ a region draft opened on pointerup survives its trailing click and keeps exact draft metadata (1.169959ms)
✔ keyboard click ignores stale pointer state and still lets its target start a draft (0.891875ms)
✔ dialog descendant keeps the outer comments open through pointerdown and click (1.227416ms)
✔ review-cue descendant keeps the outer comments open through pointerdown and click (1.160125ms)
✔ material-reference descendant keeps the outer comments open through pointerdown and click (1.727083ms)
✔ marked-trigger descendant keeps the outer comments open through pointerdown and click (1.241458ms)
✔ plain outside click collapses without discarding draft, while panel descendants stay open (1.292375ms)
✔ dialog comments at 1024px retain the exact reader and media while opening and returning focus (1.78425ms)
✔ dialog comments at 1440px retain the exact reader and media while opening and returning focus (1.335792ms)
✔ closing comments falls back inside the dialog when its original trigger is removed (2.068917ms)
✔ closing comments falls back inside the dialog when its original trigger is hidden (1.35575ms)
✔ exact reference text location at 390px sees the correct panel state before seeking (1.307417ms)
✔ exact reference time location at 390px sees the correct panel state before seeking (1.115375ms)
✔ exact reference text location at 1199px sees the correct panel state before seeking (0.969583ms)
✔ exact reference time location at 1199px sees the correct panel state before seeking (0.998959ms)
✔ exact reference text location at 1200px sees the correct panel state before seeking (1.142625ms)
✔ exact reference time location at 1200px sees the correct panel state before seeking (1.033584ms)
✔ exact reference text location at 1440px sees the correct panel state before seeking (1.099334ms)
✔ exact reference time location at 1440px sees the correct panel state before seeking (1.417334ms)
✔ production comment routing at 390px reveals the reader before forwarding the exact material anchor (1.456917ms)
✔ production comment routing at 1199px reveals the reader before forwarding the exact material anchor (1.808625ms)
✔ production comment routing at 1200px reveals the reader before forwarding the exact material anchor (1.193ms)
✔ production comment routing at 1440px reveals the reader before forwarding the exact material anchor (1.191959ms)
✔ ordinary source location at 390px reveals its exact target and keeps the draft (1.336542ms)
✔ ordinary structure location at 390px reveals its exact target and keeps the draft (0.955417ms)
✔ ordinary script-start location at 390px reveals its exact target and keeps the draft (1.791959ms)
✔ ordinary script-end location at 390px reveals its exact target and keeps the draft (1.261083ms)
✔ ordinary source location at 1199px reveals its exact target and keeps the draft (0.810042ms)
✔ ordinary structure location at 1199px reveals its exact target and keeps the draft (0.714208ms)
✔ ordinary script-start location at 1199px reveals its exact target and keeps the draft (0.975333ms)
✔ ordinary script-end location at 1199px reveals its exact target and keeps the draft (0.847ms)
✔ ordinary source location at 1200px reveals its exact target and keeps the draft (1.148459ms)
✔ ordinary structure location at 1200px reveals its exact target and keeps the draft (1.952208ms)
✔ ordinary script-start location at 1200px reveals its exact target and keeps the draft (0.948209ms)
✔ ordinary script-end location at 1200px reveals its exact target and keeps the draft (0.886875ms)
✔ ordinary source location at 1440px reveals its exact target and keeps the draft (0.854375ms)
✔ ordinary structure location at 1440px reveals its exact target and keeps the draft (1.233042ms)
✔ ordinary script-start location at 1440px reveals its exact target and keeps the draft (1.17575ms)
✔ ordinary script-end location at 1440px reveals its exact target and keeps the draft (0.747542ms)
✔ failed ordinary source revision location keeps the open panel and focus (0.782791ms)
✔ failed ordinary source target location keeps the open panel and focus (0.669583ms)
✔ failed ordinary source invalid-anchor location keeps the open panel and focus (0.556083ms)
✔ failed ordinary structure revision location keeps the open panel and focus (1.013125ms)
✔ failed ordinary structure target location keeps the open panel and focus (1.498667ms)
✔ failed ordinary structure invalid-anchor location keeps the open panel and focus (0.859791ms)
✔ failed ordinary script revision location keeps the open panel and focus (1.026584ms)
✔ failed ordinary script target location keeps the open panel and focus (0.927083ms)
✔ failed ordinary script invalid-anchor location keeps the open panel and focus (0.9125ms)
✔ a narrow SOURCE location for a different source keeps its comment panel open (0.776792ms)
✔ direct narrow script end location with a missing endpoint keeps the panel open (1.078ms)
✔ narrow successful location restores focus even if comment rendering already moved it to BODY (0.936333ms)
✔ closing a unified card restores both outer visibility and aria-expanded (hidden=true) (1.231417ms)
✔ closing a unified card restores both outer visibility and aria-expanded (hidden=false) (1.155625ms)
✔ nested unified cards restore each owning reader and its own comment visibility in order (1.362958ms)
✔ a late lower-card response waits for the newer upper card and returns to its own reader (11.704917ms)
✔ same immutable plan has isolated draft and discussion choices in each material round (3.872292ms)
✔ one original shared by two material cards uses the clicked card identity (0.855792ms)
✔ existing comment edits and non-material drafts retain their original keys (0.91975ms)
✔ legacy draft is shown only when present and moves only by explicit recovery without overwriting (0.797542ms)
✔ legacy recovery retains the original if destination storage fails (0.838166ms)
✔ unchanged failed create reuses the full request ID after page refresh (2.5225ms)
✔ changed body is a new operation while an unchanged retry keeps its ID (1.267416ms)
✔ changed anchor and material create distinct operations; comments add no revision intent (1.129917ms)
✔ old round reload retains the unconfirmed feedback intent after the server advanced (1.939958ms)
✔ in-flight button and shortcut calls share the lock, including intent changes (0.990042ms)
✔ late success cannot clear another page draft or navigate its material context (0.900166ms)
✔ late success cannot remove a newer draft saved by another tab (0.746ms)
✔ explicit HTTP 400 preserves the actual draft and exact operation but states rejection instead of uncertain success (5.183334ms)
✔ explicit HTTP 409 preserves the actual draft and exact operation but states rejection instead of uncertain success (1.433125ms)
✔ refreshing the old material round retains rejected status, original UUID and exact scope after a new plan appears (3.655083ms)
✔ a later same-payload attempt can become uncertain again without changing its UUID or duplicating notices (1.320959ms)
✔ editing a rejected payload starts a new operation and does not carry the old rejection (1.230209ms)
✔ a late rejection records only its old operation and never replaces another page editor or adds a notice there (1.718833ms)
✔ a late rejection cannot overwrite a newer pending submission from another tab (1.006917ms)
✔ failure to persist the rejection keeps it in the same exact session without replacing the unique editor (1.44025ms)
✔ incomplete JSON retains HTTP 409 and distinguishes explicit rejection from an unconfirmed successful or failing response (1.020583ms)
✔ incomplete JSON retains HTTP 201 and distinguishes explicit rejection from an unconfirmed successful or failing response (1.318833ms)
✔ incomplete JSON retains HTTP 503 and distinguishes explicit rejection from an unconfirmed successful or failing response (0.8485ms)
✔ a pending storage read failure after HTTP 409 keeps the original refusal visible and does not reject the save callback (2.746417ms)
✔ another tab's same-operation attempt expires the old rejection, including quota fallback (false) (2.269333ms)
✔ another tab's same-operation attempt expires the old rejection, including quota fallback (true) (1.426542ms)
✔ a late 409 cannot overwrite another tab retry of the same UUID and payload (1.460416ms)
✔ story.sources: draft storage failure preserves the actual editor, unique input and feedback choice (5.227ms)
✔ story.sources: submission storage failure preserves the actual editor, unique input and feedback choice (1.374875ms)
✔ story.outline: draft storage failure preserves the actual editor, unique input and feedback choice (1.630875ms)
✔ story.outline: submission storage failure preserves the actual editor, unique input and feedback choice (0.98325ms)
✔ materials.workspace: draft storage failure preserves the actual editor, unique input and feedback choice (1.560083ms)
✔ materials.workspace: submission storage failure preserves the actual editor, unique input and feedback choice (1.407584ms)
✔ material card pointerdown removes an unanchored editor and retains both exact drafts (4.338917ms)
✔ material card focusin removes an unanchored editor and retains both exact drafts (1.639291ms)
✔ story.sources: first failed request adds one pending notice without replacing the real editor (1.188666ms)
✔ materials.workspace: first failed request adds one pending notice without replacing the real editor (1.067292ms)
✔ late failed request does not add its notice to another real editor (1.359625ms)
✔ story.sources: acknowledged retry removes the real editor even when refresh finds identical comments (11.268041ms)
✔ story.outline: acknowledged retry removes the real editor even when refresh finds identical comments (1.107333ms)
✔ acknowledged retry with unchanged comments never removes a newer page editor (1.125834ms)
✔ a delayed comment refresh cannot restore an older comment after a newer refresh (0.635875ms)
✔ same-form input written after submit survives and the next operation uses the confirmed version (8.118542ms)
✔ saving PROJECT preserves an unsaved SYSTEM field and the visible group (1.311292ms)
✔ a returned page owns its new form and a late old save never rebases that form (2.214334ms)
✔ a confirmed PATCH and failed GET cannot be mislabeled unsaved or repeated unchanged (1.75775ms)
✔ unknown PATCH retains its exact operation and a retry first recognizes committed configuration (1.540375ms)
✔ a known absent write retries the original version and payload only after explicit submit (2.194208ms)
✔ a different or later configuration never authorizes overwriting with a higher version (1.618375ms)
✔ same form cannot double submit, and an old read cannot roll back a newer saved scope (2.178167ms)
✔ favicon upload and clear retain save locking and unsaved icon selection (2.571667ms)
✔ navigation during unknown-result lookup never posts again or changes the new form (1.695ms)
✔ HTTP 409 is a known rejected write, keeps the old version and live input, and never reads back as unknown (1.268084ms)
✔ HTTP 400 preserves input and accepts an explicit corrected operation at the original version (1.39875ms)
✔ known rejection after an absent-write readback clears pending status without raising the version (2.367333ms)
✔ HTTP 503 can still be a lost success and uses the original exact readback comparison (0.824459ms)
✔ a late HTTP 409 never labels or reconstructs a newly opened configuration form (1.239458ms)
✔ workspace remount preserves both live configuration forms and unsubmitted input (0.871083ms)
✔ refresh restores unsubmitted fields with their original base and cannot adopt a concurrent version (1.954042ms)
✔ refresh retains an unknown operation and recognizes its exact committed result before another PATCH (2.431458ms)
✔ a successful save finishing while another workspace is open leaves the retained form usable (1.377417ms)
✔ refresh retains an intentionally empty unsaved numeric input instead of inventing zero (1.452667ms)
✔ invalid context values reject before PATCH while the icon and sibling input remain intact (1.925917ms)
✔ file cancellation and upload rejection never change saved or pending selection (1.123ms)
✔ deferred configuration loads choices once and cannot remount a page after leaving it (0.773709ms)
✔ direction confirmed POST and failed GET remain saved, close the form and never resend the old snapshot (4.056792ms)
✔ direction unknown result stays explicit, retains original version and prevents automatic or blind repeated writes (0.842917ms)
✔ cancelled direction success names the original choice without reading or rendering behind a newer page (0.308834ms)
✔ direction failure after cancellation or navigation cannot show an error on a newer page (1.21325ms)
✔ direction refresh cannot replace a new structure snapshot, revision, workspace or reader (4.64675ms)
✔ direction normal success uses the returned snapshot once and preserves the original selection version (1.27225ms)
✔ a dialog whose original reader has been replaced cannot start a new direction write (0.419083ms)
✔ browsing an older material plan keeps the current entity scope available and posts only that scope (9.861209ms)
✔ a retained frozen material call does not replace or disable current entity acceptance (1.765292ms)
✔ each state restores its material choice while historical entity and state sections stay read-only (2.700959ms)
✔ accept, revoke and reaccept retain exact scope and optimistic version semantics (6.903583ms)
✔ incomplete preparation still posts content acceptance without claiming generation readiness (1.957875ms)
✔ a queued callback cannot accept a newly historical entity, another reader or another workspace (4.78625ms)
✔ entity save keeps one request across double invocation and rerender, and distinguishes its actual refresh failure (4.025333ms)
✔ entity unknown result retains the exact version, blocks blind resend and does not claim success (1.9065ms)
✔ entity late writes never reload a new entity, workspace or replaced local reader (11.194167ms)
✔ entity own refresh failure stays quiet after a new actual detail read takes ownership (3.223792ms)
✔ actual settings load preserves exact older asset and real round while active entity remains current (8.23125ms)
✔ withdrawn entity and omitted state retain their exact old materials after refresh (2.848ms)
✔ actual round change serializes card identity and reload restores that real round (3.043333ms)
✔ accurate historical CALL is restored with its material scope, not a different latest call (1.840042ms)
✔ shared exact member restores the explicitly named card and round rather than the first card (2.023583ms)
✔ wrong owner, wrong explicit card and unavailable round never silently change the requested URL (7.913416ms)
✔ unrelated external record kinds remain outside settings and cannot become an entity material (1.901333ms)
✔ legacy exact media without material rounds remains readable without fabricating a version (1.282167ms)
✔ late entity route response cannot override a newer record or workspace (7.829292ms)
✔ same asset present in two rounds keeps the explicit round and immutable API data (1.993833ms)
✔ historical same-object asset renders its exact original, without inheriting newer crop or range (2.047917ms)
✔ explicitly switching to another state clears the previous card and round URL context (7.598084ms)
✔ clicking the selected state from its material preserves its exact version, live draft and reading node (1.554834ms)
✔ actual unassigned renderer respects a verified second shared card in both empty/result directions (4.173458ms)
✔ foreign or no-longer-member card memory cannot redirect unassigned material rendering (4.32275ms)
✔ legacy CALL uses the actual media context and keeps its exact comment target without invented rounds (1.958667ms)
✔ empty current round restores its visible retained card on reload without showing previous results (1.900542ms)
✔ an associated empty card does not open unrelated unassigned media (2.090625ms)
✔ review notes keep exact text and field index without mutating immutable payloads (5.360334ms)
✔ generation parameters retain server numeric spelling for exact comment offsets (0.832458ms)
✔ switching one version back to current cannot accept another still historical section (1.025334ms)
✔ whole-entity content remains constant when selecting a different form or comment target (7.027833ms)
✔ an explicit historical state stays exact and flags the card; normal refresh follows current content (1.01275ms)
✔ comments aggregate exact references and switching focus does not narrow them (1.2405ms)
✔ a delayed aggregate cannot overwrite a newer selection (1.0525ms)
✔ old workflow URLs return to current content without a separate state option (0.989833ms)
✔ earlier revision opinions remain in the entity panel (1.687459ms)
✔ locating a current opinion resets an earlier historical state context (1.637583ms)
✔ state media excludes entity-only candidates, other states and other revisions (1.169083ms)
✔ several materials can describe one state and reuse requires explicit coverage for each state (0.998583ms)
✔ unassigned media comments open their separate area without changing the selected state (1.229625ms)
✔ mapped media comments select their state; historical unlinked media stays separate (0.83175ms)
✔ a time opinion outside current coverage opens its original file separately (1.467458ms)
✔ time comment location scopes a repeated component id to the exact asset revision (0.923375ms)
✔ refreshing a media comment keeps the explicitly selected state (0.799584ms)
✔ fresh entity link keeps its explicit state without a redundant owner parameter (0.564375ms)
✔ withdrawn exact page preserves content and originals but removes completion cues and follows exact merge references (9.986959ms)
✔ old v1 remains unchanged while a proven current withdrawal is stated separately (2.888791ms)
✔ old acceptance without the current payload does not infer withdrawal from historical or a newer head id (2.583709ms)
✔ an explicitly withdrawn historical version is not labeled as the current entity status after reactivation (1.401167ms)
✔ a withdrawn state does not fabricate withdrawal of its active entity or remove real current entity issues (1.726042ms)
✔ missing cause and destinations remain unknown; a different cached target revision cannot supply its historical title (2.471875ms)
✔ active current records retain their completion hints, original media section and acceptance callback (1.8045ms)
✔ withdrawn latest material round stays neutral while its real selector still reveals the exact old plan and both originals (8.89075ms)
✔ a withdrawn plan with an existing recipe and result retains its exact commentable fields and original (4.110208ms)
✔ an active material without a recipe or result keeps its actionable placeholder and preparation message (1.597792ms)
✔ unified material ownership uses exact scene, shot and episode numbers without rewriting stored titles or body (6.897375ms)
✔ material image labels normalize generated codes while file, crop and source record remain exact (1.692833ms)
✔ reference image and its lightbox share the normalized label and exact old component (1.818792ms)
✔ legacy image projections and review renderer share display codes without mutating components (10.419625ms)
✔ generated comment groups, version accessibility labels and placeholders format positions while opinions stay intact (2.825542ms)
✔ scene material cards replace local heading codes only from an exact owning scene scope (1.907125ms)
✔ allocated object codes override local numbers while prose and excluded object titles stay literal (1.117375ms)
✔ Independent group endings consume rows and continuation retains the group (0.708ms)
✔ All pages contain each entity or group/material identity once; width is not a pagination input (0.234375ms)
✔ All supported row sizes preserve independent four-column rows and every item (0.800167ms)
✔ lossless graph restores independent repeated trees and literal reserved-looking fields (0.456875ms)
✔ invalid and cyclic graph references fail without an expanding recursion (0.208709ms)
✔ asset index opens B in its own older round, with B media, call, text and comment target (15.444166ms)
✔ exact link opens B in its own older round, with B media, call, text and comment target (2.37975ms)
✔ the actual asset renderer defaults to its own exact candidate without relying on a URL target (7.7055ms)
✔ a deliberate round change still opens that round and allows returning to the saved exact candidate (2.078958ms)
✔ ordinary PLAN respects an exact target or defaults to a generated version (2.387375ms)
✔ explicit PLAN respects an exact target or defaults to a generated version (2.271625ms)
✔ an asset remains readable in its historical round while a newer round is preparing (2.617417ms)
✔ multiple material memberships retain the explicitly selected nonfirst card and its matching exact round (1.782459ms)
✔ a previous detail card cannot override the newly opened asset membership (1.792542ms)
✔ unified material fresh entry ignores another card's version in the caller URL (2.740875ms)
✔ unified material exact reference ignores another card's version in the caller URL (1.373583ms)
✔ a lazy material list keeps the exact scope title supplied with its standalone card (2.212792ms)
✔ deduplicated asset index keeps the requested member and submits its accurate judgment (8.862958ms)
✔ deduplicated exact link keeps the requested member and submits its accurate judgment (2.293333ms)
✔ an exact review link chooses its candidate and its original call, not the first result (5.918375ms)
✔ a historical target keeps its exact revision after feedback updates the asset metadata (0.22175ms)
✔ an exact member replaces its deduplicated representative without expanding or mutating the round (0.083875ms)
✔ exact fallback cannot borrow a nonmember from another round or a different original or call (0.095458ms)
✔ exact member substitution prefers its own object and preserves other distinct candidates (0.067917ms)
✔ cards preserve exact plan candidates and do not attach an old candidate to a new recipe (0.151ms)
✔ audio and image remain individual material cards without media-type columns (0.044125ms)
✔ CALL review uses server numeric spelling and omits only a duplicate prompt parameter (0.146791ms)
✔ older asset versions keep their card using placement context without rewriting history (0.066458ms)
✔ relationship labels changed independently of prose still have an exact anchor (0.0855ms)
✔ story references use the exact source reader and preserve scene and block limits (0.143666ms)
✔ material references retain their exact media reader; explicit evidence can cite an entity (0.078208ms)
✔ materials count current identities and show only genuine missing state demands (1.065584ms)
✔ content facets include actual calls, review conclusions and adoption through their material (0.267875ms)
✔ review workspaces have no manual-entry forms or workflow navigation (0.908291ms)
✔ block scope aggregates all live statuses and anchor kinds, excludes other blocks and versions, deduplicates (0.194042ms)
✔ effective inputs retain source order and type numbering, include exact storyline context (0.171208ms)
✔ carried text revisions keep comments inside the selected material round (0.063458ms)
✔ an exact historical candidate does not replace other real calls in the same material round (0.074333ms)
✔ a preparing round owns its older results without showing duplicate current cards (0.203916ms)
✔ shared media use its associated requirement round even outside the visible state plans (0.116875ms)
✔ a pending material round keeps earlier results inside history instead of creating duplicate cards (0.0635ms)
✔ legacy audio requirements do not inherit an unrelated image card through display sorting (0.045417ms)
✔ a shared asset uses its producing requirement rounds on another state instead of database revisions (0.060667ms)
✔ missing exact file composition is reported instead of falling back to another original (0.037833ms)
✔ default round uses the largest generated version and candidate numbers survive metadata edits (0.046833ms)
✔ visible block number and its existing list share scope after edits, close/reopen, deletion and revision switch (1.476ms)
✔ reference scopes use exactly the quoted revision even when an outer round has carried versions (1.557625ms)
✔ nested reference sessions return the panel and outer pending draft without borrowing material context (1.201666ms)
✔ extra material round candidates use their own image title and alt without copying the first placement (6.299291ms)
✔ an explicit label belonging to the exact second placement is retained (1.567833ms)
✔ old revisions in extra and planned rounds cannot inherit a current revision placement label (2.375625ms)
✔ each real subpage has its own complete purpose and route identity (0.404917ms)
✔ legacy entity and material routes describe the resolved subpage (0.068209ms)
✔ set failure cannot replace the live draft or its selection during comment repaint (4.494417ms)
✔ get failure cannot replace the live draft or its selection during comment repaint (1.458833ms)
✔ body write failure restores the exact source draft after leaving and returning (1.133417ms)
✔ meta write failure restores the exact source draft after leaving and returning (0.929084ms)
✔ a later successful input supersedes the failed-write fallback before leaving (0.936625ms)
✔ an older failed anchor cannot reclaim a newer active draft on return (1.118917ms)
✔ an older failed anchor cannot reclaim a newer cancelled draft on return (0.959625ms)
✔ failed-write source fallback never follows the same legacy key into another exact revision (0.82425ms)
✔ successful cancellation removes a failed-write fallback and cannot revive it on the same anchor (0.8095ms)
✔ failed explicit suggestion apply retains original text and suggestion, then successful apply replaces the fallback (1.390333ms)
✔ storage failure before suggestion success keeps the unique raw input and selection (3.510166ms)
✔ storage failure before suggestion failure keeps the unique raw input and selection (1.637583ms)
✔ reference context failure also preserves unique unsaved input (0.944ms)
✔ preview keeps raw whitespace instead of replacing it with the trimmed request (0.737667ms)
✔ late context ignores a newer unique text (0.578792ms)
✔ late suggestion ignores a newer unique text (1.446792ms)
✔ polishComment rejects another exact revision even when source draftKey and body match (1.224791ms)
✔ previewPolish rejects another exact revision even when source draftKey and body match (1.111625ms)
✔ late suggestion failure does not repaint another source editor (1.089291ms)
✔ whitespace edited during request survives a still-matching trimmed result (1.463875ms)
✔ technical suggestion changes the draft only on explicit apply and never submits a comment (2.5105ms)
✔ storage failure does not interrupt input controls after an old polish request (2.221209ms)
✔ old polish success cannot unlock a newer request after storage failure (1.394417ms)
✔ old polish failure cannot unlock a newer request after storage failure (5.868708ms)
✔ history-only readiness opens the real lazy selector and posts the chosen historical file with the original contract (8.7905ms)
✔ explicit 0-candidate scope never expands to the global inventory (0.903333ms)
✔ explicit 1-candidate scope never expands to the global inventory (0.588625ms)
✔ cancel/reopen isolates a late successful inventory from the new editor (2.109708ms)
✔ cancel/reopen isolates a late failed inventory from the new editor (3.873916ms)
✔ initial inventory cannot populate or submit after detached ownership changes (9.126792ms)
✔ initial inventory cannot populate or submit after workspace ownership changes (2.28225ms)
✔ initial inventory cannot populate or submit after read ownership changes (2.393083ms)
✔ initial inventory cannot populate or submit after load ownership changes (2.325959ms)
✔ failed or malformed inventory "network" preserves input without falling back to the page index (1.540125ms)
✔ failed or malformed inventory null preserves input without falling back to the page index (1.186ms)
✔ failed or malformed inventory {} preserves input without falling back to the page index (1.565917ms)
✔ failed or malformed inventory [{"kind":"ASSET","payload":null}] preserves input without falling back to the page index (3.586417ms)
✔ late A response cannot replace B selection or the adopted exact revision (0.960792ms)
✔ recovery: lost response recognizes only the exact created or updated head (1.772209ms)
✔ recovery: another id, content, or later head cannot be called this saved request (2.056584ms)
✔ recovery: a rejected write retries the original id and version without elevating it (2.499542ms)
✔ uncertain: failed readback retains the snapshot and retry first resolves it (0.857792ms)
✔ uncertain: editing after an unknown result cannot relabel the old save as new content (0.78275ms)
✔ uncertain: cancellation during readback prevents retry, reload and late errors (0.784334ms)
✔ recovery: missing or malformed current heads never authorize a stale update (1.517459ms)
✔ loading and failed replacement clear old options and cannot submit the old asset (0.675834ms)
✔ A to B to A uses the newest request even when the asset identity matches again (0.679333ms)
✔ clearing the asset cancels pending selection without issuing an empty detail query (0.617709ms)
✔ cancel then reopen isolates both late success and late failure from the new editor (1.277959ms)
✔ detached or superseded workspace editors cannot consume or submit stale details (1.910292ms)
✔ exact historical revision, component, crop, range and adoption version are preserved (0.7575ms)
✔ submit validates asset identity and component membership and prevents duplicate pending saves (0.884792ms)
✔ a late saved judgment leaves the newer episode, all-scenes filter and readiness intact (19.89575ms)
✔ late failures after navigation and success or failure after cancel never redraw another editor (3.937042ms)
✔ same scope refresh preserves page, title, close control and record body (3.515542ms)
✔ a successful POST and failed local GET remain saved and cannot post twice (1.901875ms)
✔ in-flight fields and same-editor repeated save are locked to one exact request (1.624666ms)
✔ lost POST response recognizes exact created judgment and leaves actual adoption alone (1.538292ms)
✔ unknown result retries exact lookup before posting and retains the request snapshot (1.477292ms)
✔ known absent request retries the same id and exact payload; conflict can recover only that request (2.767458ms)
✔ foreign payload, wrong id or later version is never adopted as this saved judgment (3.714542ms)
✔ changed input after unknown result cannot describe the old saved request as new input (1.422292ms)
✔ cancel while reading an unknown save prevents a repeated POST and any new-editor mutation (1.295917ms)
✔ other editors, cancel, paging or changed scope during local refresh prevent replacement (12.096583ms)
✔ download labels use the exact readiness scope, including kind-less screenplay snapshots (4.356ms)
✔ judgment refresh reports a failed own detail read through the actual load and open functions (2.099125ms)
✔ judgment refresh cannot report its old failure after a real new read or workspace takes over (3.155084ms)
✔ list load failure replaces its own loading message and keeps the error for the save caller (1.0015ms)
✔ a failed list load cannot replace newer loading, another detail read or another workspace (2.059875ms)
✔ saved judgment and failed actual list refresh show both saved feedback and a recoverable error page (1.107708ms)
✔ the actual change-history button stays in production history and preserves the exact source entry (3.31075ms)
✔ ordinary change history can leave shot mode without overwriting the source route (1.6285ms)
✔ material judgments and title-only decisions retain their established workspace ownership (1.183667ms)
✔ a late change-history read cannot add a route after leaving its originating workspace (0.91975ms)
✔ existing change conclusion opens recorded fields and updates the same ID at its exact version (1.083958ms)
✔ lost response on an updated conclusion recognizes expected version plus one, not only version one (1.383583ms)
✔ a stale window keeps its version and unique input on 409 without misreporting unknown outcome (1.141417ms)
✔ first-create uniqueness rejection remains a conflict even when that attempted ID is absent or lookup fails (2.0045ms)
✔ legacy consolidation shows original statements and references every exact head in the explicit save (1.413334ms)
✔ revising a consolidated conclusion preserves its exact legacy references and version (1.085291ms)
✔ readiness keeps a cleared change editable through its existing exact-version details (1.916041ms)
✔ a newly saved uncached judgment history opens the exact generic record instead of a source-only popup (1.631542ms)
✔ a definitive first 409 never adopts another window identical payload and stays rejected on retry (0.895042ms)
✔ a definitive 400 permits corrected input with original optimistic version and no unknown-outcome claim (1.124875ms)
✔ generic judgment history displays each exact change action in the existing conclusion field (1.591083ms)
✔ a rejected retry of an earlier unknown operation preserves that earlier uncertainty until exact recovery (1.122333ms)
✔ exact image region starts from a removed polygon in inline reader (2.9585ms)
✔ exact image region starts from a removed polygon in modal reader (0.664ms)
✔ modal image late pointerup after workspace cannot write a different review context (0.510375ms)
✔ modal image late pointerup after revision cannot write a different review context (0.47ms)
✔ modal image late pointerup after modal-close cannot write a different review context (0.867125ms)
✔ modal image late pointerup after modal-replace cannot write a different review context (0.475375ms)
✔ modal image late pointerup after stage-detach cannot write a different review context (0.429417ms)
✔ in-flight judgment locks fields and one form cannot create two opposing operations (9.290708ms)
✔ the original target is frozen even when another comment focus changes the selected record (2.022167ms)
✔ canceled or navigated saves do not reload a newer view or report old failures there (4.420833ms)
✔ a queued detached editor cannot send a new judgment (0.922167ms)
✔ lost response recognizes only exact id, first version and complete payload (1.770417ms)
✔ unknown result is checked before retry and never allocates another id merely for a missing response (1.488458ms)
✔ explicit unchanged retry uses the exact original id and version; 409 can recover only that same save (1.929ms)
✔ different id, later version or another payload cannot be called this successful judgment (4.595167ms)
✔ edited reason after an uncertain save is not silently consumed by confirmation of the old payload (1.938333ms)
✔ cancel during an uncertain read prevents a stale retry and preserves the next editor (1.265292ms)
✔ known saved judgment and later refresh failure are separate outcomes with no second POST (1.435792ms)
✔ a refresh failure after another record takes over does not report an error on that record (1.950834ms)
✔ history type filters expose only loaded kinds and retain accurately supplemented records (7.512416ms)
✔ withdrawn entities and states leave current lists without deleting historical rows (0.790041ms)
✔ shared and state-only settings appear under each owner exactly once; project settings stay unowned (0.809708ms)
✔ old state links keep exact state and entity identity, without replacing the selected target with the entity (1.362708ms)
✔ shared entity card retains an exact older revision even without legacy history flags (0.68125ms)
✔ historical representation resolves the referenced state, not its newer parent (0.804667ms)
✔ a slow historical ownership lookup cannot replace a newer selection (0.754708ms)
✔ legacy fragments do not count as current complete forms but keep their owner (0.803791ms)
✔ record navigation keeps visual and accessible selection on the exact displayed object (1.441417ms)
✔ a late record response cannot move either selection marker from the newer record (0.949709ms)
✔ opening an entity shows its basic information and defaults to the earliest complete state (6.617167ms)
✔ entity history and review focus keep the selected state and separate exact comment targets (1.127333ms)
✔ a slow entity overview lookup cannot overwrite a newer entity and its default state (0.909875ms)
✔ an entity with only historical partial states stays readable without inventing a default form (0.786708ms)
✔ historical call references still navigate to their exact detail after removal from material list facets (0.899542ms)
✔ missing required input keeps the original disabled button and required summary (4.745167ms)
✔ unselected optional input and optional quality warnings stay downloadable (2.524292ms)
✔ broken optional original disables only download and gives one precise reason (1.184875ms)
✔ historical dependency failure is explained while unrelated optional warnings remain visible (0.982ms)
✔ legacy API responses retain their existing required-input behavior (0.882875ms)
✔ download still calls the package endpoint and reports a later validation failure (1.070208ms)
✔ actual detail renderer displays exact old dependency names while links retain old revisions (5.576708ms)
✔ actual timeline renderer uses each exact asset and shot title from its own detail (0.8975ms)
✔ legacy server absence uses an exact known history row or ID, never the renamed current head (0.752375ms)
✔ same visible names do not authorize wrong object or wrong revision matches (0.675041ms)
✔ explicit placement labels and exact media component/crop/range are unchanged (0.677458ms)
✔ SOURCE scene/block references keep their existing material-reference path and exact title (0.703625ms)
✔ episode and whole screenplay references keep exact existing routes and titles (1.169708ms)
✔ details with different projections do not install global name caches or issue lookup requests (1.218334ms)
✔ displayed dependency and source labels normalize location codes while exact records stay unchanged (0.835042ms)
✔ no source clears stale reader headings and explains the next content step (6.389417ms)
✔ no direction has no impossible selection instructions; existing candidates remain selectable (2.16975ms)
✔ selected direction without a manuscript uses its real title and no empty version or comment legend (1.365417ms)
✔ story.sources: absent exact target hides both triggers and closes an empty panel (2.148084ms)
✔ story.outline: absent exact target hides both triggers and closes an empty panel (1.183ms)
✔ story.script: absent exact target hides both triggers and closes an empty panel (0.905709ms)
✔ materials.workspace: absent exact target hides both triggers and closes an empty panel (1.463584ms)
✔ story.sources: an exact target with zero comments keeps the shared entry (1.485791ms)
✔ story.outline: an exact target with zero comments keeps the shared entry (0.863958ms)
✔ story.script: an exact target with zero comments keeps the shared entry (0.776125ms)
✔ materials.workspace: an exact target with zero comments keeps the shared entry (1.339875ms)
✔ unknown structure revision has no target; a historical revision retains historical pending comments (1.265583ms)
✔ story.sources text: collapse and existing toggle reopen the exact draft without clearing pending metadata (1.753959ms)
✔ story.sources visual: collapse and existing toggle reopen the exact draft without clearing pending metadata (0.989042ms)
✔ story.sources region: collapse and existing toggle reopen the exact draft without clearing pending metadata (1.218541ms)
✔ story.outline region: collapse and existing toggle reopen the exact draft without clearing pending metadata (1.02875ms)
✔ story.script text: collapse and existing toggle reopen the exact draft without clearing pending metadata (1.036583ms)
✔ materials.workspace global: collapse and existing toggle reopen the exact draft without clearing pending metadata (1.750833ms)
✔ collapse retains edit identity; cancel still drops only the current draft and pending copy (11.176792ms)
✔ busy submission keeps collapse disabled (0.981208ms)
✔ source visual locator uses the actual source renderer and ignores a same-id visual elsewhere (1.331459ms)
✔ source region locator uses the actual source renderer and ignores a same-id visual elsewhere (1.18975ms)
✔ source text locator retains the exact selected text mark (1.26125ms)
✔ source legacy text locator retains the exact selected text mark (0.836292ms)
✔ source visual locator rejects different source without selecting another image (0.815292ms)
✔ source visual locator rejects different workspace without selecting another image (0.739375ms)
✔ source visual locator rejects different revision without selecting another image (0.724333ms)
✔ source visual locator rejects missing asset without selecting another image (0.749666ms)
✔ source visual locator rejects different file without selecting another image (1.02575ms)
✔ source visual locator rejects invalid image without selecting another image (0.885166ms)
✔ storage failure: reader toggle preserves unique DOM input with scope reset false (1.025ms)
✔ storage failure: reader toggle preserves unique DOM input with scope reset true (0.994375ms)
✔ reader toggle never copies another exact target editor into a new source or revision (2.574208ms)
✔ scope reset preserves a live plan comment draft when storage has failed (1.279875ms)
✔ structure reread and revision return retain independent scroll positions and exact document targets (0.967958ms)
✔ zoom and resize preserve the chosen logical center, including centered overview offsets (0.4155ms)
✔ node selection covers all displayed direct edges; an edge selects its exact identity (0.45975ms)
✔ curve direction reverses the real endpoints and contains smooth curves (0.158958ms)
✔ quota in metadata keeps actual selection editor usable; comment save still requires durable body and request identity (8.140458ms)
✔ SecurityError during restore does not leave B target behind A reader or URL (1.829542ms)
✔ invalid JSON cleanup available preserves actual episode navigation and unrelated draft (1.679292ms)
✔ invalid JSON cleanup unavailable preserves actual episode navigation and unrelated draft (1.547334ms)
✔ exact episode revision restores its prior anchor and body after visiting another episode (2.334291ms)
✔ edit metadata still requires an existing comment on that exact episode revision (2.233709ms)
✔ new revision never restores another episode revision metadata (1.0065ms)
✔ failed metadata removal does not throw or alter body/pending identity (1.331708ms)
✔ normal cancel still clears only current body and metadata through actual callback (1.674875ms)
✔ same scene, episode and version clicks preserve the live editor and reading position (1.510458ms)
✔ scene positions restore by exact episode revision and scene without crossing versions (1.948208ms)
✔ clicking the active episode or version leaves a later scene selected (1.046917ms)
✔ shot sound projection preserves original indices, repeated text and source bytes without exposing source actions (3.501625ms)
✔ visible sound fragments use their exact projected anchors inside the same shared comment surface (1.231667ms)
✔ real chapter menu writes exact source and refresh restores after the workspace becomes visible (17.207833ms)
✔ same source back/forward restores explicit chapters and the route without a chapter returns to the document start (3.738708ms)
✔ narrow layout uses window and still restores the selected chapter (4.26475ms)
✔ ordinary source selection clears chapter; cross-source chapter selection creates one complete history item (2.916834ms)
✔ invalid source or chapter cannot borrow an unrelated source block or a nonchapter block (10.649125ms)
✔ same-source chapter click and history preserve the actual editor node, anchor, edit ID, draft and busy state (3.061959ms)
✔ cross-source drafts and unconfirmed submissions remain with the original exact source (3.705792ms)
✔ pending route scroll yields to actual comment location, editor changes and rapid route changes (2.695541ms)
✔ hidden source does not scroll; cross-workspace history applies only after it is visible; manual return keeps the live position (2.425375ms)
✔ passive scroll highlighting and unrelated same-source history do not write routes or move the reader (1.731709ms)
✔ nonstory entry loads no story text; entering the reader restores exact chapter and loads only once (2.09575ms)
✔ late first story load cannot replace a newer workspace and parallel entries share the read (1.247875ms)
✔ failed first story read remains retryable without marking partial data ready (1.112458ms)
✔ source drag uses its exact old original with none structure (7.652708ms)
✔ source drag uses its exact old original with different-id structure (1.048542ms)
✔ source drag uses its exact old original with same-id structure (1.129125ms)
✔ late source pointerup after workspace does not replace another draft or notify its context (0.881958ms)
✔ late source pointerup after source does not replace another draft or notify its context (0.578292ms)
✔ late source pointerup after revision does not replace another draft or notify its context (0.581417ms)
✔ late source pointerup after detached does not replace another draft or notify its context (0.675292ms)
✔ late source pointerup after new-draft does not replace another draft or notify its context (0.551125ms)
✔ missing or mismatched source original cannot borrow a structure image with the same id (1.249333ms)
✔ unrelated pointer and too-small gesture keep the original geometry rules (1.797167ms)
✔ story.outline retains its original visual resolver (1.051625ms)
✔ materials.workspace retains its original visual resolver (0.551541ms)
✔ story.outline late pointerup after workspace cannot become a new source or revision draft (0.837458ms)
✔ story.outline late pointerup after revision cannot become a new source or revision draft (0.677125ms)
✔ story.outline late pointerup after reader cannot become a new source or revision draft (0.581792ms)
✔ story.outline late pointerup after replaced-reader cannot become a new source or revision draft (0.730875ms)
✔ materials.workspace late pointerup after workspace cannot become a new source or revision draft (0.71175ms)
✔ materials.workspace late pointerup after revision cannot become a new source or revision draft (0.526291ms)
✔ materials.workspace late pointerup after reader cannot become a new source or revision draft (0.757208ms)
✔ materials.workspace late pointerup after replaced-reader cannot become a new source or revision draft (0.462ms)
✔ source and structure drafts return to their own exact revision across workspace changes (12.373292ms)
✔ structure revision history restores only its exact saved selection and body (1.758959ms)
✔ refreshing a source cannot replace its draft with a stored draft from the hidden screenplay (1.32525ms)
✔ history entering another script episode cannot overwrite the source draft that is being left (1.422791ms)
✔ source metadata for another revision or another target is never restored (1.905625ms)
✔ cancel removes current source metadata without discarding a structure draft (1.589625ms)
✔ a comment save completing after leaving the source does not resurrect an empty draft on return (4.437083ms)
✔ an old comment response cannot remove a newer selection draft on the same source revision (1.594834ms)
✔ an old response cannot discard a newer body at the same anchor (1.206625ms)
✔ existing source and structure comment edits keep exact comment identity and unsaved text across pages (0.9325ms)
✔ two sources with the same text anchor retain separate draft bodies through history changes (0.92825ms)
✔ actual version buttons keep selected revision through refresh in both directions (7.886709ms)
✔ selecting the same revision neither adds history nor rebuilds an active editor (1.953958ms)
✔ initial load and actual popstate use the same missing and invalid parameter fallback without history writes (5.725125ms)
✔ normal cross-page return preserves the last structure choice and publishes it in the URL (1.815208ms)
✔ unrelated history navigation does not reset a source editor or hidden structure choice (1.261208ms)
✔ historical comment location writes its exact revision; same target does not duplicate history (10.769584ms)
✔ cross-workspace structure comment location adds one accurate route and invalid references retain the current revision (1.42525ms)
✔ real comment rendering keeps drafts and unconfirmed payloads tied to their original revision (1.830458ms)
✔ missing structure data stays empty on initial load and history restoration (1.19775ms)
✔ response entry selects the exact old visual, opens the existing panel and reveals its comment (15.697542ms)
✔ closed historical response beyond the initial limit uses the same history panel (1.743917ms)
✔ unavailable original and invalid anchors retain their explanation without selecting the newer same-id visual (2.106834ms)
✔ a missing visual keeps the accurate old revision and existing failure explanation (1.146333ms)
✔ a chapter remains at its exact heading as delayed images expand the manuscript (1.366875ms)
✔ manual reading input cancels a pending image correction (2.102542ms)
✔ new chapter selection wins and old revision or comment focus cancels pending correction (0.889042ms)
✔ current version is revealed horizontally without moving the reader or its page (0.4855ms)
✔ a hidden or empty version strip does not change any reading position (0.569542ms)
✔ manual scene route replaces an old exact shot and clears material selection before refresh (3.571125ms)
✔ removed ownership controls cannot filter explicitly linked material identities (0.71ms)
✔ C04 a real video image preview is used when the original itself is not an image (0.851ms)
✔ C03 a lower card version request completing under a child card leaves its selector consistent with its content (3.297208ms)
✔ C07 an exactly repeated titled requirement description appears once in normal reading (1.785708ms)
✔ C08 locating an old output-description comment restores its original prefix and anchor identity (0.873625ms)
✔ C07 similar output descriptions retain their additional requirement text (0.864125ms)
✔ C08 a historical cross-block comment retains both exact endpoint blocks (1.0035ms)
✔ P05/C06 empty frozen video version does not borrow the current plan (0.921709ms)
✔ P05/C06 empty frozen video version shows its exact failed call (0.965042ms)
✔ D01/C06 state aliases browse the same canonical material without changing their adoption scope (5.58625ms)
✔ D06 an exact legacy alias card retains its own version number and members (1.01725ms)
✔ D06 an exact alias revision keeps historical numbering even without a selected comment card (0.761125ms)
✔ D01 a shared material owned by another entity still uses its canonical card (0.671875ms)
✔ D01 state-specific default adoption does not leak through a cached shared candidate (1.209208ms)
✔ D04/C08 a displayed exact definition source submits comment context for its frozen version (0.882792ms)
✔ D04/C08 refreshing an exact definition-source target is accepted without making it a candidate (0.989708ms)
✔ D04/C08 an entity route can locate the exact frozen definition source outside old members (0.831833ms)
✔ C07 demand entry keeps a preview choice per exact candidate revision (1.388167ms)
✔ C07 asset entry keeps a preview choice per exact candidate revision (0.800416ms)
✔ C08 locating a preview comment records only its exact candidate component (0.848875ms)
✔ C09 an exact asset reader offers adoption only for its matching material requirement (0.728667ms)
✔ C09 material adoption forwards its exact candidates even without global asset rows (1.047834ms)
✔ C08 returning to a normal material card restores its exact asset draft focus and image anchor (1.515583ms)
✔ C08 saved asset draft focus never overrides explicit requirement or material-version links (3.581417ms)
✔ C08 a removed draft or an exact-reference entry cannot revive a prior asset draft focus (2.001208ms)
✔ C08 saved asset draft focus cannot cross its material version or surviving membership (2.25625ms)
✔ an exact entity relation is readable in settings without admitting adoption relations (4.736041ms)
✔ shared candidates use the chosen material round number in both small and large cards (1.094208ms)
✔ current version defaults to its latest candidate without changing adoption or selected components (6.341833ms)
✔ without adoption the newest result wins independently of object ID or array order (1.087917ms)
✔ adoption from another state with the same slot does not select this requirement candidate (0.879667ms)
✔ the entity material renderer uses the candidate original and preserves adopted alternate-file metadata (2.0495ms)
✔ a preparing current version never borrows its historical adopted result (0.854416ms)
✔ ordinary demand cards choose the last generated version while exact and manual targets retain the empty version (0.963041ms)
✔ an explicit invalid version 999 is rejected without changing the URL (0.956584ms)
✔ an explicit invalid version not-a-version is rejected without changing the URL (0.950708ms)
✔ an explicit invalid version 0 is rejected without changing the URL (0.98475ms)
✔ an explicit unknown material identity is rejected even without a numeric version (1.005458ms)
✔ an explicit candidate must belong to the named material version (1.080292ms)
✔ a material requirement URL restores its requested older candidate inside the owning entity card (1.456959ms)
✔ same-entity version responses cannot replace a newer choice when they arrive out of order (4.389917ms)
✔ a response to a detached entity version control cannot restore its obsolete selection (1.190541ms)
✔ editing a carried exact text in one material version is not restored into another version (1.026625ms)
✔ a pending modal read cannot reactivate its card after browser navigation changes workspace (1.525292ms)
✔ closing an obsolete modal cannot restore its saved reader or URL over newer navigation (1.169458ms)
✔ saving the restored outer draft cannot overwrite a closed modal draft (1.22075ms)
✔ an exact historical shot link preserves its requested revision in the all-shot scene reader (1.71225ms)
✔ a non-entity demand defaults to the latest candidate original without copying adoption range (1.290125ms)
✔ switching a non-entity demand to an older version picks that version newest result and comment scope (1.253458ms)
✔ switching a non-entity demand to an empty version keeps its plan and never borrows an adopted historical file (1.556125ms)
✔ selecting a non-entity candidate focuses its exact revision without changing the material comment version (1.280917ms)
✔ an explicit non-entity file choice can replace the adopted default without reverting on repaint (1.021833ms)
✔ media comments require the exact candidate, file component and material version together (1.112792ms)
✔ entity reload inside a shared dialog preserves its history marker until button closes it (1.121333ms)
✔ entity reload inside a shared dialog preserves its history marker until Escape closes it (1.27325ms)
✔ shared image gesture captures the exact old image target after real production focus changes from a newer revision (1.524708ms)
✔ late image pointerup cannot replace the newer revision comment draft after a real focus change (0.961333ms)
✔ actual unified dialog close restores the outer revision and draft before a late inner image pointerup (1.061875ms)
✔ an exact withdrawn entity material remains readable outside the active entity list (0.8815ms)
✔ a withdrawn entity without an exact revision cannot repopulate an empty active filter (0.691709ms)
✔ an exact withdrawn entity response still loses to a newer filter request epoch (0.958833ms)
✔ UX010 entity selection synchronizes both markers while exact historical targets retain their owner (1.403125ms)
✔ UX010 failed record read preserves completed reader and selection (0.905375ms)
✔ UX010 failed aggregate read preserves completed reader and selection (0.803541ms)
✔ UX010 stale record success cannot replace newer reader or either marker (2.511542ms)
✔ UX010 stale aggregate success cannot replace newer reader or either marker (2.243459ms)
✔ UX010 modal entity refresh does not alter the outer list and closing restores its reader (1.2235ms)
✔ UX010 modal refresh completing after close cannot overwrite the restored outer context (0.929ms)
✔ UX010 outer refresh completing after a modal opens cannot overwrite the inner context (0.86925ms)
✔ shared requirement cards prefer their actual identity over an earlier legacy alias (0.705208ms)
✔ an exact shared alias retains its own round and members inside the unified card (1.051917ms)
✔ 5.3/5.8 expanding a second left group retains one selected material and paints the right once (5.522625ms)
✔ 5.4 entity material exposes all files and renders the explicitly chosen component (1.516334ms)
✔ 5.6/C.3 historical CALL keeps its generic exact reader rather than becoming an asset (1.343791ms)
✔ 5.6/C.3 historical JUDGMENT keeps its generic exact reader rather than becoming an asset (0.799667ms)
✔ 10.2/10.4 selected generated video renders actual prompt and exact references without changing text (1.852417ms)
✔ 10.4 candidate without a real call reports the gap and never fills it from the plan (0.812083ms)
✔ video defaults to latest empty version and exact manual old version retains its actual prompt (0.978625ms)
✔ 10.1/10.4 row material opens the exact video version and candidate chosen beside its prompt (6.654708ms)
✔ management does not open a default large card; exact demand links open a modal (2.462541ms)
✔ historical candidate opens exactly without changing the current page cards (1.087875ms)
✔ history result summaries explain D3 once while preserving an exact historical open (1.094208ms)
✔ scene cards expose each supplied generation scope without rebinding settings.workspace links (1.237875ms)
✔ scene cards expose each supplied generation scope without rebinding production.workspace links (0.807084ms)
✔ unowned demand sees a real older plan result without replacing its exact current reader (0.785834ms)
✔ unowned demand does not count placeholder as an original result (0.8555ms)
✔ unowned demand does not count preview-only as an original result (0.75025ms)
✔ unowned demand does not count call as an original result (0.879875ms)
✔ unowned exact original asset never borrows a result from another historical revision (0.799375ms)
✔ unowned exact placeholder asset never borrows a result from another historical revision (0.9855ms)
✔ unowned exact preview-only asset never borrows a result from another historical revision (0.8655ms)
✔ entity material totals remain unchanged when selecting an empty or produced version (0.895833ms)
✔ 7.3/C.2 pending entity response cannot repopulate a filter with zero matches (2.112167ms)
✔ 7.3/C.2 clearing an empty filter opens a fresh first entity and ignores the older pending response (4.789166ms)
✔ 7.3/C.2 a nonempty filter excludes a pending owner before its response can replace the new owner (2.924583ms)
✔ 5.6/7.3 exact entity material link and clearing a still-visible filter retain the requested old candidate (1.652542ms)
✔ 7.3/C.2 a previous empty entity filter does not suppress card refreshes on the breakdown page (1.434333ms)
✔ exact historical links beyond the first page open the old candidate without resetting pagination (2.392417ms)
✔ pagination changes only the group/card collection and does not automatically read another material (1.397291ms)
✔ a linked old candidate outside filters remains exact without changing unique or display counts (1.863333ms)
✔ explicit entity revision and state identity survive unified-card activation (0.910083ms)
✔ explicit state outranks a material default form and the owner reaches the exact card API (0.731958ms)
✔ shot reference browsing adds no writes and ordinary cards expose no selection operation (2.636583ms)
✔ shot reference unknown save retries keep operation identity and changed choices get a new one (0.974125ms)
✔ late save refreshes only the active page and never paints a closed dialog (1.296417ms)
✔ an empty reference version can be saved without a candidate and frozen versions explain the new plan (0.916167ms)
✔ an exact shot video candidate mismatch never falls back to another result (0.848167ms)
✔ saved reference routing waits for the modal history entry to return (0.932834ms)
✔ reference save refresh keeps the draft attached to the original immutable text (0.80275ms)
✔ flat management scope choices preserve authoritative labels and single selection linkage (1.069292ms)
✔ five main pages use one subtab container with one selected and keyboard-focusable tab (3.812ms)
✔ arrow and Home/End activate exact subtabs and preserve keyboard focus after rendering (0.579667ms)
✔ production navigation creates one accurate route and removes old record selection (0.456708ms)
✔ configuration URL selects exact subsection on refresh and back/forward (0.398291ms)
✔ main navigation restores the last exact URL of another main page (0.448041ms)
✔ reading offsets restore by exact URL and refresh and never overwrite a different URL (0.393375ms)
✔ E/S/SH labels retain existing numbers, preserve unknown IDs, and leave source strings unchanged (0.724709ms)
✔ returning to a production subpage restores its precise version/candidate and active clicks do not reload (0.512834ms)
✔ legacy episode-shot titles use both exact numbers while ambiguous chapter-local headings remain unchanged (0.602292ms)
✔ episode and scene filter labels use authoritative numbers without altering the API catalog (1.790375ms)
ℹ tests 671
ℹ suites 0
ℹ pass 671
ℹ fail 0
ℹ cancelled 0
ℹ skipped 0
ℹ todo 0
ℹ duration_ms 426.725208
