✔ rich text never interprets HTML, loads media or creates executable links (1.937917ms)
✔ method prose keeps internal deep links within the deployed prefix (1.31875ms)
✔ subchapter targets keep stable names and diagrams use the shared reader dialog (1.014834ms)
✔ prompts preserve newlines and literal syntax while tables retain labelled cells (0.869667ms)
✔ declared media uses local controls and pauses other method playback (0.70775ms)
✔ method image reader is independent of a pending story-region selection (1.876541ms)
✔ horizontal directory is never pulled back while finding a link (1.436958ms)
✔ focused desktop directory is not moved by active reading updates (1.332375ms)
✔ directory scrolling does not trigger reading progress calculation (0.420125ms)
✔ partially covered anchor is rescued after scroll restoration (0.472833ms)
✔ deep saved reading position and a different route are preserved (0.797042ms)
✔ legacy chapter-only links select their owner consistently while explicit tabs and plain defaults win (3.398333ms)
✔ asset card totals are independent of selected version and record revision, with navigation (6.763416ms)
✔ asset list without a positive integer material round does not invent a version or empty label (5.364541ms)
✔ other production records retain their record revision label (0.770333ms)
✔ history scene and shot records use shared cards with exact global location codes (2.557417ms)
✔ historical shot reads its hydrated exact demand and inputs instead of the identity current plan (6.987291ms)
✔ shared shot renderer retains exact background and material trace while changes and selected inputs stay visible (0.834042ms)
✔ project handoff exposes the selected original and its exact requirements without borrowing another version (1.148959ms)
✔ episode count deduplicates comment ids, includes closed and uses exact view revisions only (0.713208ms)
✔ grouping partitions exactly the explicitly related canonical identities regardless of obsolete owner filter (1.082167ms)
✔ late scene response cannot repaint after a later selection or workspace switch (1.892875ms)
✔ same-scene navigation only reuses the reader for the same accurate material route (0.668875ms)
✔ returning to a shot restores only a draft on a displayed exact Prompt revision (0.648333ms)
✔ clicking the mounted episode again supersedes an in-flight episode switch (3.983334ms)
✔ cancel body cleanup failure retains the actual editor and reports incomplete cancellation (6.202291ms)
✔ cancel :discussion cleanup failure retains the actual editor and reports incomplete cancellation (2.337667ms)
✔ cancel :submission cleanup failure retains the actual editor and reports incomplete cancellation (1.248125ms)
✔ acknowledged create body cleanup failure retains receipt and retries cleanup without another POST (2.402959ms)
✔ acknowledged create :discussion cleanup failure retains receipt and retries cleanup without another POST (2.34525ms)
✔ acknowledged create :submission cleanup failure retains receipt and retries cleanup without another POST (1.547417ms)
✔ quota rejecting the success marker retains exact UUID, prevents repeat POST in this page and explains refresh limit (3.661542ms)
✔ a refreshed page uses a durable success receipt only for cleanup, including a partly removed body (2.130125ms)
✔ a stored success for one payload does not mark a changed opinion as saved or reuse its UUID (1.946625ms)
✔ known success plus unreadable pending storage stays truthful and cannot cause a second request (2.1835ms)
✔ known edit success is persisted and retry cleanup does not PATCH the old expected_version again (4.894708ms)
✔ late acknowledged success cannot delete another tab newer draft and request identity (1.107625ms)
✔ unreadable submission before send fails closed and cannot silently create a fresh UUID (2.896708ms)
✔ two pages with B written first: A save cleans only A; B retains body, anchor, target and start version (10.835167ms)
✔ one page cancellation preserves the other page even at the identical comment and anchor (2.671291ms)
✔ reload retains page ownership while a new or duplicated navigation gets its own editor (4.387667ms)
✔ list refresh never upgrades start version; rejected save retains the complete draft and original basis (1.593916ms)
✔ explicit reviewed retry uses its frozen version and another change still rejects (1.559541ms)
✔ legacy shared text cannot silently become a modification based on the current comment version (1.255916ms)
✔ unconfirmed PATCH retries the same start version and never uses a newly fetched list version (1.843042ms)
✔ local storage failure blocks transmission while the start basis and live input remain (1.031625ms)
✔ recovery catalog exposes exact old target only, independently of the current latest revision (2.470125ms)
✔ another comment and visual/time anchors cannot reuse the edit key or basis (1.072541ms)
✔ conflict review controls unlock when a rejected save finishes (0.811333ms)
✔ materials: editing a shared plan keeps its exact recorded round 1 (23.721667ms)
✔ materials: editing a shared plan keeps its exact recorded round 2 (1.653542ms)
✔ settings: editing a shared plan keeps its exact recorded round 1 (2.637583ms)
✔ settings: editing a shared plan keeps its exact recorded round 2 (1.811208ms)
✔ legacy comments without scopes remain locatable without inventing a round attribution (2.661084ms)
✔ an unavailable explicit round cannot silently use the latest revision match (1.719916ms)
✔ an explicit round must contain the exact commented revision (2.525083ms)
✔ materials: locating the original selection also follows the recorded round without editing (1.677833ms)
✔ settings: locating the original selection also follows the recorded round without editing (2.547875ms)
✔ multiple material scopes require an existing exact card context, not an arbitrary first match (2.069542ms)
✔ an invalid preferred scope does not fall through to another valid material (2.010667ms)
✔ ASSET: edit waits for the exact historical reader and does not cancel its own completion (2.072125ms)
✔ CALL: edit waits for the exact historical reader and does not cancel its own completion (1.636ms)
✔ failed historical loading never starts an editor on the wrong content (1.561417ms)
✔ an old response cannot reissue its lookup after a newer navigation (5.325375ms)
✔ cancelling an old location never invalidates a newer request that already owns the read epoch (1.346459ms)
✔ a fresh selection draft invalidates the old read before it can clear that new draft (1.866875ms)
✔ a newer comment edit remains active when the old asset request arrives (2.606ms)
✔ round selection cancels an old material lookup (1.360333ms)
✔ card selection cancels an old material lookup (3.530041ms)
✔ leaving the workspace ignores the old response and does not open an editor (1.439541ms)
✔ story.sources: ordinary comment editing still starts immediately (1.557584ms)
✔ story.outline: ordinary comment editing still starts immediately (1.499375ms)
✔ ASSET: a recorded material card identity survives the same historical load (2.640417ms)
✔ CALL: a recorded material card identity survives the same historical load (1.392ms)
✔ a captured material absent after loading cannot fall through to another valid scope (1.303792ms)
✔ a new card choice invalidates the captured identity of an old asynchronous location (2.4585ms)
✔ an older failed lookup stays silent after newer navigation owns the reader (5.004459ms)
✔ the actual material workspace and card renderer retain the explicitly located nonfirst card (3.112625ms)
✔ materials: WAV opinion restores original component while preserving exact candidate and retained state (2.434ms)
✔ settings: WAV opinion restores original component while preserving exact candidate and retained state (2.386541ms)
✔ materials: component failure leaves the current reader and draft intact (2.084625ms)
✔ materials: file failure leaves the current reader and draft intact (1.876083ms)
✔ materials: revision failure leaves the current reader and draft intact (1.496417ms)
✔ materials: object failure leaves the current reader and draft intact (1.62ms)
✔ materials: duration failure leaves the current reader and draft intact (1.685041ms)
✔ materials: nonfinite failure leaves the current reader and draft intact (1.494291ms)
✔ materials: invalid-anchor failure leaves the current reader and draft intact (2.465459ms)
✔ settings: component failure leaves the current reader and draft intact (1.32675ms)
✔ settings: file failure leaves the current reader and draft intact (1.006458ms)
✔ settings: revision failure leaves the current reader and draft intact (0.922709ms)
✔ settings: object failure leaves the current reader and draft intact (1.029667ms)
✔ settings: duration failure leaves the current reader and draft intact (1.880417ms)
✔ settings: nonfinite failure leaves the current reader and draft intact (2.04175ms)
✔ settings: invalid-anchor failure leaves the current reader and draft intact (1.363875ms)
✔ one exact player cannot clamp a comment into a shorter placement (1.281291ms)
✔ legacy round traversal returns to the exact plan model used by a saved draft (1.911709ms)
✔ entity entry locates a retained state supplied with the exact media, without borrowing its current state (1.635541ms)
✔ image location searches the exact revision and file in the active card: true (1.192292ms)
✔ image location searches the exact revision and file in the active card: false (1.316ms)
✔ outside pointerdown leaves layout intact; click capture closes before the original target opens its new draft (9.285458ms)
✔ a region draft opened on pointerup survives its trailing click and keeps exact draft metadata (3.079667ms)
✔ keyboard click ignores stale pointer state and still lets its target start a draft (2.354375ms)
✔ dialog descendant keeps the outer comments open through pointerdown and click (2.389625ms)
✔ review-cue descendant keeps the outer comments open through pointerdown and click (1.793584ms)
✔ material-reference descendant keeps the outer comments open through pointerdown and click (1.7225ms)
✔ marked-trigger descendant keeps the outer comments open through pointerdown and click (1.482125ms)
✔ plain outside click collapses without discarding draft, while panel descendants stay open (1.639875ms)
✔ dialog comments at 1024px retain the exact reader and media while opening and returning focus (2.087708ms)
✔ dialog comments at 1440px retain the exact reader and media while opening and returning focus (2.280458ms)
✔ closing comments falls back inside the dialog when its original trigger is removed (1.413542ms)
✔ closing comments falls back inside the dialog when its original trigger is hidden (1.659916ms)
✔ exact reference text location at 390px sees the correct panel state before seeking (2.0465ms)
✔ exact reference time location at 390px sees the correct panel state before seeking (1.410167ms)
✔ exact reference text location at 1199px sees the correct panel state before seeking (1.185834ms)
✔ exact reference time location at 1199px sees the correct panel state before seeking (1.421667ms)
✔ exact reference text location at 1200px sees the correct panel state before seeking (1.278ms)
✔ exact reference time location at 1200px sees the correct panel state before seeking (1.342875ms)
✔ exact reference text location at 1440px sees the correct panel state before seeking (1.327917ms)
✔ exact reference time location at 1440px sees the correct panel state before seeking (2.079417ms)
✔ production comment routing at 390px reveals the reader before forwarding the exact material anchor (0.947125ms)
✔ production comment routing at 1199px reveals the reader before forwarding the exact material anchor (1.07525ms)
✔ production comment routing at 1200px reveals the reader before forwarding the exact material anchor (1.730084ms)
✔ production comment routing at 1440px reveals the reader before forwarding the exact material anchor (2.05975ms)
✔ ordinary source location at 390px reveals its exact target and keeps the draft (1.677583ms)
✔ ordinary structure location at 390px reveals its exact target and keeps the draft (1.861875ms)
✔ ordinary script-start location at 390px reveals its exact target and keeps the draft (1.509083ms)
✔ ordinary script-end location at 390px reveals its exact target and keeps the draft (1.587792ms)
✔ ordinary source location at 1199px reveals its exact target and keeps the draft (1.075958ms)
✔ ordinary structure location at 1199px reveals its exact target and keeps the draft (1.058875ms)
✔ ordinary script-start location at 1199px reveals its exact target and keeps the draft (1.113625ms)
✔ ordinary script-end location at 1199px reveals its exact target and keeps the draft (2.064042ms)
✔ ordinary source location at 1200px reveals its exact target and keeps the draft (0.877542ms)
✔ ordinary structure location at 1200px reveals its exact target and keeps the draft (0.721584ms)
✔ ordinary script-start location at 1200px reveals its exact target and keeps the draft (0.771292ms)
✔ ordinary script-end location at 1200px reveals its exact target and keeps the draft (0.767625ms)
✔ ordinary source location at 1440px reveals its exact target and keeps the draft (1.175709ms)
✔ ordinary structure location at 1440px reveals its exact target and keeps the draft (1.060125ms)
✔ ordinary script-start location at 1440px reveals its exact target and keeps the draft (2.044292ms)
✔ ordinary script-end location at 1440px reveals its exact target and keeps the draft (0.91525ms)
✔ failed ordinary source revision location keeps the open panel and focus (1.209291ms)
✔ failed ordinary source target location keeps the open panel and focus (1.078ms)
✔ failed ordinary source invalid-anchor location keeps the open panel and focus (0.921791ms)
✔ failed ordinary structure revision location keeps the open panel and focus (2.635958ms)
✔ failed ordinary structure target location keeps the open panel and focus (1.200916ms)
✔ failed ordinary structure invalid-anchor location keeps the open panel and focus (1.13075ms)
✔ failed ordinary script revision location keeps the open panel and focus (1.387791ms)
✔ failed ordinary script target location keeps the open panel and focus (1.225292ms)
✔ failed ordinary script invalid-anchor location keeps the open panel and focus (1.010833ms)
✔ a narrow SOURCE location for a different source keeps its comment panel open (1.068916ms)
✔ direct narrow script end location with a missing endpoint keeps the panel open (1.119583ms)
✔ narrow successful location restores focus even if comment rendering already moved it to BODY (2.02925ms)
✔ closing a unified card restores both outer visibility and aria-expanded (hidden=true) (1.808875ms)
✔ closing a unified card restores both outer visibility and aria-expanded (hidden=false) (1.053334ms)
✔ nested unified cards restore each owning reader and its own comment visibility in order (1.25875ms)
✔ a late lower-card response waits for the newer upper card and returns to its own reader (11.417958ms)
✔ same immutable plan has isolated draft and discussion choices in each material round (5.09925ms)
✔ one original shared by two material cards uses the clicked card identity (3.119584ms)
✔ existing comment edits and non-material drafts retain their original keys (1.304958ms)
✔ legacy draft is shown only when present and moves only by explicit recovery without overwriting (1.294166ms)
✔ legacy recovery retains the original if destination storage fails (1.005875ms)
✔ unchanged failed create reuses the full request ID after page refresh (4.209916ms)
✔ changed body is a new operation while an unchanged retry keeps its ID (1.0235ms)
✔ changed anchor and material create distinct operations; comments add no revision intent (1.153209ms)
✔ old round reload retains the unconfirmed feedback intent after the server advanced (1.823ms)
✔ in-flight button and shortcut calls share the lock, including intent changes (0.900042ms)
✔ late success cannot clear another page draft or navigate its material context (1.635875ms)
✔ late success cannot remove a newer draft saved by another tab (0.842667ms)
✔ explicit HTTP 400 preserves the actual draft and exact operation but states rejection instead of uncertain success (8.250625ms)
✔ explicit HTTP 409 preserves the actual draft and exact operation but states rejection instead of uncertain success (2.356416ms)
✔ refreshing the old material round retains rejected status, original UUID and exact scope after a new plan appears (4.129166ms)
✔ a later same-payload attempt can become uncertain again without changing its UUID or duplicating notices (2.973125ms)
✔ editing a rejected payload starts a new operation and does not carry the old rejection (1.322792ms)
✔ a late rejection records only its old operation and never replaces another page editor or adds a notice there (1.290042ms)
✔ a late rejection cannot overwrite a newer pending submission from another tab (1.621375ms)
✔ failure to persist the rejection keeps it in the same exact session without replacing the unique editor (1.408917ms)
✔ incomplete JSON retains HTTP 409 and distinguishes explicit rejection from an unconfirmed successful or failing response (0.823916ms)
✔ incomplete JSON retains HTTP 201 and distinguishes explicit rejection from an unconfirmed successful or failing response (0.799958ms)
✔ incomplete JSON retains HTTP 503 and distinguishes explicit rejection from an unconfirmed successful or failing response (0.920666ms)
✔ a pending storage read failure after HTTP 409 keeps the original refusal visible and does not reject the save callback (0.905375ms)
✔ another tab's same-operation attempt expires the old rejection, including quota fallback (false) (1.902ms)
✔ another tab's same-operation attempt expires the old rejection, including quota fallback (true) (2.484917ms)
✔ a late 409 cannot overwrite another tab retry of the same UUID and payload (1.682792ms)
✔ unanchored whole manuscript shows sections, text, original image and caption once, with existing zoom (3.723584ms)
✔ anchored excerpt and whole manuscript do not display duplicate batches; repeated toggles do not append again (1.191792ms)
✔ pure text and source images remain readable; invalid local image never falls back (0.649917ms)
✔ late success cannot replace another step, opinion, reopened dialog or manuscript (7.374ms)
✔ late failure cannot replace another step, opinion, reopened dialog or manuscript (3.338667ms)
✔ current read failure is visible and exact URL never requests latest (0.696959ms)
✔ story.sources: draft storage failure preserves the actual editor, unique input and feedback choice (8.311792ms)
✔ story.sources: submission storage failure preserves the actual editor, unique input and feedback choice (2.40875ms)
✔ story.outline: draft storage failure preserves the actual editor, unique input and feedback choice (1.032958ms)
✔ story.outline: submission storage failure preserves the actual editor, unique input and feedback choice (1.59475ms)
✔ materials.workspace: draft storage failure preserves the actual editor, unique input and feedback choice (1.288667ms)
✔ materials.workspace: submission storage failure preserves the actual editor, unique input and feedback choice (1.296375ms)
✔ material card pointerdown removes an unanchored editor and retains both exact drafts (5.061209ms)
✔ material card focusin removes an unanchored editor and retains both exact drafts (2.614625ms)
✔ story.sources: first failed request adds one pending notice without replacing the real editor (1.973459ms)
✔ materials.workspace: first failed request adds one pending notice without replacing the real editor (1.118542ms)
✔ late failed request does not add its notice to another real editor (1.188833ms)
✔ story.sources: acknowledged retry removes the real editor even when refresh finds identical comments (11.022208ms)
✔ story.outline: acknowledged retry removes the real editor even when refresh finds identical comments (1.54325ms)
✔ acknowledged retry with unchanged comments never removes a newer page editor (1.432334ms)
✔ a delayed comment refresh cannot restore an older comment after a newer refresh (0.914542ms)
✔ different-block omission preserves both selected passages in one opinion (3.253875ms)
✔ same-block omissions and reordered passages retain reading order (0.18225ms)
✔ a genuine continuous selection keeps the historical single-range format (0.091958ms)
✔ Unicode boundaries, invalid mappings and overlapping passages cannot produce a quote (0.101667ms)
✔ production locator checks all selected passages without requiring hidden middle blocks (0.378125ms)
✔ returning to a draft keeps the composed reader for continuous or segmented visible ranges (0.1885ms)
✔ same-form input written after submit survives and the next operation uses the confirmed version (9.388292ms)
✔ saving PROJECT preserves an unsaved SYSTEM field and the visible group (1.634792ms)
✔ a returned page owns its new form and a late old save never rebases that form (2.37925ms)
✔ a confirmed PATCH and failed GET cannot be mislabeled unsaved or repeated unchanged (2.749792ms)
✔ unknown PATCH retains its exact operation and a retry first recognizes committed configuration (1.977958ms)
✔ a known absent write retries the original version and payload only after explicit submit (1.687292ms)
✔ a different or later configuration never authorizes overwriting with a higher version (2.099417ms)
✔ same form cannot double submit, and an old read cannot roll back a newer saved scope (2.303333ms)
✔ favicon upload and clear retain save locking and unsaved icon selection (2.526875ms)
✔ navigation during unknown-result lookup never posts again or changes the new form (1.817459ms)
✔ HTTP 409 is a known rejected write, keeps the old version and live input, and never reads back as unknown (1.047834ms)
✔ HTTP 400 preserves input and accepts an explicit corrected operation at the original version (1.536417ms)
✔ known rejection after an absent-write readback clears pending status without raising the version (1.829625ms)
✔ HTTP 503 can still be a lost success and uses the original exact readback comparison (1.617958ms)
✔ a late HTTP 409 never labels or reconstructs a newly opened configuration form (0.931875ms)
✔ workspace remount preserves both live configuration forms and unsubmitted input (0.703417ms)
✔ refresh restores unsubmitted fields with their original base and cannot adopt a concurrent version (1.682792ms)
✔ refresh retains an unknown operation and recognizes its exact committed result before another PATCH (2.498458ms)
✔ a successful save finishing while another workspace is open leaves the retained form usable (1.512541ms)
✔ refresh retains an intentionally empty unsaved numeric input instead of inventing zero (1.494791ms)
✔ invalid context values reject before PATCH while the icon and sibling input remain intact (2.957917ms)
✔ file cancellation and upload rejection never change saved or pending selection (1.490791ms)
✔ deferred configuration loads choices once and cannot remount a page after leaving it (0.988125ms)
✔ new publication removes old persistence only for this environment; an old open tab cannot use it (3.793208ms)
✔ requests and local resources use the prefix once, with an exact publication header (0.752041ms)
✔ direction confirmed POST and failed GET remain saved, close the form and never resend the old snapshot (4.93675ms)
✔ direction unknown result stays explicit, retains original version and prevents automatic or blind repeated writes (1.043334ms)
✔ cancelled direction success names the original choice without reading or rendering behind a newer page (0.4145ms)
✔ direction failure after cancellation or navigation cannot show an error on a newer page (2.116375ms)
✔ direction refresh cannot replace a new structure snapshot, revision, workspace or reader (4.711042ms)
✔ direction normal success uses the returned snapshot once and preserves the original selection version (0.949916ms)
✔ a dialog whose original reader has been replaced cannot start a new direction write (0.916417ms)
✔ comparison uses identity only inside selected composition, including a moved parent (2.081375ms)
✔ multi-parent reuse is ambiguous until user chooses an exact parent in navigation (2.498583ms)
✔ edition change cannot reuse a scene from another edition even when every child is identical (1.292708ms)
✔ return to a mounted edition reads its composition when an intermediate directory already advanced (1.424708ms)
✔ browsing an older material plan keeps the current entity scope available and posts only that scope (10.857625ms)
✔ a retained frozen material call does not replace or disable current entity acceptance (2.093375ms)
✔ each state restores its material choice while historical entity and state sections stay read-only (2.81075ms)
✔ accept, revoke and reaccept retain exact scope and optimistic version semantics (7.678375ms)
✔ incomplete preparation still posts content acceptance without claiming generation readiness (2.708125ms)
✔ a queued callback cannot accept a newly historical entity, another reader or another workspace (5.935458ms)
✔ entity save keeps one request across double invocation and rerender, and distinguishes its actual refresh failure (7.1395ms)
✔ entity unknown result retains the exact version, blocks blind resend and does not claim success (3.064208ms)
✔ entity late writes never reload a new entity, workspace or replaced local reader (15.395458ms)
✔ entity own refresh failure stays quiet after a new actual detail read takes ownership (3.502792ms)
✔ entity decision reload retains the chosen material version and candidate (7.602584ms)
✔ [defect-probing] early close still refreshes its live list for accept and revoke (6.630625ms)
✔ [defect-probing] a failed own detail read does not suppress the saved list update (1.59075ms)
✔ late entity success cannot call the replacement page list refresher (2.000041ms)
✔ detail reads crossing a successful entity decision recheck once without resending the write (3.125792ms)
✔ unrelated decisions do not invalidate another entity read and repeated changes are bounded (2.61975ms)
✔ failed or conflicting entity writes retain scope and never refresh or retry (3.772ms)
✔ [defect-probing] late old index response cannot overwrite a newer decision projection (10.901ms)
✔ refresh uses current search and acceptance filters and preserves or clamps pagination (2.6115ms)
✔ list refresh is inert after leaving and returning to a newer page lifecycle (1.014ms)
✔ saved decision plus index read failure stays explicit and its retry only reads the index (1.324042ms)
✔ actual settings load preserves exact older asset and real round while active entity remains current (10.012291ms)
✔ withdrawn entity and omitted state retain their exact old materials after refresh (2.6685ms)
✔ actual round change serializes card identity and reload restores that real round (2.850792ms)
✔ accurate historical CALL is restored with its material scope, not a different latest call (2.718709ms)
✔ shared exact member restores the explicitly named card and round rather than the first card (2.965834ms)
✔ wrong owner, wrong explicit card and unavailable round never silently change the requested URL (9.642875ms)
✔ unrelated external record kinds remain outside settings and cannot become an entity material (2.407458ms)
✔ legacy exact media without material rounds remains readable without fabricating a version (1.955708ms)
✔ late entity route response cannot override a newer record or workspace (8.967792ms)
✔ same asset present in two rounds keeps the explicit round and immutable API data (4.513416ms)
✔ historical same-object asset renders its exact original, without inheriting newer crop or range (2.289084ms)
✔ explicitly switching to another state clears the previous card and round URL context (7.359167ms)
✔ clicking the selected state from its material preserves its exact version, live draft and reading node (1.958875ms)
✔ actual unassigned renderer respects a verified second shared card in both empty/result directions (11.129417ms)
✔ foreign or no-longer-member card memory cannot redirect unassigned material rendering (3.968208ms)
✔ legacy CALL uses the actual media context and keeps its exact comment target without invented rounds (3.178584ms)
✔ empty current round restores its visible retained card on reload without showing previous results (3.572375ms)
✔ an associated empty card does not open unrelated unassigned media (1.811292ms)
✔ review notes keep exact text and field index without mutating immutable payloads (6.150667ms)
✔ generation parameters retain server numeric spelling for exact comment offsets (1.054875ms)
✔ switching one version back to current cannot accept another still historical section (1.0545ms)
✔ whole-entity content remains constant when selecting a different form or comment target (7.525458ms)
✔ an explicit historical state stays exact and flags the card; normal refresh follows current content (1.942292ms)
✔ comments aggregate exact references and switching focus does not narrow them (1.723792ms)
✔ a delayed aggregate cannot overwrite a newer selection (1.095667ms)
✔ old workflow URLs return to current content without a separate state option (1.338ms)
✔ earlier revision opinions remain in the entity panel (1.975375ms)
✔ locating a current opinion resets an earlier historical state context (2.194542ms)
✔ state media excludes entity-only candidates, other states and other revisions (1.0855ms)
✔ several materials can describe one state and reuse requires explicit coverage for each state (1.16725ms)
✔ unassigned media comments open their separate area without changing the selected state (1.321459ms)
✔ mapped media comments select their state; historical unlinked media stays separate (0.918ms)
✔ a time opinion outside current coverage opens its original file separately (1.265125ms)
✔ an original linked only by review_state locates its exact historical state without claiming coverage (1.765875ms)
✔ CALL location reuses the retained exact original and its full inputs, without adding a second call (1.337541ms)
✔ independent CALL remains readable when no exact original card exists (1.08925ms)
✔ time location checks exact revision, file and unclipped range before touching a player (1.181083ms)
✔ refreshing a media comment keeps the explicitly selected state (1.812959ms)
✔ fresh entity link keeps its explicit state without a redundant owner parameter (1.781083ms)
✔ withdrawn exact page preserves content and originals but removes completion cues and follows exact merge references (12.927875ms)
✔ old v1 remains unchanged while a proven current withdrawal is stated separately (2.347917ms)
✔ old acceptance without the current payload does not infer withdrawal from historical or a newer head id (1.915542ms)
✔ an explicitly withdrawn historical version is not labeled as the current entity status after reactivation (2.046291ms)
✔ a withdrawn state does not fabricate withdrawal of its active entity or remove real current entity issues (2.270625ms)
✔ missing cause and destinations remain unknown; a different cached target revision cannot supply its historical title (2.544875ms)
✔ active current records retain their completion hints, original media section and acceptance callback (2.269708ms)
✔ withdrawn latest material round stays neutral while its real selector still reveals the exact old plan and both originals (12.594833ms)
✔ a withdrawn plan with an existing recipe and result retains its exact commentable fields and original (2.052208ms)
✔ an active material without a recipe or result keeps its actionable placeholder and preparation message (2.524209ms)
✔ unified material ownership uses exact scene, shot and episode numbers without rewriting stored titles or body (11.050167ms)
✔ material image labels normalize generated codes while file, crop and source record remain exact (2.129917ms)
✔ reference image and its lightbox share the normalized label and exact old component (2.16325ms)
✔ legacy image projections and review renderer share display codes without mutating components (10.180959ms)
✔ generated comment groups, version accessibility labels and placeholders format positions while opinions stay intact (3.619583ms)
✔ scene material cards replace local heading codes only from an exact owning scene scope (1.381041ms)
✔ allocated object codes override local numbers while prose and excluded object titles stay literal (1.863333ms)
✔ audiovisual position labels use their independent exact allocation (1.776708ms)
✔ exact story excerpt without an optional scene heading remains readable (2.452042ms)
✔ Independent group endings consume rows and continuation retains the group (0.890167ms)
✔ All pages contain each entity or group/material identity once; width is not a pagination input (1.502709ms)
✔ All supported row sizes preserve independent four-column rows and every item (0.603458ms)
✔ lossless graph restores independent repeated trees and literal reserved-looking fields (0.606333ms)
✔ invalid and cyclic graph references fail without an expanding recursion (0.226667ms)
✔ asset index opens B in its own older round, with B media, call, text and comment target (13.307958ms)
✔ exact link opens B in its own older round, with B media, call, text and comment target (3.347875ms)
✔ the actual asset renderer defaults to its own exact candidate without relying on a URL target (7.894042ms)
✔ a deliberate round change still opens that round and allows returning to the saved exact candidate (4.858959ms)
✔ ordinary PLAN respects an exact target or defaults to a generated version (4.953875ms)
✔ explicit PLAN respects an exact target or defaults to a generated version (2.742666ms)
✔ an asset remains readable in its historical round while a newer round is preparing (2.875625ms)
✔ multiple material memberships retain the explicitly selected nonfirst card and its matching exact round (3.098125ms)
✔ a previous detail card cannot override the newly opened asset membership (3.454834ms)
✔ unified material fresh entry ignores another card's version in the caller URL (2.76025ms)
✔ unified material exact reference ignores another card's version in the caller URL (2.107958ms)
✔ a lazy material list keeps the exact scope title supplied with its standalone card (2.421375ms)
✔ deduplicated asset index keeps the requested member and submits its accurate judgment (7.972167ms)
✔ deduplicated exact link keeps the requested member and submits its accurate judgment (3.261791ms)
✔ same-source switching retains each exact reader and never adopts a sibling (2.795583ms)
✔ same-source response is discarded after another card takes ownership (1.896334ms)
✔ production text selection uses the active dialog rather than a background duplicate (1.915167ms)
✔ old design demands keep their own definition without assigning another plan results to them (0.814458ms)
✔ material opinion groups explain the old record without moving its comment to the current definition (1.161333ms)
✔ old demand with no recorded output remains readable and does not borrow current output text (0.534917ms)
✔ an external edit displays its actual production note without inventing an unknown model (0.738333ms)
✔ an exact review link chooses its candidate and its original call, not the first result (7.6985ms)
✔ a historical target keeps its exact revision after feedback updates the asset metadata (0.295917ms)
✔ an exact member replaces its deduplicated representative without expanding or mutating the round (0.15ms)
✔ exact fallback cannot borrow a nonmember from another round or a different original or call (0.121375ms)
✔ exact member substitution prefers its own object and preserves other distinct candidates (0.104125ms)
✔ cards preserve exact plan candidates and do not attach an old candidate to a new recipe (0.218917ms)
✔ audio and image remain individual material cards without media-type columns (0.065833ms)
✔ CALL review uses server numeric spelling and omits only a duplicate prompt parameter (0.220708ms)
✔ older asset versions keep their card using placement context without rewriting history (0.079292ms)
✔ relationship labels changed independently of prose still have an exact anchor (0.06075ms)
✔ story references use the exact source reader and preserve scene and block limits (0.174667ms)
✔ material references retain their exact media reader; explicit evidence can cite an entity (0.124208ms)
✔ materials count current identities and show only genuine missing state demands (0.271208ms)
✔ content facets include actual calls, review conclusions and adoption through their material (0.110208ms)
✔ review workspaces have no manual-entry forms or workflow navigation (0.738667ms)
✔ block scope aggregates all live statuses and anchor kinds, excludes other blocks and versions, deduplicates (0.309042ms)
✔ effective inputs retain source order and type numbering, include exact storyline context (0.267584ms)
✔ carried text revisions keep comments inside the selected material round (0.066791ms)
✔ an exact historical candidate does not replace other real calls in the same material round (0.092875ms)
✔ a preparing round owns its older results without showing duplicate current cards (0.100333ms)
✔ shared media use its associated requirement round even outside the visible state plans (0.884334ms)
✔ a pending material round keeps earlier results inside history instead of creating duplicate cards (0.140041ms)
✔ legacy audio requirements do not inherit an unrelated image card through display sorting (0.114167ms)
✔ a shared asset uses its producing requirement rounds on another state instead of database revisions (0.0955ms)
✔ missing exact file composition is reported instead of falling back to another original (0.053917ms)
✔ default round uses the largest generated version and candidate numbers survive metadata edits (0.057ms)
▶ shared material cards read relations from the displayed exact definition or candidate
  ✔ frozen definition with no active plan (2.075084ms)
  ✔ direct candidate in a frozen material (0.568625ms)
  ✔ exact old demand overrides another round definition (0.454625ms)
  ✔ preparing plan remains its own exact record (0.429375ms)
  ✔ missing frozen definition uses exact selected candidate (0.41625ms)
  ✔ standalone original uses its own identity (0.441125ms)
  ✔ frozen version without an original still uses its definition (0.593708ms)
✔ shared material cards read relations from the displayed exact definition or candidate (5.370625ms)
▶ late relation success or error cannot populate a replaced material card
  ✔ late success (1.559375ms)
  ✔ late error (0.544125ms)
✔ late relation success or error cannot populate a replaced material card (2.291375ms)
▶ original generation details preserve exact calls, missing history and reading position
  ✔ complete historical call is collapsed once without changing its context (0.600958ms)
  ✔ closing restores every enclosing scroller after layout and keeps focus visible (0.521125ms)
  ✔ open state follows exact asset and call rather than another candidate (0.432708ms)
  ✔ absent CALL stays immediately readable and is not replaced by a recipe (0.374875ms)
✔ original generation details preserve exact calls, missing history and reading position (2.1665ms)
✔ visible block number and its existing list share scope after edits, close/reopen, deletion and revision switch (1.857459ms)
✔ reference scopes use exactly the quoted revision even when an outer round has carried versions (1.483375ms)
✔ nested reference sessions return the panel and outer pending draft without borrowing material context (1.348709ms)
✔ extra material round candidates use their own image title and alt without copying the first placement (7.299041ms)
✔ an explicit label belonging to the exact second placement is retained (1.833042ms)
✔ old revisions in extra and planned rounds cannot inherit a current revision placement label (7.513542ms)
✔ late metadata retains the newest located range and never resumes playback (3.496375ms)
✔ boundary timer uses actual media time after a stall, stops before sparse timeupdate and is cleared on pause (0.769334ms)
✔ reference audition seeks and stops independently of the comment selection, then full playback starts at zero (0.640792ms)
✔ invalid, unavailable and detached reference auditions never substitute a range or resume media (1.165833ms)
✔ closed player ignores late metadata and refuses to take focus again (0.604458ms)
✔ same-duration substitute or out-of-range anchor is refused {"component_id":"preview"} (0.512708ms)
✔ same-duration substitute or out-of-range anchor is refused {"asset_file":"preview.mp3"} (0.408166ms)
✔ same-duration substitute or out-of-range anchor is refused {"end_seconds":11} (0.489916ms)
✔ a file read failure stays visible and does not advertise playback (1.122584ms)
✔ method hops and a reloaded history entry restore the exact list and its reading offsets (3.411833ms)
✔ a clean link in another tab and a different publication have no inherited production route (1.932125ms)
✔ history visits and newer explicit choices use their own return snapshot (0.842208ms)
✔ restoration preserves unrelated history state and rejects foreign deployment paths (0.473291ms)
✔ only ordinary method-link clicks are handled; exact work, external, download and modified clicks stay native (0.721916ms)
✔ an instance change on the same origin rejects a prior project return snapshot (0.389708ms)
✔ management reload takes pagination from the requested URL rather than the mounted list (0.611792ms)
✔ navigation definitions load before the application state in the real bundle order (0.531833ms)
✔ each real subpage has its own complete purpose and route identity (0.790041ms)
✔ legacy entity and material routes describe the resolved subpage (0.101375ms)
✔ set failure cannot replace the live draft or its selection during comment repaint (5.394791ms)
✔ get failure cannot replace the live draft or its selection during comment repaint (1.115709ms)
✔ body write failure restores the exact source draft after leaving and returning (1.075792ms)
✔ meta write failure restores the exact source draft after leaving and returning (0.841916ms)
✔ a later successful input supersedes the failed-write fallback before leaving (0.909625ms)
✔ an older failed anchor cannot reclaim a newer active draft on return (1.257125ms)
✔ an older failed anchor cannot reclaim a newer cancelled draft on return (1.003667ms)
✔ failed-write source fallback never follows the same legacy key into another exact revision (0.631458ms)
✔ successful cancellation removes a failed-write fallback and cannot revive it on the same anchor (1.282875ms)
✔ failed explicit suggestion apply retains original text and suggestion, then successful apply replaces the fallback (2.097625ms)
✔ storage failure before suggestion success keeps the unique raw input and selection (5.819083ms)
✔ storage failure before suggestion failure keeps the unique raw input and selection (1.570958ms)
✔ reference context failure also preserves unique unsaved input (0.984042ms)
✔ preview keeps raw whitespace instead of replacing it with the trimmed request (1.131791ms)
✔ late context ignores a newer unique text (0.699917ms)
✔ late suggestion ignores a newer unique text (1.180417ms)
✔ polishComment rejects another exact revision even when source draftKey and body match (0.961959ms)
✔ previewPolish rejects another exact revision even when source draftKey and body match (2.712667ms)
✔ late suggestion failure does not repaint another source editor (1.827167ms)
✔ whitespace edited during request survives a still-matching trimmed result (2.174709ms)
✔ technical suggestion changes the draft only on explicit apply and never submits a comment (1.301958ms)
✔ storage failure does not interrupt input controls after an old polish request (1.1315ms)
✔ old polish success cannot unlock a newer request after storage failure (1.462417ms)
✔ old polish failure cannot unlock a newer request after storage failure (1.384333ms)
✔ inspected snapshot is reused for submit and changed server context preserves the opinion (1.292833ms)
✔ adopting a local mocked suggestion invalidates the old reference snapshot (2.492708ms)
✔ both managers share exact scope and reject guessing a legacy source scene (4.870125ms)
✔ empty locations do not erase a valid selected scene or hide future directory children (1.494833ms)
✔ switching manager keeps filters but applies the source exact scope; returning refuses another edition (0.999125ms)
✔ a scoped material opens its unique accurate reference instead of its head (2.616541ms)
✔ a scene shared by two current editions uses an explicit parent choice (0.808084ms)
✔ reopening a historical manager URL cannot return through a stale current shot (0.662375ms)
✔ history-only readiness opens the real lazy selector and posts the chosen historical file with the original contract (11.274125ms)
✔ explicit 0-candidate scope never expands to the global inventory (1.226875ms)
✔ explicit 1-candidate scope never expands to the global inventory (2.536125ms)
✔ cancel/reopen isolates a late successful inventory from the new editor (2.270208ms)
✔ cancel/reopen isolates a late failed inventory from the new editor (3.617333ms)
✔ initial inventory cannot populate or submit after detached ownership changes (2.305667ms)
✔ initial inventory cannot populate or submit after workspace ownership changes (2.076125ms)
✔ initial inventory cannot populate or submit after read ownership changes (2.565417ms)
✔ initial inventory cannot populate or submit after load ownership changes (2.215875ms)
✔ failed or malformed inventory "network" preserves input without falling back to the page index (1.806458ms)
✔ failed or malformed inventory null preserves input without falling back to the page index (1.253875ms)
✔ failed or malformed inventory {} preserves input without falling back to the page index (1.986875ms)
✔ failed or malformed inventory [{"kind":"ASSET","payload":null}] preserves input without falling back to the page index (1.393708ms)
✔ late A response cannot replace B selection or the adopted exact revision (1.162459ms)
✔ recovery: lost response recognizes only the exact created or updated head (2.09875ms)
✔ recovery: another id, content, or later head cannot be called this saved request (3.4975ms)
✔ recovery: a rejected write retries the original id and version without elevating it (1.800917ms)
✔ uncertain: failed readback retains the snapshot and retry first resolves it (1.692375ms)
✔ uncertain: editing after an unknown result cannot relabel the old save as new content (1.234291ms)
✔ uncertain: cancellation during readback prevents retry, reload and late errors (1.058375ms)
✔ recovery: missing or malformed current heads never authorize a stale update (1.646ms)
✔ loading and failed replacement clear old options and cannot submit the old asset (0.751542ms)
✔ A to B to A uses the newest request even when the asset identity matches again (0.668167ms)
✔ clearing the asset cancels pending selection without issuing an empty detail query (0.635875ms)
✔ cancel then reopen isolates both late success and late failure from the new editor (2.330291ms)
✔ detached or superseded workspace editors cannot consume or submit stale details (2.816875ms)
✔ exact historical revision, component, crop, range and adoption version are preserved (0.886541ms)
✔ submit validates asset identity and component membership and prevents duplicate pending saves (1.189084ms)
✔ late failures after navigation and success or failure after cancel never redraw another editor (11.769958ms)
✔ in-flight fields and same-editor repeated save are locked to one exact request (2.412375ms)
✔ lost POST response recognizes exact created judgment and leaves actual adoption alone (1.928792ms)
✔ unknown result retries exact lookup before posting and retains the request snapshot (1.770541ms)
✔ known absent request retries the same id and exact payload; conflict can recover only that request (2.848916ms)
✔ foreign payload, wrong id or later version is never adopted as this saved judgment (6.351167ms)
✔ changed input after unknown result cannot describe the old saved request as new input (1.6465ms)
✔ cancel while reading an unknown save prevents a repeated POST and any new-editor mutation (1.216458ms)
✔ download labels use the exact readiness scope, including kind-less screenplay snapshots (5.940958ms)
✔ judgment refresh reports a failed exact section read without reloading the detail (10.010334ms)
✔ judgment refresh cannot report its old failure after a real new read or workspace takes over (5.549125ms)
✔ list load failure replaces its own loading message and keeps the error for the save caller (1.281667ms)
✔ a failed list load cannot replace newer loading, another detail read or another workspace (3.415ms)
✔ saved judgment never invokes the old full-list refresh or destroys its reader (2.01525ms)
✔ material judgments and title-only decisions retain their established workspace ownership (1.818542ms)
✔ a late change-history read cannot add a route after leaving its originating workspace (1.779208ms)
✔ existing change conclusion opens recorded fields and updates the same ID at its exact version (1.161125ms)
✔ lost response on an updated conclusion recognizes expected version plus one, not only version one (1.5435ms)
✔ a stale window keeps its version and unique input on 409 without misreporting unknown outcome (1.120792ms)
✔ first-create uniqueness rejection remains a conflict even when that attempted ID is absent or lookup fails (2.5635ms)
✔ legacy consolidation shows original statements and references every exact head in the explicit save (3.254375ms)
✔ revising a consolidated conclusion preserves its exact legacy references and version (2.761458ms)
✔ readiness keeps a cleared change editable through its existing exact-version details (2.67925ms)
✔ a newly saved uncached judgment history opens the exact generic record instead of a source-only popup (2.077709ms)
✔ a definitive first 409 never adopts another window identical payload and stays rejected on retry (2.463625ms)
✔ a definitive 400 permits corrected input with original optimistic version and no unknown-outcome claim (1.583042ms)
✔ generic judgment history displays each exact change action in the existing conclusion field (1.989667ms)
✔ a rejected retry of an earlier unknown operation preserves that earlier uncertainty until exact recovery (2.544667ms)
✔ exact image region starts from a removed polygon in inline reader (3.949125ms)
✔ exact image region starts from a removed polygon in modal reader (0.549625ms)
✔ modal image late pointerup after workspace cannot write a different review context (0.362792ms)
✔ modal image late pointerup after revision cannot write a different review context (0.462792ms)
✔ modal image late pointerup after modal-close cannot write a different review context (0.925458ms)
✔ modal image late pointerup after modal-replace cannot write a different review context (0.369083ms)
✔ modal image late pointerup after stage-detach cannot write a different review context (0.571834ms)
✔ in-flight judgment locks fields and one form cannot create two opposing operations (10.733125ms)
✔ the original target is frozen even when another comment focus changes the selected record (1.8515ms)
✔ canceled or navigated saves do not reload a newer view or report old failures there (4.994416ms)
✔ a queued detached editor cannot send a new judgment (0.995625ms)
✔ lost response recognizes only exact id, first version and complete payload (1.380208ms)
✔ unknown result is checked before retry and never allocates another id merely for a missing response (2.169542ms)
✔ explicit unchanged retry uses the exact original id and version; 409 can recover only that same save (1.944875ms)
✔ different id, later version or another payload cannot be called this successful judgment (4.26ms)
✔ edited reason after an uncertain save is not silently consumed by confirmation of the old payload (2.311375ms)
✔ cancel during an uncertain read prevents a stale retry and preserves the next editor (1.495833ms)
✔ known saved judgment and later section refresh failure are separate outcomes with no second POST (1.576583ms)
✔ a refresh failure after another record takes over does not report an error on that record (1.417417ms)
✔ [defect-probing] returning during an uncertain save unlocks the current form when that attempt ends (1.755958ms)
✔ withdrawn entities and states leave current lists without deleting historical rows (5.615458ms)
✔ shared and state-only settings appear under each owner exactly once; project settings stay unowned (1.61925ms)
✔ old state links keep exact state and entity identity, without replacing the selected target with the entity (1.381209ms)
✔ shared entity card retains an exact older revision even without legacy history flags (0.971ms)
✔ historical representation resolves the referenced state, not its newer parent (1.101708ms)
✔ a slow historical ownership lookup cannot replace a newer selection (1.294375ms)
✔ legacy fragments do not count as current complete forms but keep their owner (1.365958ms)
✔ record navigation keeps visual and accessible selection on the exact displayed object (1.189958ms)
✔ a late record response cannot move either selection marker from the newer record (0.979208ms)
✔ opening an entity shows its basic information and defaults to the earliest complete state (6.720708ms)
✔ entity history and review focus keep the selected state and separate exact comment targets (1.044125ms)
✔ a slow entity overview lookup cannot overwrite a newer entity and its default state (2.041042ms)
✔ an entity with only historical partial states stays readable without inventing a default form (0.691292ms)
✔ historical call references still navigate to their exact detail after removal from material list facets (0.647833ms)
✔ departed directory success cannot replace the entity page or its exact review target (5.005416ms)
✔ departed directory failure cannot replace the entity page or its exact review target (1.019125ms)
✔ departed scene success cannot commit or restore a review after A to B to A (0.9465ms)
✔ departed scene failure cannot commit or restore a review after A to B to A (1.318958ms)
✔ A to B to A rejects an older directory even after the new A directory commits (0.843125ms)
✔ current directory failure remains visible and a new navigation can recover (0.617416ms)
✔ a current scene still commits its exact route and review context (1.213042ms)
✔ late entity failure cannot replace a newer entity directory (0.710792ms)
✔ a completed workspace load cannot restore position after a newer scene load (4.502625ms)
✔ missing required input keeps the original disabled button and required summary (5.2525ms)
✔ unselected optional input and optional quality warnings stay downloadable (2.389042ms)
✔ broken optional original disables only download and gives one precise reason (1.597083ms)
✔ historical dependency failure is explained while unrelated optional warnings remain visible (1.053833ms)
✔ legacy API responses retain their existing required-input behavior (0.897125ms)
✔ download still calls the package endpoint and reports a later validation failure (1.572334ms)
✔ actual detail renderer displays exact old dependency names while links retain old revisions (5.451917ms)
✔ explicit placement labels and exact media component/crop/range are unchanged (1.424958ms)
✔ SOURCE scene/block references keep their existing material-reference path and exact title (0.71025ms)
✔ episode and whole screenplay references keep exact existing routes and titles (0.808125ms)
✔ details with different projections do not install global name caches or issue lookup requests (0.653792ms)
✔ displayed dependency and source labels normalize location codes while exact records stay unchanged (1.270709ms)
✔ typed entity relation opens its exact shared card without a production index (1.486292ms)
✔ exact visible card wins over hidden duplicates and another object with the same block name (4.355709ms)
✔ a hidden same-block child cannot supply the selected character range (0.522792ms)
✔ continuous paragraphs paint both ends; valid single-block legacy ranges omit end_block_id (1.115666ms)
✔ segmented opinions paint only their exact passages, including reordered same-block ranges (1.782791ms)
✔ continuous segmented Prompt highlights actual paragraphs; omitted gaps require full Prompt (0.964041ms)
✔ invalid old character ranges get a block cue without inventing a quoted selection (0.685875ms)
✔ native saved text anchors without an explicit type remain exact after reopening (0.716125ms)
✔ inline scene action uses the visible production view without a standalone production reader (0.656583ms)
✔ inline reference links retain their identity and handlers across repeated paints (0.972166ms)
✔ names keep allocated identity, remove only legacy shot prefixes and retain content (4.568083ms)
✔ displayed code search is exact and normalized, Chinese aliases remain searchable (1.662875ms)
✔ identity lookup shows one material with every real use; location browsing preserves groups (1.722875ms)
✔ failed exact history read restores the selector to the still-current design (1.088917ms)
✔ explicit unknown screenplay version, episode and scene refuse defaults; ordinary entry selects a valid scene (1.531375ms)
✔ late version response cannot replace a newer choice or a closed nested reader (1.418125ms)
✔ no source clears stale reader headings and explains the next content step (9.211083ms)
✔ no direction has no impossible selection instructions; existing candidates remain selectable (1.876167ms)
✔ selected direction without a manuscript uses its real title and no empty version or comment legend (1.371792ms)
✔ story.sources: absent exact target hides both triggers and closes an empty panel (2.054208ms)
✔ story.outline: absent exact target hides both triggers and closes an empty panel (1.61575ms)
✔ story.script: absent exact target hides both triggers and closes an empty panel (1.876458ms)
✔ materials.workspace: absent exact target hides both triggers and closes an empty panel (1.384417ms)
✔ story.sources: an exact target with zero comments keeps the shared entry (1.359ms)
✔ story.outline: an exact target with zero comments keeps the shared entry (1.93875ms)
✔ story.script: an exact target with zero comments keeps the shared entry (1.527833ms)
✔ materials.workspace: an exact target with zero comments keeps the shared entry (2.064958ms)
✔ unknown structure revision has no target; a historical revision retains historical pending comments (2.302333ms)
✔ story.sources text: collapse and existing toggle reopen the exact draft without clearing pending metadata (4.1655ms)
✔ story.sources visual: collapse and existing toggle reopen the exact draft without clearing pending metadata (2.060042ms)
✔ story.sources region: collapse and existing toggle reopen the exact draft without clearing pending metadata (1.992709ms)
✔ story.outline region: collapse and existing toggle reopen the exact draft without clearing pending metadata (4.075166ms)
✔ story.script text: collapse and existing toggle reopen the exact draft without clearing pending metadata (2.39125ms)
✔ materials.workspace global: collapse and existing toggle reopen the exact draft without clearing pending metadata (2.407833ms)
✔ collapse retains edit identity; cancel still drops only the current draft and pending copy (13.688791ms)
✔ busy submission keeps collapse disabled (1.438208ms)
✔ source visual locator uses the actual source renderer and ignores a same-id visual elsewhere (1.782167ms)
✔ source region locator uses the actual source renderer and ignores a same-id visual elsewhere (2.8355ms)
✔ source text locator retains the exact selected text mark (1.911792ms)
✔ source legacy text locator retains the exact selected text mark (1.648792ms)
✔ source visual locator rejects different source without selecting another image (1.4905ms)
✔ source visual locator rejects different workspace without selecting another image (1.639459ms)
✔ source visual locator rejects different revision without selecting another image (2.29175ms)
✔ source visual locator rejects missing asset without selecting another image (1.110458ms)
✔ source visual locator rejects different file without selecting another image (2.7875ms)
✔ source visual locator rejects invalid image without selecting another image (1.429959ms)
✔ storage failure: reader toggle preserves unique DOM input with scope reset false (1.918833ms)
✔ storage failure: reader toggle preserves unique DOM input with scope reset true (3.148375ms)
✔ reader toggle never copies another exact target editor into a new source or revision (4.260042ms)
✔ scope reset preserves a live plan comment draft when storage has failed (2.002667ms)
✔ structure reread and revision return retain independent scroll positions and exact document targets (1.595084ms)
✔ reference reads exact judgments without preparation prose without opening an editor or duplicating the same-original link (13.199084ms)
✔ closing and opening another reference cannot receive the first late object or judgment (2.110791ms)
✔ missing exact component and failed judgment read stay explicit without fallback or false no-judgment result (1.499917ms)
✔ read-only conflicts and revocations use the shared projection; normal full cards retain editing (0.839959ms)
✔ current use opinions name their exact relationship and retain historical revision distinction (1.709666ms)
✔ editing or locating a use opinion preserves its current card instead of treating it as an entity section (0.661792ms)
✔ material comment aggregation retains use opinions on their original revision (1.84625ms)
✔ zoom and resize preserve the chosen logical center, including centered overview offsets (0.339834ms)
✔ node selection covers all displayed direct edges; an edge selects its exact identity (0.580417ms)
✔ curve direction reverses the real endpoints and contains smooth curves (0.163834ms)
✔ [defect-probing] saving away from a material invalidates its cached judgments on return (3.573875ms)
✔ current uses match exact work positions and source versions without expanding a sibling (1.937708ms)
✔ a child card inherits the original work; clearing work for a whole permission never guesses from URL (1.168792ms)
✔ work comparison cannot grant a plan until the full exact plan is explicitly opened (1.559917ms)
✔ common authored text is grouped without resurrecting represented raw fields (0.929708ms)
✔ shared exact input shows common identity once and preserves distinct stage requirements (2.460583ms)
✔ quota in metadata keeps actual selection editor usable; comment save still requires durable body and request identity (8.663ms)
✔ SecurityError during restore does not leave B target behind A reader or URL (2.181292ms)
✔ invalid JSON cleanup available preserves actual episode navigation and unrelated draft (2.014292ms)
✔ invalid JSON cleanup unavailable preserves actual episode navigation and unrelated draft (1.640959ms)
✔ exact episode revision restores its prior anchor and body after visiting another episode (2.365375ms)
✔ edit metadata still requires an existing comment on that exact episode revision (2.91475ms)
✔ new revision never restores another episode revision metadata (1.286875ms)
✔ failed metadata removal does not throw or alter body/pending identity (1.852792ms)
✔ normal cancel still clears only current body and metadata through actual callback (2.21225ms)
✔ same scene, episode and version clicks preserve the live editor and reading position (2.485958ms)
✔ scene positions restore by exact episode revision and scene without crossing versions (1.424584ms)
✔ clicking the active episode or version leaves a later scene selected (1.327875ms)
✔ authored reading requires exact companions and keeps original Unicode offsets (4.227167ms)
✔ an omitted or cross-block draft restores the original reading instead of rebinding it (1.146042ms)
✔ same choices read once, but distinct original anchors remain on their own fields (1.743083ms)
✔ independent purpose, performance, framing and movement stay complete, including substrings (1.091917ms)
✔ near or whitespace-different expressions are not declared identical (0.991959ms)
✔ common conditions use only all exact displayed children; changed coverage never folds (2.777416ms)
✔ common and original scene values are separately accessible without changing shot values (2.139333ms)
✔ locating omitted duplicate opens its exact source without moving the anchor (1.226125ms)
✔ same spoken words remain repeated events, while explicit ambience can be shared (0.908584ms)
✔ spoken content matching a background or editing line is never hidden by those roles (0.97775ms)
✔ Prompt comments prefer a containing exact excerpt and reveal full text for older technical ranges (2.520042ms)
✔ restoring a technical Prompt draft opens its full exact surface instead of an unrelated excerpt (1.021833ms)
▶ inline file handoffs keep exact originals and requirements outside technical records
  ✔ project with original (0.978ms)
  ✔ project awaiting original (1.206709ms)
  ✔ document with original (0.929333ms)
  ✔ document awaiting original (0.821125ms)
✔ inline file handoffs keep exact originals and requirements outside technical records (4.378917ms)
✔ inline candidate repaint restores only the displayed exact handoff draft (0.86025ms)
✔ selected current reference carries the consolidation baseline to the shared exact reader (5.775042ms)
✔ audition follows saved and unsaved reference fields, discard restores them, and comment selection has no write (2.585292ms)
✔ invalid reference audition is refused without saving or changing the user numbers (1.148125ms)
✔ another material version sharing a candidate does not inherit the saved range (0.65225ms)
✔ saving releases busy and another range edit is unsaved and can be submitted (1.028959ms)
✔ a save receipt advances the exact consumer revision and slot for the next operation (0.712167ms)
✔ a saved selection is compared by values independently of database JSON key order (0.553583ms)
✔ unchanged browsing has no write; discard restores persisted range rather than an earlier draft (0.654125ms)
✔ failed save retains exact fields and retries the same operation without a second id (0.886416ms)
✔ empty enabled fields fail before the request; unchecked range controls remain disabled (1.453417ms)
✔ typing during save keeps the newer unsaved range when the earlier receipt arrives (0.862208ms)
✔ candidate and component drafts are separate; a late save updates only the active view state (0.841208ms)
✔ frozen save receipt carries the new plan and remapped active input index into the next edit (1.19275ms)
✔ close during save does not change another reference card, and refresh requires the original page (1.115833ms)
✔ a closed reference waits for a different open reader before refreshing the consumer (0.540083ms)
✔ shot sound projection preserves original indices, repeated text and source bytes without exposing source actions (4.386333ms)
✔ visible sound fragments use their exact projected anchors inside the same shared comment surface (2.574541ms)
✔ same-dialog full text keeps original citation, exact URL, draft ownership and excerpt scroll (3.732334ms)
✔ complete scene and existing full-scene paths add no redundant action or false gap (1.297542ms)
✔ ambiguous block-only citation explains unavailable context without guessing (0.741875ms)
✔ initial late success after close cannot change a newer source or focus (0.682458ms)
✔ initial late failure after close cannot change a newer source or focus (1.035041ms)
✔ full late success after close cannot change a newer source or focus (0.677792ms)
✔ full late failure after close cannot change a newer source or focus (0.496792ms)
✔ current full read failure leaves readable excerpt and an explicit retry (0.574459ms)
✔ real chapter menu writes exact source and refresh restores after the workspace becomes visible (18.943792ms)
✔ same source back/forward restores explicit chapters and the route without a chapter returns to the document start (4.643208ms)
✔ narrow layout uses window and still restores the selected chapter (4.34825ms)
✔ ordinary source selection clears chapter; cross-source chapter selection creates one complete history item (3.824542ms)
✔ invalid source or chapter cannot borrow an unrelated source block or a nonchapter block (10.067625ms)
✔ same-source chapter click and history preserve the actual editor node, anchor, edit ID, draft and busy state (4.828042ms)
✔ cross-source drafts and unconfirmed submissions remain with the original exact source (4.055833ms)
✔ pending route scroll yields to actual comment location, editor changes and rapid route changes (3.099334ms)
✔ hidden source does not scroll; cross-workspace history applies only after it is visible; manual return keeps the live position (3.170625ms)
✔ passive highlighting preserves URL; an entry without a snapshot uses its accurate chapter (2.482708ms)
✔ nonstory entry loads no story text; entering the reader restores exact chapter and loads only once (1.954208ms)
✔ late first story load cannot replace a newer workspace and parallel entries share the read (1.242209ms)
✔ failed first story read remains retryable without marking partial data ready (1.147833ms)
✔ identical source URLs restore each entry snapshot, including long-block interior and reload (5.713208ms)
✔ snapshot identity rejects a different source, revision or route and preserves other history state (2.159ms)
✔ queued entry and ordinary tab restoration yield to the last same-URL chapter, comment or editor (5.999958ms)
✔ layout changes use verified text within the block; missing text falls back to the accurate chapter (2.535083ms)
✔ late history story-read success or failure cannot displace a newer workspace (1.89675ms)
✔ source drag uses its exact old original with none structure (4.35275ms)
✔ source drag uses its exact old original with different-id structure (1.11175ms)
✔ source drag uses its exact old original with same-id structure (1.262458ms)
✔ late source pointerup after workspace does not replace another draft or notify its context (0.783291ms)
✔ late source pointerup after source does not replace another draft or notify its context (0.759209ms)
✔ late source pointerup after revision does not replace another draft or notify its context (0.888042ms)
✔ late source pointerup after detached does not replace another draft or notify its context (0.709792ms)
✔ late source pointerup after new-draft does not replace another draft or notify its context (0.702583ms)
✔ missing or mismatched source original cannot borrow a structure image with the same id (1.978791ms)
✔ unrelated pointer and too-small gesture keep the original geometry rules (1.618541ms)
✔ story.outline retains its original visual resolver (1.096667ms)
✔ materials.workspace retains its original visual resolver (0.526334ms)
✔ story.outline late pointerup after workspace cannot become a new source or revision draft (0.490625ms)
✔ story.outline late pointerup after revision cannot become a new source or revision draft (0.5505ms)
✔ story.outline late pointerup after reader cannot become a new source or revision draft (0.510375ms)
✔ story.outline late pointerup after replaced-reader cannot become a new source or revision draft (0.659375ms)
✔ materials.workspace late pointerup after workspace cannot become a new source or revision draft (0.81025ms)
✔ materials.workspace late pointerup after revision cannot become a new source or revision draft (0.747125ms)
✔ materials.workspace late pointerup after reader cannot become a new source or revision draft (0.558792ms)
✔ materials.workspace late pointerup after replaced-reader cannot become a new source or revision draft (0.439125ms)
✔ source and structure drafts return to their own exact revision across workspace changes (13.071375ms)
✔ structure revision history restores only its exact saved selection and body (2.276083ms)
✔ refreshing a source cannot replace its draft with a stored draft from the hidden screenplay (1.335ms)
✔ history entering another script episode cannot overwrite the source draft that is being left (1.895083ms)
✔ source metadata for another revision or another target is never restored (1.496917ms)
✔ cancel removes current source metadata without discarding a structure draft (1.746584ms)
✔ a comment save completing after leaving the source does not resurrect an empty draft on return (5.466041ms)
✔ an old comment response cannot remove a newer selection draft on the same source revision (1.614125ms)
✔ an old response cannot discard a newer body at the same anchor (1.24675ms)
✔ existing source and structure comment edits keep exact comment identity and unsaved text across pages (2.45125ms)
✔ two sources with the same text anchor retain separate draft bodies through history changes (1.121125ms)
✔ actual version buttons keep selected revision through refresh in both directions (10.192209ms)
✔ selecting the same revision neither adds history nor rebuilds an active editor (2.307542ms)
✔ initial load and actual popstate distinguish ordinary default from explicit invalid target without history writes (6.034083ms)
✔ normal cross-page return preserves the last structure choice and publishes it in the URL (2.068833ms)
✔ unrelated history navigation does not reset a source editor or hidden structure choice (1.649125ms)
✔ historical comment location writes its exact revision; same target does not duplicate history (13.3025ms)
✔ cross-workspace structure comment location adds one accurate route and invalid references retain the current revision (1.524792ms)
✔ real comment rendering keeps drafts and unconfirmed payloads tied to their original revision (2.0125ms)
✔ missing structure data stays empty on initial load and history restoration (1.546875ms)
✔ response entry selects the exact old visual, opens the existing panel and reveals its comment (17.51ms)
✔ closed historical response beyond the initial limit uses the same history panel (1.546959ms)
✔ unavailable original and invalid anchors retain their explanation without selecting the newer same-id visual (1.978125ms)
✔ a missing visual keeps the accurate old revision and existing failure explanation (1.740209ms)
✔ a chapter remains at its exact heading as delayed images expand the manuscript (1.430333ms)
✔ manual reading input cancels a pending image correction (1.988792ms)
✔ new chapter selection wins and old revision or comment focus cancels pending correction (0.990625ms)
✔ current version is revealed horizontally without moving the reader or its page (0.540583ms)
✔ a hidden or empty version strip does not change any reading position (0.43025ms)
✔ manual scene route replaces an old exact shot and clears material selection before refresh (5.299167ms)
✔ removed ownership controls cannot filter explicitly linked material identities (0.939834ms)
✔ C04 a real video image preview is used when the original itself is not an image (1.585583ms)
✔ C03 a lower card version request completing under a child card leaves its selector consistent with its content (4.400292ms)
✔ C07 an exactly repeated titled requirement description appears once in normal reading (2.665083ms)
✔ C08 locating an old output-description comment restores its original prefix and anchor identity (1.5945ms)
✔ C07 similar output descriptions retain their additional requirement text (1.42325ms)
✔ C08 a historical cross-block comment retains both exact endpoint blocks (2.032792ms)
✔ P05/C06 empty frozen video version does not borrow the current plan (1.346ms)
✔ P05/C06 empty frozen video version shows its exact failed call (1.754792ms)
✔ D01/C06 state aliases browse the same canonical material without changing their adoption scope (7.315916ms)
✔ D06 an exact legacy alias card retains its own version number and members (1.247208ms)
✔ D06 an exact alias revision keeps historical numbering even without a selected comment card (1.304292ms)
✔ D01 a shared material owned by another entity still uses its canonical card (0.940917ms)
✔ D01 state-specific default adoption does not leak through a cached shared candidate (1.691542ms)
✔ D04/C08 a displayed exact definition source submits comment context for its frozen version (1.170584ms)
✔ D04/C08 refreshing an exact definition-source target is accepted without making it a candidate (1.48475ms)
✔ D04/C08 an entity route can locate the exact frozen definition source outside old members (1.255375ms)
✔ C07 demand entry keeps a preview choice per exact candidate revision (1.501625ms)
✔ C07 asset entry keeps a preview choice per exact candidate revision (1.114084ms)
✔ C08 locating a preview comment records only its exact candidate component (1.260208ms)
✔ C09 an exact asset reader offers adoption only for its matching material requirement (1.341292ms)
✔ C09 material adoption forwards its exact candidates even without global asset rows (1.371958ms)
✔ C08 returning to a normal material card restores its exact asset draft focus and image anchor (2.147333ms)
✔ C08 saved asset draft focus never overrides explicit requirement or material-version links (4.265458ms)
✔ C08 a removed draft or an exact-reference entry cannot revive a prior asset draft focus (2.632542ms)
✔ C08 saved asset draft focus cannot cross its material version or surviving membership (2.486333ms)
✔ an exact entity relation is readable in settings without admitting adoption relations (8.029333ms)
✔ shared candidates use the chosen material round number in both small and large cards (1.943333ms)
✔ complete cards on every story page own exact comments and drafts until parent restoration (5.566333ms)
✔ story-hosted complete cards locate production comments and select only their exact text surface (1.822292ms)
✔ current version defaults to its latest candidate without changing adoption or selected components (6.515458ms)
✔ without adoption the newest result wins independently of object ID or array order (1.248417ms)
✔ adoption from another state with the same slot does not select this requirement candidate (1.197584ms)
✔ the entity material renderer uses the candidate original and preserves adopted alternate-file metadata (4.174333ms)
✔ a preparing current version never borrows its historical adopted result (1.74325ms)
✔ ordinary demand cards choose the last generated version while exact and manual targets retain the empty version (1.566375ms)
✔ an explicit invalid version 999 is rejected without changing the URL (1.788083ms)
✔ an explicit invalid version not-a-version is rejected without changing the URL (1.7935ms)
✔ an explicit invalid version 0 is rejected without changing the URL (1.1735ms)
✔ an explicit unknown material identity is rejected even without a numeric version (1.17575ms)
✔ an explicit candidate must belong to the named material version (1.55525ms)
✔ a material requirement URL restores its requested older candidate inside the owning entity card (1.987375ms)
✔ same-entity version responses cannot replace a newer choice when they arrive out of order (4.840458ms)
✔ a response to a detached entity version control cannot restore its obsolete selection (1.655292ms)
✔ editing a carried exact text in one material version is not restored into another version (1.863541ms)
✔ a pending modal read cannot reactivate its card after browser navigation changes workspace (1.94175ms)
✔ closing an obsolete modal cannot restore its saved reader or URL over newer navigation (1.860041ms)
✔ closing during a second reference save waits for that response instead of refreshing the earlier receipt (3.575083ms)
✔ saving the restored outer draft cannot overwrite a closed modal draft (2.108583ms)
✔ an exact historical shot link preserves its requested revision in the all-shot scene reader (2.811917ms)
✔ an exact earlier preparation revision keeps its own requirements, prompt and comment targets without editing the latest plan (7.659125ms)
✔ ordinary preparation entry still shows the editable current plan (1.828292ms)
✔ exact current preparation entry still shows the editable current plan (1.628959ms)
✔ an earlier demand reads its original definition separately without rewriting a frozen material version (1.726959ms)
✔ a frozen definition source outside the member list remains a requirement without creating an editable recipe (1.515125ms)
✔ locating an older demand in a frozen empty version reads its own requirements and recipe without saving controls (1.551334ms)
✔ returning from another material version leaves an old explicit preparation link and reads that version normally (2.074709ms)
✔ a non-entity demand defaults to the latest candidate original without copying adoption range (1.584583ms)
✔ switching a non-entity demand to an older version picks that version newest result and comment scope (1.985041ms)
✔ switching a non-entity demand to an empty version keeps its plan and never borrows an adopted historical file (3.206833ms)
✔ selecting a non-entity candidate focuses its exact revision without changing the material comment version (1.547458ms)
✔ an explicit non-entity file choice can replace the adopted default without reverting on repaint (1.377125ms)
✔ media comments require the exact candidate, file component and material version together (1.562542ms)
✔ entity reload inside a shared dialog preserves its history marker until button closes it (1.558625ms)
✔ entity reload inside a shared dialog preserves its history marker until Escape closes it (1.185583ms)
✔ shared image gesture captures the exact old image target after real production focus changes from a newer revision (1.687416ms)
✔ late image pointerup cannot replace the newer revision comment draft after a real focus change (1.445208ms)
✔ actual unified dialog close restores the outer revision and draft before a late inner image pointerup (2.016167ms)
✔ an exact withdrawn entity material remains readable outside the active entity list (1.1895ms)
✔ a withdrawn entity without an exact revision cannot repopulate an empty active filter (0.999958ms)
✔ an exact withdrawn entity response still loses to a newer filter request epoch (0.884875ms)
✔ UX010 entity selection synchronizes both markers while exact historical targets retain their owner (1.676083ms)
✔ UX010 failed record read preserves completed reader and selection (1.147958ms)
✔ UX010 failed aggregate read preserves completed reader and selection (0.972417ms)
✔ UX010 stale record success cannot replace newer reader or either marker (3.301916ms)
✔ UX010 stale aggregate success cannot replace newer reader or either marker (1.206875ms)
✔ UX010 modal entity refresh does not alter the outer list and closing restores its reader (1.355667ms)
✔ UX010 modal refresh completing after close cannot overwrite the restored outer context (1.127916ms)
✔ UX010 outer refresh completing after a modal opens cannot overwrite the inner context (1.037083ms)
✔ shared requirement cards prefer their actual identity over an earlier legacy alias (0.952791ms)
✔ an exact shared alias retains its own round and members inside the unified card (1.054125ms)
✔ existing originals precede grouped downstream decisions without changing exact use edges (9.2065ms)
✔ 5.3/5.8 expanding a second left group retains one selected material and paints the right once (2.514083ms)
✔ 5.4 entity material exposes all files and renders the explicitly chosen component (2.749542ms)
✔ 5.6/C.3 historical CALL keeps its generic exact reader rather than becoming an asset (2.53675ms)
✔ 5.6/C.3 historical JUDGMENT keeps its generic exact reader rather than becoming an asset (1.644459ms)
✔ 10.2/10.4 selected generated video renders actual prompt and exact references without changing text (3.025875ms)
✔ 10.4 candidate without a real call reports the gap and never fills it from the plan (1.239667ms)
✔ video prompt links keep the deployment prefix and exact old revision (1.646834ms)
✔ video defaults to latest empty version and exact manual old version retains its actual prompt (1.8715ms)
✔ 10.1/10.4 row material opens the exact video version and candidate chosen beside its prompt (13.23325ms)
✔ management does not open a default large card; exact demand links open a modal (4.756792ms)
✔ historical candidate opens exactly without changing the current page cards (1.76125ms)
✔ history result summaries explain D3 once while preserving an exact historical open (1.590625ms)
✔ scene cards expose each supplied generation scope without rebinding settings.workspace links (1.971792ms)
✔ scene cards expose each supplied generation scope without rebinding production.workspace links (1.374584ms)
✔ unowned demand sees a real older plan result without replacing its exact current reader (1.518958ms)
✔ unowned demand does not count placeholder as an original result (1.426541ms)
✔ unowned demand does not count preview-only as an original result (1.266125ms)
✔ unowned demand does not count call as an original result (0.900458ms)
✔ unowned exact original asset never borrows a result from another historical revision (1.062334ms)
✔ unowned exact placeholder asset never borrows a result from another historical revision (1.215583ms)
✔ unowned exact preview-only asset never borrows a result from another historical revision (1.054167ms)
✔ entity material totals remain unchanged when selecting an empty or produced version (1.018375ms)
✔ 7.3/C.2 pending entity response cannot repopulate a filter with zero matches (2.701708ms)
✔ 7.3/C.2 clearing an empty filter opens a fresh first entity and ignores the older pending response (3.285417ms)
✔ 7.3/C.2 a nonempty filter excludes a pending owner before its response can replace the new owner (3.332875ms)
✔ 5.6/7.3 exact entity material link and clearing a still-visible filter retain the requested old candidate (2.144959ms)
✔ 7.3/C.2 a previous empty entity filter does not suppress card refreshes on the breakdown page (2.103958ms)
✔ exact historical links beyond the first page open the old candidate without resetting pagination (3.7905ms)
✔ pagination changes only the group/card collection and does not automatically read another material (1.878209ms)
✔ a linked old candidate outside filters remains exact without changing unique or display counts (3.181666ms)
✔ explicit entity revision and state identity survive unified-card activation (1.181334ms)
✔ explicit state outranks a material default form and the owner reaches the exact card API (1.119375ms)
✔ shot reference browsing adds no writes and ordinary cards expose no selection operation (3.300917ms)
✔ shot reference unknown save retries keep operation identity and changed choices get a new one (1.981666ms)
✔ late save refreshes only the active page and never paints a closed dialog (1.878708ms)
✔ an empty reference version can be saved without a candidate and frozen versions explain the new plan (1.149041ms)
✔ an exact shot video candidate mismatch never falls back to another result (1.062292ms)
✔ saved reference routing waits for the modal history entry to return (1.041625ms)
✔ reference save refresh keeps the draft attached to the original immutable text (1.109459ms)
✔ flat management scope choices preserve authoritative labels and single selection linkage (1.373416ms)
✔ a deleted old V1 cannot impersonate the consolidated V1 while the retained old V3 resolves (2.002709ms)
✔ new links retain the explicit baseline and ordinary pre-migration links retain their old version (0.451417ms)
✔ four main pages use one subtab container with one selected and keyboard-focusable tab (4.687542ms)
✔ arrow and Home/End activate exact subtabs and preserve keyboard focus after rendering (0.828958ms)
✔ instance method tabs share navigation and preserve legacy routes (1.35025ms)
✔ production navigation creates one accurate route and removes old record selection (0.969083ms)
✔ old shot URLs preserve immutable location and selected input when entering the merged page (1.81175ms)
✔ configuration URL selects exact subsection on refresh and back/forward (0.723959ms)
✔ main navigation restores the last exact URL of another main page (0.636333ms)
✔ reading offsets restore by exact URL and refresh and never overwrite a different URL (0.650125ms)
✔ E/S/SH labels retain existing numbers, preserve unknown IDs, and leave source strings unchanged (1.11275ms)
✔ returning to a production subpage restores its precise version/candidate and active clicks do not reload (0.935791ms)
✔ legacy episode-shot titles use both exact numbers while ambiguous chapter-local headings remain unchanged (0.656333ms)
✔ episode and scene filter labels use authoritative numbers without altering the API catalog (3.441291ms)
ℹ tests 886
ℹ suites 0
ℹ pass 886
ℹ fail 0
ℹ cancelled 0
ℹ skipped 0
ℹ todo 0
ℹ duration_ms 619.275833
