{
  "format": "current-export-restore-evidence-v1",
  "system_candidate": "709ae260dc84c0b9f2818a44010a7ebc0fc10c42",
  "baseline_database": "baseline/formal-review.sqlite3",
  "baseline_database_sha256": "bf09386e9bd1c7b04fc262ad39a811b37c0246af1b9849d5deb8f7aa179ba4d1",
  "baseline_unchanged": true,
  "source": "restore/source",
  "destination": "restore/empty-instance",
  "schema_version": 4,
  "export_seconds_including_clone": 9.607738458,
  "restore_seconds": 34.718733625,
  "business_table_count": 12,
  "business_row_count": 58695,
  "all_exact_identities_and_row_hashes_equal": true,
  "row_evidence": "current-restore-rows.json",
  "foreign_key_check": "ok",
  "integrity_check": "ok",
  "local_publication_receipts": {
    "source_count": 1,
    "source_sha256": "93e3ebd94584d1cca908f40f2ad9bf033e4725857986a3f3d648b0f72cea4ff1",
    "exported": false,
    "reason": "generation_publications is a local transaction idempotency journal outside public business export; original consistent backup kept unchanged"
  },
  "relationship_layout_semantic_equal": true,
  "asset_count": 1307,
  "all_asset_hashes_equal": true,
  "notes": [
    "Both media trees are separate APFS copy-on-write clones; no hard links or symlinks to formal instance.",
    "Export/restored DB use baseline formal copy, not browser test comments.",
    "content/ methods and episode summaries stay instance Git files outside business export; this run verifies export contract only."
  ]
}
