{"operation": ["docker", "inspect", "--type"], "returncode": 0, "seconds": 0.017}
{"id":"49c7e99d62dca0616b04ddc0a657c7b54852be6f4ef3c3623280867e57de3341","name":"/snakeslayingrecord-app-1","image":"sha256:2112d9a46b4db54eb1657fc8403b717ed2d7be3d26f6de77767c39345e6ea4e8","state":"running","started":"2026-10-04T05:47:53.841381966Z","health":"healthy","mounts":[{"Destination":"/instance","Mode":"rw","Propagation":"rprivate","RW":true,"Source":"{story-root}","Type":"bind"},{"Destination":"/instance/config/instance.json","Mode":"ro","Propagation":"rprivate","RW":false,"Source":"{story-root}/.runtime/service-releases/materials-20261004-0004-fd08a2cefe80-236433072b16/instance/config/instance.json","Type":"bind"},{"Destination":"/instance/content/production-approach.json","Mode":"ro","Propagation":"rprivate","RW":false,"Source":"{story-root}/.runtime/service-releases/materials-20261004-0004-fd08a2cefe80-236433072b16/instance/content/production-approach.json","Type":"bind"},{"Destination":"/run/local-ca/cacert.pem","Mode":"ro","Propagation":"rprivate","RW":false,"Source":"{local-ca-file}","Type":"bind"}],"ports":{},"restart":{"MaximumRetryCount":0,"Name":"unless-stopped"}}

{"operation": ["docker", "inspect", "--type"], "returncode": 1, "seconds": 0.017}

template parsing error: template: :1:152: executing "" at <.State.Health>: map has no entry for key "Health"

{"operation": ["docker", "inspect", "--type"], "returncode": 0, "seconds": 0.021}
{"id":"49c7e99d62dca0616b04ddc0a657c7b54852be6f4ef3c3623280867e57de3341","name":"/snakeslayingrecord-app-1","image":"sha256:2112d9a46b4db54eb1657fc8403b717ed2d7be3d26f6de77767c39345e6ea4e8","state":"running","started":"2026-10-04T05:47:53.841381966Z","health":"healthy","mounts":[{"Destination":"/instance","Mode":"rw","Propagation":"rprivate","RW":true,"Source":"{story-root}","Type":"bind"},{"Destination":"/instance/config/instance.json","Mode":"ro","Propagation":"rprivate","RW":false,"Source":"{story-root}/.runtime/service-releases/materials-20261004-0004-fd08a2cefe80-236433072b16/instance/config/instance.json","Type":"bind"},{"Destination":"/instance/content/production-approach.json","Mode":"ro","Propagation":"rprivate","RW":false,"Source":"{story-root}/.runtime/service-releases/materials-20261004-0004-fd08a2cefe80-236433072b16/instance/content/production-approach.json","Type":"bind"},{"Destination":"/run/local-ca/cacert.pem","Mode":"ro","Propagation":"rprivate","RW":false,"Source":"{local-ca-file}","Type":"bind"}],"ports":{},"restart":{"MaximumRetryCount":0,"Name":"unless-stopped"}}

{"operation": ["docker", "inspect", "--type"], "returncode": 0, "seconds": 0.018}
{"id":"ab0c87b08f974bc5a049cb204dda1aecd625a19cb9a4f5af103be4daff8f7d8c","name":"/snakeslayingrecord-nginx-1","image":"sha256:009d73a160564cce886ee8a8538c4d18f0ea9b961f03db9df410e45b0fdf29b2","state":"running","started":"2026-10-04T05:48:09.396927167Z","health":null,"mounts":[],"ports":{"3000/tcp":[{"HostIp":"127.0.0.1","HostPort":"3000"},{"HostIp":"127.0.0.1","HostPort":"64401"}]},"restart":{"MaximumRetryCount":0,"Name":"unless-stopped"}}

{"operation": ["git", "ls-tree", "-r"], "returncode": 0, "seconds": 0.013}
review_desk/__init__.py
review_desk/__main__.py
review_desk/approach.py
review_desk/bundle.py
review_desk/configuration.py
review_desk/entity_relations.py
review_desk/entity_review.py
review_desk/favicon.py
review_desk/framework.py
review_desk/generation.py
review_desk/input_contracts.py
review_desk/material_review.py
review_desk/material_versions.py
review_desk/polish.py
review_desk/production.py
review_desk/production_changes.py
review_desk/production_media.py
review_desk/production_states.py
review_desk/review_text.py
review_desk/screenplay.py
review_desk/screenplay_summaries.py
review_desk/server.py
review_desk/static/app.js
review_desk/static/approach.css
review_desk/static/approach.js
review_desk/static/entity-relations.js
review_desk/static/entity-review.js
review_desk/static/favicon.svg
review_desk/static/index.html
review_desk/static/material-review.js
review_desk/static/polish.css
review_desk/static/production.css
review_desk/static/production.js
review_desk/static/review-ui.css
review_desk/static/review-ui.js
review_desk/static/screenplay.css
review_desk/static/screenplay.js
review_desk/static/structure.css
review_desk/static/structure.js
review_desk/static/style.css
review_desk/static/workspace.css
review_desk/store.py
review_desk/structure.py

{"operation": ["docker", "build", "--pull=false"], "returncode": 1, "seconds": 1.998}
#0 building with "desktop-linux" instance using docker driver

#1 [internal] load build definition from Dockerfile
#1 transferring dockerfile: 148B done
#1 DONE 0.0s

#2 [internal] load metadata for docker.io/library/sha256:2112d9a46b4db54eb1657fc8403b717ed2d7be3d26f6de77767c39345e6ea4e8
#2 ERROR: pull access denied, repository does not exist or may require authorization: server message: insufficient_scope: authorization failed
------
 > [internal] load metadata for docker.io/library/sha256:2112d9a46b4db54eb1657fc8403b717ed2d7be3d26f6de77767c39345e6ea4e8:
------
Dockerfile:1
--------------------
   1 | >>> FROM sha256:2112d9a46b4db54eb1657fc8403b717ed2d7be3d26f6de77767c39345e6ea4e8
   2 |     COPY review_desk /app/review_desk
   3 |     
--------------------
ERROR: failed to build: failed to solve: sha256:2112d9a46b4db54eb1657fc8403b717ed2d7be3d26f6de77767c39345e6ea4e8: failed to resolve source metadata for docker.io/library/sha256:2112d9a46b4db54eb1657fc8403b717ed2d7be3d26f6de77767c39345e6ea4e8: pull access denied, repository does not exist or may require authorization: server message: insufficient_scope: authorization failed

{"operation": ["docker", "inspect", "--type"], "returncode": 0, "seconds": 0.02}
{"id":"49c7e99d62dca0616b04ddc0a657c7b54852be6f4ef3c3623280867e57de3341","name":"/snakeslayingrecord-app-1","image":"sha256:2112d9a46b4db54eb1657fc8403b717ed2d7be3d26f6de77767c39345e6ea4e8","state":"running","started":"2026-10-04T05:47:53.841381966Z","health":"healthy","mounts":[{"Destination":"/instance","Mode":"rw","Propagation":"rprivate","RW":true,"Source":"{story-root}","Type":"bind"},{"Destination":"/instance/config/instance.json","Mode":"ro","Propagation":"rprivate","RW":false,"Source":"{story-root}/.runtime/service-releases/materials-20261004-0004-fd08a2cefe80-236433072b16/instance/config/instance.json","Type":"bind"},{"Destination":"/instance/content/production-approach.json","Mode":"ro","Propagation":"rprivate","RW":false,"Source":"{story-root}/.runtime/service-releases/materials-20261004-0004-fd08a2cefe80-236433072b16/instance/content/production-approach.json","Type":"bind"},{"Destination":"/run/local-ca/cacert.pem","Mode":"ro","Propagation":"rprivate","RW":false,"Source":"{local-ca-file}","Type":"bind"}],"ports":{},"restart":{"MaximumRetryCount":0,"Name":"unless-stopped"}}

{"operation": ["docker", "inspect", "--type"], "returncode": 0, "seconds": 0.017}
{"id":"ab0c87b08f974bc5a049cb204dda1aecd625a19cb9a4f5af103be4daff8f7d8c","name":"/snakeslayingrecord-nginx-1","image":"sha256:009d73a160564cce886ee8a8538c4d18f0ea9b961f03db9df410e45b0fdf29b2","state":"running","started":"2026-10-04T05:48:09.396927167Z","health":null,"mounts":[],"ports":{"3000/tcp":[{"HostIp":"127.0.0.1","HostPort":"3000"},{"HostIp":"127.0.0.1","HostPort":"64401"}]},"restart":{"MaximumRetryCount":0,"Name":"unless-stopped"}}

{"operation": ["git", "ls-tree", "-r"], "returncode": 0, "seconds": 0.012}
review_desk/__init__.py
review_desk/__main__.py
review_desk/approach.py
review_desk/bundle.py
review_desk/configuration.py
review_desk/entity_relations.py
review_desk/entity_review.py
review_desk/favicon.py
review_desk/framework.py
review_desk/generation.py
review_desk/input_contracts.py
review_desk/material_review.py
review_desk/material_versions.py
review_desk/polish.py
review_desk/production.py
review_desk/production_changes.py
review_desk/production_media.py
review_desk/production_states.py
review_desk/review_text.py
review_desk/screenplay.py
review_desk/screenplay_summaries.py
review_desk/server.py
review_desk/static/app.js
review_desk/static/approach.css
review_desk/static/approach.js
review_desk/static/entity-relations.js
review_desk/static/entity-review.js
review_desk/static/favicon.svg
review_desk/static/index.html
review_desk/static/material-review.js
review_desk/static/polish.css
review_desk/static/production.css
review_desk/static/production.js
review_desk/static/review-ui.css
review_desk/static/review-ui.js
review_desk/static/screenplay.css
review_desk/static/screenplay.js
review_desk/static/structure.css
review_desk/static/structure.js
review_desk/static/style.css
review_desk/static/workspace.css
review_desk/store.py
review_desk/structure.py

{"operation": ["docker", "image", "inspect"], "returncode": 0, "seconds": 0.025}
sha256:2112d9a46b4db54eb1657fc8403b717ed2d7be3d26f6de77767c39345e6ea4e8

{"operation": ["docker", "build", "--pull=false"], "returncode": 0, "seconds": 0.367}
#0 building with "desktop-linux" instance using docker driver

#1 [internal] load build definition from Dockerfile
#1 transferring dockerfile: 130B done
#1 DONE 0.0s

#2 [internal] load metadata for docker.io/library/story-review-desk:materials-236433072b16-fd08a2cefe80
#2 DONE 0.0s

#3 [internal] load .dockerignore
#3 transferring context: 2B done
#3 DONE 0.0s

#4 [internal] load build context
#4 transferring context: 650.18kB 0.0s done
#4 DONE 0.0s

#5 [1/2] FROM docker.io/library/story-review-desk:materials-236433072b16-fd08a2cefe80@sha256:2112d9a46b4db54eb1657fc8403b717ed2d7be3d26f6de77767c39345e6ea4e8
#5 resolve docker.io/library/story-review-desk:materials-236433072b16-fd08a2cefe80@sha256:2112d9a46b4db54eb1657fc8403b717ed2d7be3d26f6de77767c39345e6ea4e8 0.0s done
#5 DONE 0.0s

#6 [2/2] COPY review_desk /app/review_desk
#6 DONE 0.0s

#7 exporting to image
#7 exporting layers 0.0s done
#7 exporting manifest sha256:b6e7359e2d95420ab964f4598737ad0dc3f22553e473e6e2b3f306c3efaca9a5 done
#7 exporting config sha256:a8042e1c16eb2f9ac0da5e51c7433de50984529f57ff7b1473162ffd78db35cd
#7 exporting config sha256:a8042e1c16eb2f9ac0da5e51c7433de50984529f57ff7b1473162ffd78db35cd done
#7 exporting attestation manifest sha256:92d3cf060e4f764e4060d2998f84f94a4ac68bffd83bba71061dad17d6385b59 done
#7 exporting manifest list sha256:a2625088bd23a953206c874ecf0c8e179d6187b01e9bf45a2347c59c35f69dce done
#7 naming to docker.io/library/story-review-desk:asset-cleanup-709ae260dc84 done
#7 unpacking to docker.io/library/story-review-desk:asset-cleanup-709ae260dc84 done
#7 DONE 0.1s

{"operation": ["docker", "image", "inspect"], "returncode": 0, "seconds": 0.027}
sha256:2112d9a46b4db54eb1657fc8403b717ed2d7be3d26f6de77767c39345e6ea4e8

{"operation": ["docker", "run", "--pull=never"], "returncode": 0, "seconds": 0.118}
2b34bdb82bd001650f801a03c10451c2b4750ae327566dbc312cc57523de2eb0

{"operation": ["docker", "inspect", "--type"], "returncode": 0, "seconds": 0.021}
{"id":"2b34bdb82bd001650f801a03c10451c2b4750ae327566dbc312cc57523de2eb0","name":"/snakeslayingrecord-cleanup-0005-709ae26","image":"sha256:a2625088bd23a953206c874ecf0c8e179d6187b01e9bf45a2347c59c35f69dce","state":"running","started":"2026-10-04T06:34:31.185934011Z","health":"starting","mounts":[{"Destination":"/instance","Mode":"","Propagation":"rprivate","RW":true,"Source":"{task-worktree}/.runtime/asset-cleanup/docker-rehearsal/instance","Type":"bind"}],"ports":{"8765/tcp":[{"HostIp":"127.0.0.1","HostPort":"62616"}]},"restart":{"MaximumRetryCount":0,"Name":"no"}}

{"operation": ["docker", "inspect", "--type"], "returncode": 0, "seconds": 0.023}
{"id":"2b34bdb82bd001650f801a03c10451c2b4750ae327566dbc312cc57523de2eb0","name":"/snakeslayingrecord-cleanup-0005-709ae26","image":"sha256:a2625088bd23a953206c874ecf0c8e179d6187b01e9bf45a2347c59c35f69dce","state":"running","started":"2026-10-04T06:34:31.185934011Z","health":"starting","mounts":[{"Destination":"/instance","Mode":"","Propagation":"rprivate","RW":true,"Source":"{task-worktree}/.runtime/asset-cleanup/docker-rehearsal/instance","Type":"bind"}],"ports":{"8765/tcp":[{"HostIp":"127.0.0.1","HostPort":"62616"}]},"restart":{"MaximumRetryCount":0,"Name":"no"}}

{"operation": ["docker", "inspect", "--type"], "returncode": 0, "seconds": 0.019}
{"id":"2b34bdb82bd001650f801a03c10451c2b4750ae327566dbc312cc57523de2eb0","name":"/snakeslayingrecord-cleanup-0005-709ae26","image":"sha256:a2625088bd23a953206c874ecf0c8e179d6187b01e9bf45a2347c59c35f69dce","state":"running","started":"2026-10-04T06:34:31.185934011Z","health":"starting","mounts":[{"Destination":"/instance","Mode":"","Propagation":"rprivate","RW":true,"Source":"{task-worktree}/.runtime/asset-cleanup/docker-rehearsal/instance","Type":"bind"}],"ports":{"8765/tcp":[{"HostIp":"127.0.0.1","HostPort":"62616"}]},"restart":{"MaximumRetryCount":0,"Name":"no"}}

{"operation": ["docker", "inspect", "--type"], "returncode": 0, "seconds": 0.022}
{"id":"2b34bdb82bd001650f801a03c10451c2b4750ae327566dbc312cc57523de2eb0","name":"/snakeslayingrecord-cleanup-0005-709ae26","image":"sha256:a2625088bd23a953206c874ecf0c8e179d6187b01e9bf45a2347c59c35f69dce","state":"running","started":"2026-10-04T06:34:31.185934011Z","health":"healthy","mounts":[{"Destination":"/instance","Mode":"","Propagation":"rprivate","RW":true,"Source":"{task-worktree}/.runtime/asset-cleanup/docker-rehearsal/instance","Type":"bind"}],"ports":{"8765/tcp":[{"HostIp":"127.0.0.1","HostPort":"62616"}]},"restart":{"MaximumRetryCount":0,"Name":"no"}}

{"operation": ["docker", "exec", "2b34bdb82bd001650f801a03c10451c2b4750ae327566dbc312cc57523de2eb0"], "returncode": 0, "seconds": 0.046}
{"__init__.py": "a3b6c7eaa0d3f9aaa834a16ab2559e04bf2fba56a73d0e0089565527ec02d754", "__main__.py": "7ea53361ac558885c1e8cc6943f4dff9c4d895a7485a0970db51e6be8fc5134a", "approach.py": "bf577012cdd2f5c1f839ac6149dad7e1ddf10d1ccb1ac5d29ef00beff2febbaa", "bundle.py": "38b678cf27ea88a2376eea6fd73340687a099e5da81648eceb750138906040d1", "configuration.py": "9bb89d7592acd3b38440a17bda53e4b2f97e3905e4a7f49e592e493eacf1b179", "entity_relations.py": "35ffcdd66989d7ce3a85f369a480f35c72dcc5737ba7c9540b80bf51e67561b5", "entity_review.py": "f1eccb23ad5e099650a4b038471ca7b1d317998e50aaaa3ea5626c34e09d6ebb", "favicon.py": "050151dea87a19726c1c8751876b7016f64489a1529960748f13da83685bcb65", "framework.py": "8d8d9212cde9f8fbbead9ceb861682e56aeb495efcb1509ee629ce3c66176199", "generation.py": "d33e7081c3e840f085b0223743534afdcb38e460e6c1644bd2f72affce50bed7", "input_contracts.py": "dfb95b53f09bea087c3c3cecc8ad8b0cdc825efbb33c599a5f12cf2437da2f54", "material_review.py": "feffceb6d46b23241cc50b436fea86b976f81a7be8f6b6fdc9f2e007df4dfff9", "material_versions.py": "0ac1199623dc53792306e09d409152657a05aa0e94fadd12dab5c6ca7547412b", "polish.py": "3cb2c403eb78f074afb22d6583bc93cf9c5bb37b778018bd95867bed541f527a", "production.py": "3b3b3f850b20b7e29f3642fb5cca9aedfbb5597bec802eeb54b618b6a3b386cd", "production_changes.py": "7894ba6d1297796a96909b6ff77f701b4391e733cbd3d67ddc3a028ff938dce1", "production_media.py": "d41d579e1750a745424d2da5d87ea2c8ee82d65ed008987445db0555fe84cb7c", "production_states.py": "86b8961dd304ef937d56d9d7b18deb4c0c3c507763279942c8a6ee0ffe5bedb4", "review_text.py": "c9c7cd6152002560f2c574e6e6936c04e1522dc2365b49c0f8a135028c2514aa", "screenplay.py": "3239df072744217043b8910a67d64604b79a410e1630325aa5e26dc5f64ed32e", "screenplay_summaries.py": "386b31ffa504fa47ea4039e7cced4b9bede87306f6e90f2fc506335b682ddda7", "server.py": "aeb456c269777a33a91e5d1137bd22866a2f4da6dbb1cf646d42fa4fa947ce6f", "static/app.js": "447a76b6cbcf4c4a1f19bd5b0313b534304de1263010547ecac2343fdf5c27e3", "static/approach.css": "97c02f49c13e13a137deb35ac827115adb1170f73f71ac6988ceda61e6ea9f5b", "static/approach.js": "67cc3f989828eca1ea853310b39a3c7b1e20bd5cfde0e62652a234efda7207c9", "static/entity-relations.js": "92455e0329ac761d59fc63a7d74c87b22521c92bd0194bf59f60f96667945e1b", "static/entity-review.js": "966cf78fffdc7fb3a2aa9bce0e78ca93fdeadaf19f8b2c241356d7cb7232633d", "static/favicon.svg": "b58aa2423929b1970c03192b4b767f40724602096ba7eecdca496db74a4c2b99", "static/index.html": "544f843e8e0173fa5fd98c472289c8a9df6b74e63e9e071da70fd9be33808ff2", "static/material-review.js": "2e5ae82906eecf02906c3cbd63a1328a9fad2bd84ee12796c1c5e6bcedd6a9d0", "static/polish.css": "bb32e29e19c3b4e34125fc1f7deb22397df9b96d2c7d2376acae96bf83caae76", "static/production.css": "a704abea1304d930fa90d12e5dfa823c8d5bbd6fc9b49fbef7cd4a58c3d44a59", "static/production.js": "22e38f625cae2c64b1a21faa8242901a42a4fff49322a4695675be489e34a6be", "static/review-ui.css": "b1d049634db9c838edc8a62c89cea9a04e6407361036bfbf76ee83e0cf8afa20", "static/review-ui.js": "a8c6b9aec5f48bb30b546a7529dc6304c26c86ef720f4b782ad4166384c7ec1b", "static/screenplay.css": "363ecf89ad136eefa57cd37503abdbeecd8b3f9fd6c4ec951ba24615a453534f", "static/screenplay.js": "61d91ee2b8d8dc61b9ca7b65a7c6b71275e7519e2fd36805601686b458b05b14", "static/structure.css": "c60877bd54dad6ed1b53d765df3251c6c0c4c2e76697494066a655c28e6fc437", "static/structure.js": "3ea86af929bc906a3d086c82fdcf1941b7a632fde48d9c174a45423b099c3020", "static/style.css": "eb2fb8a271414bd8cd87fb98bf13d4baeabf0cebf17d93425fb60365dd16b711", "static/workspace.css": "5d440c8cff4ea771fea569ef8a2889753b22274017e77a6951aec3a5ee8bf627", "store.py": "8cd3fbe3a3da0691fcefd775b87d06553334346d5a7698e0864d87b936bcfd17", "structure.py": "3741f0ed949ee49327eecebd6a4709cddcf0d1e83afc37e4f449a006d70e2921"}

{"operation": ["docker", "logs", "--timestamps"], "returncode": 0, "seconds": 0.018}
2026-10-04T06:34:31.423981052Z 李寄斩蛇 · 故事采编 · 资产清理隔离预览: http://0.0.0.0:8765/
2026-10-04T06:34:32.272148969Z 127.0.0.1 - - [04/Oct/2026 06:34:32] "GET /api/instance HTTP/1.1" 200 -
2026-10-04T06:34:32.773505720Z 172.17.0.1 - - [04/Oct/2026 06:34:32] "GET /api/production HTTP/1.1" 200 -

{"operation": ["docker", "stop", "--time"], "returncode": 0, "seconds": 5.183}
Flag --time has been deprecated, use --timeout instead
2b34bdb82bd001650f801a03c10451c2b4750ae327566dbc312cc57523de2eb0

{"operation": ["docker", "rm", "2b34bdb82bd001650f801a03c10451c2b4750ae327566dbc312cc57523de2eb0"], "returncode": 0, "seconds": 0.033}
2b34bdb82bd001650f801a03c10451c2b4750ae327566dbc312cc57523de2eb0

{"operation": ["docker", "inspect", "--type"], "returncode": 0, "seconds": 0.094}
{"id":"49c7e99d62dca0616b04ddc0a657c7b54852be6f4ef3c3623280867e57de3341","name":"/snakeslayingrecord-app-1","image":"sha256:2112d9a46b4db54eb1657fc8403b717ed2d7be3d26f6de77767c39345e6ea4e8","state":"running","started":"2026-10-04T05:47:53.841381966Z","health":"healthy","mounts":[{"Destination":"/instance","Mode":"rw","Propagation":"rprivate","RW":true,"Source":"{story-root}","Type":"bind"},{"Destination":"/instance/config/instance.json","Mode":"ro","Propagation":"rprivate","RW":false,"Source":"{story-root}/.runtime/service-releases/materials-20261004-0004-fd08a2cefe80-236433072b16/instance/config/instance.json","Type":"bind"},{"Destination":"/instance/content/production-approach.json","Mode":"ro","Propagation":"rprivate","RW":false,"Source":"{story-root}/.runtime/service-releases/materials-20261004-0004-fd08a2cefe80-236433072b16/instance/content/production-approach.json","Type":"bind"},{"Destination":"/run/local-ca/cacert.pem","Mode":"ro","Propagation":"rprivate","RW":false,"Source":"{local-ca-file}","Type":"bind"}],"ports":{},"restart":{"MaximumRetryCount":0,"Name":"unless-stopped"}}

{"operation": ["docker", "inspect", "--type"], "returncode": 0, "seconds": 0.02}
{"id":"ab0c87b08f974bc5a049cb204dda1aecd625a19cb9a4f5af103be4daff8f7d8c","name":"/snakeslayingrecord-nginx-1","image":"sha256:009d73a160564cce886ee8a8538c4d18f0ea9b961f03db9df410e45b0fdf29b2","state":"running","started":"2026-10-04T05:48:09.396927167Z","health":null,"mounts":[],"ports":{"3000/tcp":[{"HostIp":"127.0.0.1","HostPort":"3000"},{"HostIp":"127.0.0.1","HostPort":"64401"}]},"restart":{"MaximumRetryCount":0,"Name":"unless-stopped"}}

{"operation": ["git", "ls-tree", "-r"], "returncode": 0, "seconds": 0.014}
review_desk/__init__.py
review_desk/__main__.py
review_desk/approach.py
review_desk/bundle.py
review_desk/configuration.py
review_desk/entity_relations.py
review_desk/entity_review.py
review_desk/favicon.py
review_desk/framework.py
review_desk/generation.py
review_desk/input_contracts.py
review_desk/material_review.py
review_desk/material_versions.py
review_desk/polish.py
review_desk/production.py
review_desk/production_changes.py
review_desk/production_media.py
review_desk/production_states.py
review_desk/review_text.py
review_desk/screenplay.py
review_desk/screenplay_summaries.py
review_desk/server.py
review_desk/static/app.js
review_desk/static/approach.css
review_desk/static/approach.js
review_desk/static/entity-relations.js
review_desk/static/entity-review.js
review_desk/static/favicon.svg
review_desk/static/index.html
review_desk/static/material-review.js
review_desk/static/polish.css
review_desk/static/production.css
review_desk/static/production.js
review_desk/static/review-ui.css
review_desk/static/review-ui.js
review_desk/static/screenplay.css
review_desk/static/screenplay.js
review_desk/static/structure.css
review_desk/static/structure.js
review_desk/static/style.css
review_desk/static/workspace.css
review_desk/store.py
review_desk/structure.py

{"operation": ["docker", "image", "inspect"], "returncode": 0, "seconds": 0.028}
sha256:2112d9a46b4db54eb1657fc8403b717ed2d7be3d26f6de77767c39345e6ea4e8

{"operation": ["docker", "build", "--pull=false"], "returncode": 0, "seconds": 0.438}
#0 building with "desktop-linux" instance using docker driver

#1 [internal] load build definition from Dockerfile
#1 transferring dockerfile: 130B done
#1 DONE 0.0s

#2 [internal] load metadata for docker.io/library/story-review-desk:materials-236433072b16-fd08a2cefe80
#2 DONE 0.0s

#3 [internal] load .dockerignore
#3 transferring context: 2B done
#3 DONE 0.0s

#4 [1/2] FROM docker.io/library/story-review-desk:materials-236433072b16-fd08a2cefe80@sha256:2112d9a46b4db54eb1657fc8403b717ed2d7be3d26f6de77767c39345e6ea4e8
#4 resolve docker.io/library/story-review-desk:materials-236433072b16-fd08a2cefe80@sha256:2112d9a46b4db54eb1657fc8403b717ed2d7be3d26f6de77767c39345e6ea4e8 0.0s done
#4 DONE 0.0s

#5 [internal] load build context
#5 transferring context: 650.18kB 0.0s done
#5 DONE 0.0s

#6 [2/2] COPY review_desk /app/review_desk
#6 CACHED

#7 exporting to image
#7 exporting layers done
#7 exporting manifest sha256:b6e7359e2d95420ab964f4598737ad0dc3f22553e473e6e2b3f306c3efaca9a5 done
#7 exporting config sha256:a8042e1c16eb2f9ac0da5e51c7433de50984529f57ff7b1473162ffd78db35cd done
#7 exporting attestation manifest sha256:e324dad4c565717c713c8fd1d3767b78f1405d028663367406cedbbb2d211019 done
#7 exporting manifest list sha256:2f65d7f9f0e67dc9997c4637c57e37391fbe23fdde5e082fa94adf4f56533055 done
#7 naming to docker.io/library/story-review-desk:asset-cleanup-709ae260dc84 done
#7 unpacking to docker.io/library/story-review-desk:asset-cleanup-709ae260dc84 done
#7 DONE 0.0s

{"operation": ["docker", "image", "inspect"], "returncode": 0, "seconds": 0.027}
sha256:2112d9a46b4db54eb1657fc8403b717ed2d7be3d26f6de77767c39345e6ea4e8

{"operation": ["docker", "run", "--pull=never"], "returncode": 0, "seconds": 0.159}
04c67089d4bab94fc984be0e3b6eee78fdd6858d641b02682af4af4ca3cc9610

{"operation": ["docker", "inspect", "--type"], "returncode": 0, "seconds": 0.023}
{"id":"04c67089d4bab94fc984be0e3b6eee78fdd6858d641b02682af4af4ca3cc9610","name":"/snakeslayingrecord-cleanup-0005-709ae26","image":"sha256:2f65d7f9f0e67dc9997c4637c57e37391fbe23fdde5e082fa94adf4f56533055","state":"running","started":"2026-10-04T06:35:38.853555625Z","health":"starting","mounts":[{"Destination":"/instance","Mode":"","Propagation":"rprivate","RW":true,"Source":"{task-worktree}/.runtime/asset-cleanup/docker-rehearsal/instance","Type":"bind"}],"ports":{"8765/tcp":[{"HostIp":"127.0.0.1","HostPort":"62616"}]},"restart":{"MaximumRetryCount":0,"Name":"no"}}

{"operation": ["docker", "inspect", "--type"], "returncode": 0, "seconds": 0.019}
{"id":"04c67089d4bab94fc984be0e3b6eee78fdd6858d641b02682af4af4ca3cc9610","name":"/snakeslayingrecord-cleanup-0005-709ae26","image":"sha256:2f65d7f9f0e67dc9997c4637c57e37391fbe23fdde5e082fa94adf4f56533055","state":"running","started":"2026-10-04T06:35:38.853555625Z","health":"starting","mounts":[{"Destination":"/instance","Mode":"","Propagation":"rprivate","RW":true,"Source":"{task-worktree}/.runtime/asset-cleanup/docker-rehearsal/instance","Type":"bind"}],"ports":{"8765/tcp":[{"HostIp":"127.0.0.1","HostPort":"62616"}]},"restart":{"MaximumRetryCount":0,"Name":"no"}}

{"operation": ["docker", "inspect", "--type"], "returncode": 0, "seconds": 0.022}
{"id":"04c67089d4bab94fc984be0e3b6eee78fdd6858d641b02682af4af4ca3cc9610","name":"/snakeslayingrecord-cleanup-0005-709ae26","image":"sha256:2f65d7f9f0e67dc9997c4637c57e37391fbe23fdde5e082fa94adf4f56533055","state":"running","started":"2026-10-04T06:35:38.853555625Z","health":"starting","mounts":[{"Destination":"/instance","Mode":"","Propagation":"rprivate","RW":true,"Source":"{task-worktree}/.runtime/asset-cleanup/docker-rehearsal/instance","Type":"bind"}],"ports":{"8765/tcp":[{"HostIp":"127.0.0.1","HostPort":"62616"}]},"restart":{"MaximumRetryCount":0,"Name":"no"}}

{"operation": ["docker", "inspect", "--type"], "returncode": 0, "seconds": 0.022}
{"id":"04c67089d4bab94fc984be0e3b6eee78fdd6858d641b02682af4af4ca3cc9610","name":"/snakeslayingrecord-cleanup-0005-709ae26","image":"sha256:2f65d7f9f0e67dc9997c4637c57e37391fbe23fdde5e082fa94adf4f56533055","state":"running","started":"2026-10-04T06:35:38.853555625Z","health":"healthy","mounts":[{"Destination":"/instance","Mode":"","Propagation":"rprivate","RW":true,"Source":"{task-worktree}/.runtime/asset-cleanup/docker-rehearsal/instance","Type":"bind"}],"ports":{"8765/tcp":[{"HostIp":"127.0.0.1","HostPort":"62616"}]},"restart":{"MaximumRetryCount":0,"Name":"no"}}

{"operation": ["docker", "exec", "04c67089d4bab94fc984be0e3b6eee78fdd6858d641b02682af4af4ca3cc9610"], "returncode": 0, "seconds": 0.047}
{"__init__.py": "a3b6c7eaa0d3f9aaa834a16ab2559e04bf2fba56a73d0e0089565527ec02d754", "__main__.py": "7ea53361ac558885c1e8cc6943f4dff9c4d895a7485a0970db51e6be8fc5134a", "approach.py": "bf577012cdd2f5c1f839ac6149dad7e1ddf10d1ccb1ac5d29ef00beff2febbaa", "bundle.py": "38b678cf27ea88a2376eea6fd73340687a099e5da81648eceb750138906040d1", "configuration.py": "9bb89d7592acd3b38440a17bda53e4b2f97e3905e4a7f49e592e493eacf1b179", "entity_relations.py": "35ffcdd66989d7ce3a85f369a480f35c72dcc5737ba7c9540b80bf51e67561b5", "entity_review.py": "f1eccb23ad5e099650a4b038471ca7b1d317998e50aaaa3ea5626c34e09d6ebb", "favicon.py": "050151dea87a19726c1c8751876b7016f64489a1529960748f13da83685bcb65", "framework.py": "8d8d9212cde9f8fbbead9ceb861682e56aeb495efcb1509ee629ce3c66176199", "generation.py": "d33e7081c3e840f085b0223743534afdcb38e460e6c1644bd2f72affce50bed7", "input_contracts.py": "dfb95b53f09bea087c3c3cecc8ad8b0cdc825efbb33c599a5f12cf2437da2f54", "material_review.py": "feffceb6d46b23241cc50b436fea86b976f81a7be8f6b6fdc9f2e007df4dfff9", "material_versions.py": "0ac1199623dc53792306e09d409152657a05aa0e94fadd12dab5c6ca7547412b", "polish.py": "3cb2c403eb78f074afb22d6583bc93cf9c5bb37b778018bd95867bed541f527a", "production.py": "3b3b3f850b20b7e29f3642fb5cca9aedfbb5597bec802eeb54b618b6a3b386cd", "production_changes.py": "7894ba6d1297796a96909b6ff77f701b4391e733cbd3d67ddc3a028ff938dce1", "production_media.py": "d41d579e1750a745424d2da5d87ea2c8ee82d65ed008987445db0555fe84cb7c", "production_states.py": "86b8961dd304ef937d56d9d7b18deb4c0c3c507763279942c8a6ee0ffe5bedb4", "review_text.py": "c9c7cd6152002560f2c574e6e6936c04e1522dc2365b49c0f8a135028c2514aa", "screenplay.py": "3239df072744217043b8910a67d64604b79a410e1630325aa5e26dc5f64ed32e", "screenplay_summaries.py": "386b31ffa504fa47ea4039e7cced4b9bede87306f6e90f2fc506335b682ddda7", "server.py": "aeb456c269777a33a91e5d1137bd22866a2f4da6dbb1cf646d42fa4fa947ce6f", "static/app.js": "447a76b6cbcf4c4a1f19bd5b0313b534304de1263010547ecac2343fdf5c27e3", "static/approach.css": "97c02f49c13e13a137deb35ac827115adb1170f73f71ac6988ceda61e6ea9f5b", "static/approach.js": "67cc3f989828eca1ea853310b39a3c7b1e20bd5cfde0e62652a234efda7207c9", "static/entity-relations.js": "92455e0329ac761d59fc63a7d74c87b22521c92bd0194bf59f60f96667945e1b", "static/entity-review.js": "966cf78fffdc7fb3a2aa9bce0e78ca93fdeadaf19f8b2c241356d7cb7232633d", "static/favicon.svg": "b58aa2423929b1970c03192b4b767f40724602096ba7eecdca496db74a4c2b99", "static/index.html": "544f843e8e0173fa5fd98c472289c8a9df6b74e63e9e071da70fd9be33808ff2", "static/material-review.js": "2e5ae82906eecf02906c3cbd63a1328a9fad2bd84ee12796c1c5e6bcedd6a9d0", "static/polish.css": "bb32e29e19c3b4e34125fc1f7deb22397df9b96d2c7d2376acae96bf83caae76", "static/production.css": "a704abea1304d930fa90d12e5dfa823c8d5bbd6fc9b49fbef7cd4a58c3d44a59", "static/production.js": "22e38f625cae2c64b1a21faa8242901a42a4fff49322a4695675be489e34a6be", "static/review-ui.css": "b1d049634db9c838edc8a62c89cea9a04e6407361036bfbf76ee83e0cf8afa20", "static/review-ui.js": "a8c6b9aec5f48bb30b546a7529dc6304c26c86ef720f4b782ad4166384c7ec1b", "static/screenplay.css": "363ecf89ad136eefa57cd37503abdbeecd8b3f9fd6c4ec951ba24615a453534f", "static/screenplay.js": "61d91ee2b8d8dc61b9ca7b65a7c6b71275e7519e2fd36805601686b458b05b14", "static/structure.css": "c60877bd54dad6ed1b53d765df3251c6c0c4c2e76697494066a655c28e6fc437", "static/structure.js": "3ea86af929bc906a3d086c82fdcf1941b7a632fde48d9c174a45423b099c3020", "static/style.css": "eb2fb8a271414bd8cd87fb98bf13d4baeabf0cebf17d93425fb60365dd16b711", "static/workspace.css": "5d440c8cff4ea771fea569ef8a2889753b22274017e77a6951aec3a5ee8bf627", "store.py": "8cd3fbe3a3da0691fcefd775b87d06553334346d5a7698e0864d87b936bcfd17", "structure.py": "3741f0ed949ee49327eecebd6a4709cddcf0d1e83afc37e4f449a006d70e2921"}

{"operation": ["docker", "restart", "--time"], "returncode": 0, "seconds": 5.214}
Flag --time has been deprecated, use --timeout instead
04c67089d4bab94fc984be0e3b6eee78fdd6858d641b02682af4af4ca3cc9610

{"operation": ["docker", "inspect", "--type"], "returncode": 0, "seconds": 0.021}
{"id":"04c67089d4bab94fc984be0e3b6eee78fdd6858d641b02682af4af4ca3cc9610","name":"/snakeslayingrecord-cleanup-0005-709ae26","image":"sha256:2f65d7f9f0e67dc9997c4637c57e37391fbe23fdde5e082fa94adf4f56533055","state":"running","started":"2026-10-04T06:35:45.93588542Z","health":"starting","mounts":[{"Destination":"/instance","Mode":"","Propagation":"rprivate","RW":true,"Source":"{task-worktree}/.runtime/asset-cleanup/docker-rehearsal/instance","Type":"bind"}],"ports":{"8765/tcp":[{"HostIp":"127.0.0.1","HostPort":"62616"}]},"restart":{"MaximumRetryCount":0,"Name":"no"}}

{"operation": ["docker", "inspect", "--type"], "returncode": 0, "seconds": 0.021}
{"id":"04c67089d4bab94fc984be0e3b6eee78fdd6858d641b02682af4af4ca3cc9610","name":"/snakeslayingrecord-cleanup-0005-709ae26","image":"sha256:2f65d7f9f0e67dc9997c4637c57e37391fbe23fdde5e082fa94adf4f56533055","state":"running","started":"2026-10-04T06:35:45.93588542Z","health":"starting","mounts":[{"Destination":"/instance","Mode":"","Propagation":"rprivate","RW":true,"Source":"{task-worktree}/.runtime/asset-cleanup/docker-rehearsal/instance","Type":"bind"}],"ports":{"8765/tcp":[{"HostIp":"127.0.0.1","HostPort":"62616"}]},"restart":{"MaximumRetryCount":0,"Name":"no"}}

{"operation": ["docker", "inspect", "--type"], "returncode": 0, "seconds": 0.02}
{"id":"04c67089d4bab94fc984be0e3b6eee78fdd6858d641b02682af4af4ca3cc9610","name":"/snakeslayingrecord-cleanup-0005-709ae26","image":"sha256:2f65d7f9f0e67dc9997c4637c57e37391fbe23fdde5e082fa94adf4f56533055","state":"running","started":"2026-10-04T06:35:45.93588542Z","health":"starting","mounts":[{"Destination":"/instance","Mode":"","Propagation":"rprivate","RW":true,"Source":"{task-worktree}/.runtime/asset-cleanup/docker-rehearsal/instance","Type":"bind"}],"ports":{"8765/tcp":[{"HostIp":"127.0.0.1","HostPort":"62616"}]},"restart":{"MaximumRetryCount":0,"Name":"no"}}

{"operation": ["docker", "inspect", "--type"], "returncode": 0, "seconds": 0.019}
{"id":"04c67089d4bab94fc984be0e3b6eee78fdd6858d641b02682af4af4ca3cc9610","name":"/snakeslayingrecord-cleanup-0005-709ae26","image":"sha256:2f65d7f9f0e67dc9997c4637c57e37391fbe23fdde5e082fa94adf4f56533055","state":"running","started":"2026-10-04T06:35:45.93588542Z","health":"healthy","mounts":[{"Destination":"/instance","Mode":"","Propagation":"rprivate","RW":true,"Source":"{task-worktree}/.runtime/asset-cleanup/docker-rehearsal/instance","Type":"bind"}],"ports":{"8765/tcp":[{"HostIp":"127.0.0.1","HostPort":"62616"}]},"restart":{"MaximumRetryCount":0,"Name":"no"}}

{"operation": ["docker", "exec", "04c67089d4bab94fc984be0e3b6eee78fdd6858d641b02682af4af4ca3cc9610"], "returncode": 0, "seconds": 0.047}
{"__init__.py": "a3b6c7eaa0d3f9aaa834a16ab2559e04bf2fba56a73d0e0089565527ec02d754", "__main__.py": "7ea53361ac558885c1e8cc6943f4dff9c4d895a7485a0970db51e6be8fc5134a", "approach.py": "bf577012cdd2f5c1f839ac6149dad7e1ddf10d1ccb1ac5d29ef00beff2febbaa", "bundle.py": "38b678cf27ea88a2376eea6fd73340687a099e5da81648eceb750138906040d1", "configuration.py": "9bb89d7592acd3b38440a17bda53e4b2f97e3905e4a7f49e592e493eacf1b179", "entity_relations.py": "35ffcdd66989d7ce3a85f369a480f35c72dcc5737ba7c9540b80bf51e67561b5", "entity_review.py": "f1eccb23ad5e099650a4b038471ca7b1d317998e50aaaa3ea5626c34e09d6ebb", "favicon.py": "050151dea87a19726c1c8751876b7016f64489a1529960748f13da83685bcb65", "framework.py": "8d8d9212cde9f8fbbead9ceb861682e56aeb495efcb1509ee629ce3c66176199", "generation.py": "d33e7081c3e840f085b0223743534afdcb38e460e6c1644bd2f72affce50bed7", "input_contracts.py": "dfb95b53f09bea087c3c3cecc8ad8b0cdc825efbb33c599a5f12cf2437da2f54", "material_review.py": "feffceb6d46b23241cc50b436fea86b976f81a7be8f6b6fdc9f2e007df4dfff9", "material_versions.py": "0ac1199623dc53792306e09d409152657a05aa0e94fadd12dab5c6ca7547412b", "polish.py": "3cb2c403eb78f074afb22d6583bc93cf9c5bb37b778018bd95867bed541f527a", "production.py": "3b3b3f850b20b7e29f3642fb5cca9aedfbb5597bec802eeb54b618b6a3b386cd", "production_changes.py": "7894ba6d1297796a96909b6ff77f701b4391e733cbd3d67ddc3a028ff938dce1", "production_media.py": "d41d579e1750a745424d2da5d87ea2c8ee82d65ed008987445db0555fe84cb7c", "production_states.py": "86b8961dd304ef937d56d9d7b18deb4c0c3c507763279942c8a6ee0ffe5bedb4", "review_text.py": "c9c7cd6152002560f2c574e6e6936c04e1522dc2365b49c0f8a135028c2514aa", "screenplay.py": "3239df072744217043b8910a67d64604b79a410e1630325aa5e26dc5f64ed32e", "screenplay_summaries.py": "386b31ffa504fa47ea4039e7cced4b9bede87306f6e90f2fc506335b682ddda7", "server.py": "aeb456c269777a33a91e5d1137bd22866a2f4da6dbb1cf646d42fa4fa947ce6f", "static/app.js": "447a76b6cbcf4c4a1f19bd5b0313b534304de1263010547ecac2343fdf5c27e3", "static/approach.css": "97c02f49c13e13a137deb35ac827115adb1170f73f71ac6988ceda61e6ea9f5b", "static/approach.js": "67cc3f989828eca1ea853310b39a3c7b1e20bd5cfde0e62652a234efda7207c9", "static/entity-relations.js": "92455e0329ac761d59fc63a7d74c87b22521c92bd0194bf59f60f96667945e1b", "static/entity-review.js": "966cf78fffdc7fb3a2aa9bce0e78ca93fdeadaf19f8b2c241356d7cb7232633d", "static/favicon.svg": "b58aa2423929b1970c03192b4b767f40724602096ba7eecdca496db74a4c2b99", "static/index.html": "544f843e8e0173fa5fd98c472289c8a9df6b74e63e9e071da70fd9be33808ff2", "static/material-review.js": "2e5ae82906eecf02906c3cbd63a1328a9fad2bd84ee12796c1c5e6bcedd6a9d0", "static/polish.css": "bb32e29e19c3b4e34125fc1f7deb22397df9b96d2c7d2376acae96bf83caae76", "static/production.css": "a704abea1304d930fa90d12e5dfa823c8d5bbd6fc9b49fbef7cd4a58c3d44a59", "static/production.js": "22e38f625cae2c64b1a21faa8242901a42a4fff49322a4695675be489e34a6be", "static/review-ui.css": "b1d049634db9c838edc8a62c89cea9a04e6407361036bfbf76ee83e0cf8afa20", "static/review-ui.js": "a8c6b9aec5f48bb30b546a7529dc6304c26c86ef720f4b782ad4166384c7ec1b", "static/screenplay.css": "363ecf89ad136eefa57cd37503abdbeecd8b3f9fd6c4ec951ba24615a453534f", "static/screenplay.js": "61d91ee2b8d8dc61b9ca7b65a7c6b71275e7519e2fd36805601686b458b05b14", "static/structure.css": "c60877bd54dad6ed1b53d765df3251c6c0c4c2e76697494066a655c28e6fc437", "static/structure.js": "3ea86af929bc906a3d086c82fdcf1941b7a632fde48d9c174a45423b099c3020", "static/style.css": "eb2fb8a271414bd8cd87fb98bf13d4baeabf0cebf17d93425fb60365dd16b711", "static/workspace.css": "5d440c8cff4ea771fea569ef8a2889753b22274017e77a6951aec3a5ee8bf627", "store.py": "8cd3fbe3a3da0691fcefd775b87d06553334346d5a7698e0864d87b936bcfd17", "structure.py": "3741f0ed949ee49327eecebd6a4709cddcf0d1e83afc37e4f449a006d70e2921"}

{"operation": ["docker", "logs", "--timestamps"], "returncode": 0, "seconds": 0.019}
2026-10-04T06:35:39.112018042Z 李寄斩蛇 · 故事采编 · 资产清理隔离预览: http://0.0.0.0:8765/
2026-10-04T06:35:46.013945962Z 李寄斩蛇 · 故事采编 · 资产清理隔离预览: http://0.0.0.0:8765/
2026-10-04T06:35:39.952481459Z 127.0.0.1 - - [04/Oct/2026 06:35:39] "GET /api/instance HTTP/1.1" 200 -
2026-10-04T06:35:40.433648626Z 172.17.0.1 - - [04/Oct/2026 06:35:40] "GET /api/production HTTP/1.1" 200 -
2026-10-04T06:35:40.501761251Z 172.17.0.1 - - [04/Oct/2026 06:35:40] "GET /assets/190e628c7cac1e564192f5afe87227585d18a9af88d7aaea923bfc7b1c37856d.wav HTTP/1.1" 200 -
2026-10-04T06:35:40.515760959Z 172.17.0.1 - - [04/Oct/2026 06:35:40] "POST /api/comments HTTP/1.1" 201 -
2026-10-04T06:35:41.003988251Z 127.0.0.1 - - [04/Oct/2026 06:35:41] "GET /api/instance HTTP/1.1" 200 -
2026-10-04T06:35:42.046789126Z 127.0.0.1 - - [04/Oct/2026 06:35:42] "GET /api/instance HTTP/1.1" 200 -
2026-10-04T06:35:43.093591960Z 127.0.0.1 - - [04/Oct/2026 06:35:43] "GET /api/instance HTTP/1.1" 200 -
2026-10-04T06:35:44.137965711Z 127.0.0.1 - - [04/Oct/2026 06:35:44] "GET /api/instance HTTP/1.1" 200 -
2026-10-04T06:35:45.184649295Z 127.0.0.1 - - [04/Oct/2026 06:35:45] "GET /api/instance HTTP/1.1" 200 -
2026-10-04T06:35:47.016063462Z 127.0.0.1 - - [04/Oct/2026 06:35:47] "GET /api/instance HTTP/1.1" 200 -

{"operation": ["docker", "stop", "--time"], "returncode": 0, "seconds": 5.17}
Flag --time has been deprecated, use --timeout instead
04c67089d4bab94fc984be0e3b6eee78fdd6858d641b02682af4af4ca3cc9610

{"operation": ["docker", "rm", "04c67089d4bab94fc984be0e3b6eee78fdd6858d641b02682af4af4ca3cc9610"], "returncode": 0, "seconds": 0.031}
04c67089d4bab94fc984be0e3b6eee78fdd6858d641b02682af4af4ca3cc9610

{"operation": ["docker", "run", "--pull=never"], "returncode": 0, "seconds": 0.119}
2a243bfa4d7db7a85e9a250891770f21c09222631b1496f18fbccc867267c6a1

{"operation": ["docker", "inspect", "--type"], "returncode": 0, "seconds": 0.019}
{"id":"2a243bfa4d7db7a85e9a250891770f21c09222631b1496f18fbccc867267c6a1","name":"/snakeslayingrecord-cleanup-0005-709ae26","image":"sha256:2112d9a46b4db54eb1657fc8403b717ed2d7be3d26f6de77767c39345e6ea4e8","state":"running","started":"2026-10-04T06:35:52.87013009Z","health":"starting","mounts":[{"Destination":"/instance","Mode":"","Propagation":"rprivate","RW":true,"Source":"{task-worktree}/.runtime/asset-cleanup/docker-rehearsal/instance","Type":"bind"}],"ports":{"8765/tcp":[{"HostIp":"127.0.0.1","HostPort":"62616"}]},"restart":{"MaximumRetryCount":0,"Name":"no"}}

{"operation": ["docker", "inspect", "--type"], "returncode": 0, "seconds": 0.021}
{"id":"2a243bfa4d7db7a85e9a250891770f21c09222631b1496f18fbccc867267c6a1","name":"/snakeslayingrecord-cleanup-0005-709ae26","image":"sha256:2112d9a46b4db54eb1657fc8403b717ed2d7be3d26f6de77767c39345e6ea4e8","state":"running","started":"2026-10-04T06:35:52.87013009Z","health":"starting","mounts":[{"Destination":"/instance","Mode":"","Propagation":"rprivate","RW":true,"Source":"{task-worktree}/.runtime/asset-cleanup/docker-rehearsal/instance","Type":"bind"}],"ports":{"8765/tcp":[{"HostIp":"127.0.0.1","HostPort":"62616"}]},"restart":{"MaximumRetryCount":0,"Name":"no"}}

{"operation": ["docker", "inspect", "--type"], "returncode": 0, "seconds": 0.019}
{"id":"2a243bfa4d7db7a85e9a250891770f21c09222631b1496f18fbccc867267c6a1","name":"/snakeslayingrecord-cleanup-0005-709ae26","image":"sha256:2112d9a46b4db54eb1657fc8403b717ed2d7be3d26f6de77767c39345e6ea4e8","state":"running","started":"2026-10-04T06:35:52.87013009Z","health":"starting","mounts":[{"Destination":"/instance","Mode":"","Propagation":"rprivate","RW":true,"Source":"{task-worktree}/.runtime/asset-cleanup/docker-rehearsal/instance","Type":"bind"}],"ports":{"8765/tcp":[{"HostIp":"127.0.0.1","HostPort":"62616"}]},"restart":{"MaximumRetryCount":0,"Name":"no"}}

{"operation": ["docker", "inspect", "--type"], "returncode": 0, "seconds": 0.02}
{"id":"2a243bfa4d7db7a85e9a250891770f21c09222631b1496f18fbccc867267c6a1","name":"/snakeslayingrecord-cleanup-0005-709ae26","image":"sha256:2112d9a46b4db54eb1657fc8403b717ed2d7be3d26f6de77767c39345e6ea4e8","state":"running","started":"2026-10-04T06:35:52.87013009Z","health":"healthy","mounts":[{"Destination":"/instance","Mode":"","Propagation":"rprivate","RW":true,"Source":"{task-worktree}/.runtime/asset-cleanup/docker-rehearsal/instance","Type":"bind"}],"ports":{"8765/tcp":[{"HostIp":"127.0.0.1","HostPort":"62616"}]},"restart":{"MaximumRetryCount":0,"Name":"no"}}

{"operation": ["docker", "exec", "2a243bfa4d7db7a85e9a250891770f21c09222631b1496f18fbccc867267c6a1"], "returncode": 0, "seconds": 0.048}
{"__init__.py": "a3b6c7eaa0d3f9aaa834a16ab2559e04bf2fba56a73d0e0089565527ec02d754", "__main__.py": "7ea53361ac558885c1e8cc6943f4dff9c4d895a7485a0970db51e6be8fc5134a", "approach.py": "bf577012cdd2f5c1f839ac6149dad7e1ddf10d1ccb1ac5d29ef00beff2febbaa", "bundle.py": "38b678cf27ea88a2376eea6fd73340687a099e5da81648eceb750138906040d1", "configuration.py": "9bb89d7592acd3b38440a17bda53e4b2f97e3905e4a7f49e592e493eacf1b179", "entity_relations.py": "35ffcdd66989d7ce3a85f369a480f35c72dcc5737ba7c9540b80bf51e67561b5", "entity_review.py": "f1eccb23ad5e099650a4b038471ca7b1d317998e50aaaa3ea5626c34e09d6ebb", "favicon.py": "050151dea87a19726c1c8751876b7016f64489a1529960748f13da83685bcb65", "framework.py": "8d8d9212cde9f8fbbead9ceb861682e56aeb495efcb1509ee629ce3c66176199", "generation.py": "d33e7081c3e840f085b0223743534afdcb38e460e6c1644bd2f72affce50bed7", "input_contracts.py": "dfb95b53f09bea087c3c3cecc8ad8b0cdc825efbb33c599a5f12cf2437da2f54", "material_review.py": "feffceb6d46b23241cc50b436fea86b976f81a7be8f6b6fdc9f2e007df4dfff9", "material_versions.py": "0ac1199623dc53792306e09d409152657a05aa0e94fadd12dab5c6ca7547412b", "polish.py": "3cb2c403eb78f074afb22d6583bc93cf9c5bb37b778018bd95867bed541f527a", "production.py": "5e6ba20e5205fd227499397e33276512a56ab96e61e154e4465444b06af26b19", "production_changes.py": "7894ba6d1297796a96909b6ff77f701b4391e733cbd3d67ddc3a028ff938dce1", "production_media.py": "c223f476b6e4db1e2d5df6e6654af3ea4c1a655a8a215b8ba53037a4ff902283", "production_states.py": "86b8961dd304ef937d56d9d7b18deb4c0c3c507763279942c8a6ee0ffe5bedb4", "review_text.py": "9cf109d8086b3c64e9d368a5696e88aef989660a60e7162b618f531822c1138d", "screenplay.py": "3239df072744217043b8910a67d64604b79a410e1630325aa5e26dc5f64ed32e", "screenplay_summaries.py": "386b31ffa504fa47ea4039e7cced4b9bede87306f6e90f2fc506335b682ddda7", "server.py": "aeb456c269777a33a91e5d1137bd22866a2f4da6dbb1cf646d42fa4fa947ce6f", "static/app.js": "447a76b6cbcf4c4a1f19bd5b0313b534304de1263010547ecac2343fdf5c27e3", "static/approach.css": "97c02f49c13e13a137deb35ac827115adb1170f73f71ac6988ceda61e6ea9f5b", "static/approach.js": "67cc3f989828eca1ea853310b39a3c7b1e20bd5cfde0e62652a234efda7207c9", "static/entity-relations.js": "92455e0329ac761d59fc63a7d74c87b22521c92bd0194bf59f60f96667945e1b", "static/entity-review.js": "966cf78fffdc7fb3a2aa9bce0e78ca93fdeadaf19f8b2c241356d7cb7232633d", "static/favicon.svg": "b58aa2423929b1970c03192b4b767f40724602096ba7eecdca496db74a4c2b99", "static/index.html": "544f843e8e0173fa5fd98c472289c8a9df6b74e63e9e071da70fd9be33808ff2", "static/material-review.js": "2e5ae82906eecf02906c3cbd63a1328a9fad2bd84ee12796c1c5e6bcedd6a9d0", "static/polish.css": "bb32e29e19c3b4e34125fc1f7deb22397df9b96d2c7d2376acae96bf83caae76", "static/production.css": "b92276c968a62798d9b2db3664fb72766b502900b5537515a652d3e86bd4a2c5", "static/production.js": "a9b7b7f08988d22496d9e8cae66c4ecaa337019d36fef4fb059580348ae0821f", "static/review-ui.css": "1c8dc9f410d014e8f3efc43454dfcea2391415b6c1fd537584ad2d8617221401", "static/review-ui.js": "a8c6b9aec5f48bb30b546a7529dc6304c26c86ef720f4b782ad4166384c7ec1b", "static/screenplay.css": "363ecf89ad136eefa57cd37503abdbeecd8b3f9fd6c4ec951ba24615a453534f", "static/screenplay.js": "61d91ee2b8d8dc61b9ca7b65a7c6b71275e7519e2fd36805601686b458b05b14", "static/structure.css": "2f9c802f833382e757c1e41bc978f9d4160180d6a09101198fe81e31cc9ba21b", "static/structure.js": "3ea86af929bc906a3d086c82fdcf1941b7a632fde48d9c174a45423b099c3020", "static/style.css": "13d2a6800230b7fa6ad6fc4a725fc6af338a81677729d1bed6f569ed24abd0b3", "static/workspace.css": "fb372feb12bd463b3e131da2e91c717fe0701536fd38066301b0759a8ff8487b", "store.py": "8cd3fbe3a3da0691fcefd775b87d06553334346d5a7698e0864d87b936bcfd17", "structure.py": "3741f0ed949ee49327eecebd6a4709cddcf0d1e83afc37e4f449a006d70e2921"}

{"operation": ["docker", "logs", "--timestamps"], "returncode": 0, "seconds": 0.018}
2026-10-04T06:35:53.106847465Z 李寄斩蛇 · 故事采编 · 资产清理隔离预览: http://0.0.0.0:8765/
2026-10-04T06:35:53.961816215Z 127.0.0.1 - - [04/Oct/2026 06:35:53] "GET /api/instance HTTP/1.1" 200 -
2026-10-04T06:35:54.493173007Z 172.17.0.1 - - [04/Oct/2026 06:35:54] "GET /api/comments?target_object_id=entity-a-he HTTP/1.1" 200 -
2026-10-04T06:35:55.003173008Z 127.0.0.1 - - [04/Oct/2026 06:35:55] "GET /api/instance HTTP/1.1" 200 -

{"operation": ["docker", "stop", "--time"], "returncode": 0, "seconds": 5.166}
Flag --time has been deprecated, use --timeout instead
2a243bfa4d7db7a85e9a250891770f21c09222631b1496f18fbccc867267c6a1

{"operation": ["docker", "rm", "2a243bfa4d7db7a85e9a250891770f21c09222631b1496f18fbccc867267c6a1"], "returncode": 0, "seconds": 0.034}
2a243bfa4d7db7a85e9a250891770f21c09222631b1496f18fbccc867267c6a1

{"operation": ["docker", "run", "--pull=never"], "returncode": 0, "seconds": 0.115}
be6fb1300af045dba2804681c85eafd5982feb1418a0b19b72062c7308e31ad7

{"operation": ["docker", "inspect", "--type"], "returncode": 0, "seconds": 0.02}
{"id":"be6fb1300af045dba2804681c85eafd5982feb1418a0b19b72062c7308e31ad7","name":"/snakeslayingrecord-cleanup-0005-709ae26","image":"sha256:2f65d7f9f0e67dc9997c4637c57e37391fbe23fdde5e082fa94adf4f56533055","state":"running","started":"2026-10-04T06:36:00.282805468Z","health":"starting","mounts":[{"Destination":"/instance","Mode":"","Propagation":"rprivate","RW":true,"Source":"{task-worktree}/.runtime/asset-cleanup/docker-rehearsal/instance","Type":"bind"}],"ports":{"8765/tcp":[{"HostIp":"127.0.0.1","HostPort":"62616"}]},"restart":{"MaximumRetryCount":0,"Name":"no"}}

{"operation": ["docker", "inspect", "--type"], "returncode": 0, "seconds": 0.042}
{"id":"be6fb1300af045dba2804681c85eafd5982feb1418a0b19b72062c7308e31ad7","name":"/snakeslayingrecord-cleanup-0005-709ae26","image":"sha256:2f65d7f9f0e67dc9997c4637c57e37391fbe23fdde5e082fa94adf4f56533055","state":"running","started":"2026-10-04T06:36:00.282805468Z","health":"starting","mounts":[{"Destination":"/instance","Mode":"","Propagation":"rprivate","RW":true,"Source":"{task-worktree}/.runtime/asset-cleanup/docker-rehearsal/instance","Type":"bind"}],"ports":{"8765/tcp":[{"HostIp":"127.0.0.1","HostPort":"62616"}]},"restart":{"MaximumRetryCount":0,"Name":"no"}}

{"operation": ["docker", "inspect", "--type"], "returncode": 0, "seconds": 0.024}
{"id":"be6fb1300af045dba2804681c85eafd5982feb1418a0b19b72062c7308e31ad7","name":"/snakeslayingrecord-cleanup-0005-709ae26","image":"sha256:2f65d7f9f0e67dc9997c4637c57e37391fbe23fdde5e082fa94adf4f56533055","state":"running","started":"2026-10-04T06:36:00.282805468Z","health":"starting","mounts":[{"Destination":"/instance","Mode":"","Propagation":"rprivate","RW":true,"Source":"{task-worktree}/.runtime/asset-cleanup/docker-rehearsal/instance","Type":"bind"}],"ports":{"8765/tcp":[{"HostIp":"127.0.0.1","HostPort":"62616"}]},"restart":{"MaximumRetryCount":0,"Name":"no"}}

{"operation": ["docker", "inspect", "--type"], "returncode": 0, "seconds": 0.036}
{"id":"be6fb1300af045dba2804681c85eafd5982feb1418a0b19b72062c7308e31ad7","name":"/snakeslayingrecord-cleanup-0005-709ae26","image":"sha256:2f65d7f9f0e67dc9997c4637c57e37391fbe23fdde5e082fa94adf4f56533055","state":"running","started":"2026-10-04T06:36:00.282805468Z","health":"healthy","mounts":[{"Destination":"/instance","Mode":"","Propagation":"rprivate","RW":true,"Source":"{task-worktree}/.runtime/asset-cleanup/docker-rehearsal/instance","Type":"bind"}],"ports":{"8765/tcp":[{"HostIp":"127.0.0.1","HostPort":"62616"}]},"restart":{"MaximumRetryCount":0,"Name":"no"}}

{"operation": ["docker", "exec", "be6fb1300af045dba2804681c85eafd5982feb1418a0b19b72062c7308e31ad7"], "returncode": 0, "seconds": 0.049}
{"__init__.py": "a3b6c7eaa0d3f9aaa834a16ab2559e04bf2fba56a73d0e0089565527ec02d754", "__main__.py": "7ea53361ac558885c1e8cc6943f4dff9c4d895a7485a0970db51e6be8fc5134a", "approach.py": "bf577012cdd2f5c1f839ac6149dad7e1ddf10d1ccb1ac5d29ef00beff2febbaa", "bundle.py": "38b678cf27ea88a2376eea6fd73340687a099e5da81648eceb750138906040d1", "configuration.py": "9bb89d7592acd3b38440a17bda53e4b2f97e3905e4a7f49e592e493eacf1b179", "entity_relations.py": "35ffcdd66989d7ce3a85f369a480f35c72dcc5737ba7c9540b80bf51e67561b5", "entity_review.py": "f1eccb23ad5e099650a4b038471ca7b1d317998e50aaaa3ea5626c34e09d6ebb", "favicon.py": "050151dea87a19726c1c8751876b7016f64489a1529960748f13da83685bcb65", "framework.py": "8d8d9212cde9f8fbbead9ceb861682e56aeb495efcb1509ee629ce3c66176199", "generation.py": "d33e7081c3e840f085b0223743534afdcb38e460e6c1644bd2f72affce50bed7", "input_contracts.py": "dfb95b53f09bea087c3c3cecc8ad8b0cdc825efbb33c599a5f12cf2437da2f54", "material_review.py": "feffceb6d46b23241cc50b436fea86b976f81a7be8f6b6fdc9f2e007df4dfff9", "material_versions.py": "0ac1199623dc53792306e09d409152657a05aa0e94fadd12dab5c6ca7547412b", "polish.py": "3cb2c403eb78f074afb22d6583bc93cf9c5bb37b778018bd95867bed541f527a", "production.py": "3b3b3f850b20b7e29f3642fb5cca9aedfbb5597bec802eeb54b618b6a3b386cd", "production_changes.py": "7894ba6d1297796a96909b6ff77f701b4391e733cbd3d67ddc3a028ff938dce1", "production_media.py": "d41d579e1750a745424d2da5d87ea2c8ee82d65ed008987445db0555fe84cb7c", "production_states.py": "86b8961dd304ef937d56d9d7b18deb4c0c3c507763279942c8a6ee0ffe5bedb4", "review_text.py": "c9c7cd6152002560f2c574e6e6936c04e1522dc2365b49c0f8a135028c2514aa", "screenplay.py": "3239df072744217043b8910a67d64604b79a410e1630325aa5e26dc5f64ed32e", "screenplay_summaries.py": "386b31ffa504fa47ea4039e7cced4b9bede87306f6e90f2fc506335b682ddda7", "server.py": "aeb456c269777a33a91e5d1137bd22866a2f4da6dbb1cf646d42fa4fa947ce6f", "static/app.js": "447a76b6cbcf4c4a1f19bd5b0313b534304de1263010547ecac2343fdf5c27e3", "static/approach.css": "97c02f49c13e13a137deb35ac827115adb1170f73f71ac6988ceda61e6ea9f5b", "static/approach.js": "67cc3f989828eca1ea853310b39a3c7b1e20bd5cfde0e62652a234efda7207c9", "static/entity-relations.js": "92455e0329ac761d59fc63a7d74c87b22521c92bd0194bf59f60f96667945e1b", "static/entity-review.js": "966cf78fffdc7fb3a2aa9bce0e78ca93fdeadaf19f8b2c241356d7cb7232633d", "static/favicon.svg": "b58aa2423929b1970c03192b4b767f40724602096ba7eecdca496db74a4c2b99", "static/index.html": "544f843e8e0173fa5fd98c472289c8a9df6b74e63e9e071da70fd9be33808ff2", "static/material-review.js": "2e5ae82906eecf02906c3cbd63a1328a9fad2bd84ee12796c1c5e6bcedd6a9d0", "static/polish.css": "bb32e29e19c3b4e34125fc1f7deb22397df9b96d2c7d2376acae96bf83caae76", "static/production.css": "a704abea1304d930fa90d12e5dfa823c8d5bbd6fc9b49fbef7cd4a58c3d44a59", "static/production.js": "22e38f625cae2c64b1a21faa8242901a42a4fff49322a4695675be489e34a6be", "static/review-ui.css": "b1d049634db9c838edc8a62c89cea9a04e6407361036bfbf76ee83e0cf8afa20", "static/review-ui.js": "a8c6b9aec5f48bb30b546a7529dc6304c26c86ef720f4b782ad4166384c7ec1b", "static/screenplay.css": "363ecf89ad136eefa57cd37503abdbeecd8b3f9fd6c4ec951ba24615a453534f", "static/screenplay.js": "61d91ee2b8d8dc61b9ca7b65a7c6b71275e7519e2fd36805601686b458b05b14", "static/structure.css": "c60877bd54dad6ed1b53d765df3251c6c0c4c2e76697494066a655c28e6fc437", "static/structure.js": "3ea86af929bc906a3d086c82fdcf1941b7a632fde48d9c174a45423b099c3020", "static/style.css": "eb2fb8a271414bd8cd87fb98bf13d4baeabf0cebf17d93425fb60365dd16b711", "static/workspace.css": "5d440c8cff4ea771fea569ef8a2889753b22274017e77a6951aec3a5ee8bf627", "store.py": "8cd3fbe3a3da0691fcefd775b87d06553334346d5a7698e0864d87b936bcfd17", "structure.py": "3741f0ed949ee49327eecebd6a4709cddcf0d1e83afc37e4f449a006d70e2921"}

{"operation": ["docker", "logs", "--timestamps"], "returncode": 0, "seconds": 0.023}
2026-10-04T06:36:00.518541510Z 李寄斩蛇 · 故事采编 · 资产清理隔离预览: http://0.0.0.0:8765/
2026-10-04T06:36:01.370085844Z 127.0.0.1 - - [04/Oct/2026 06:36:01] "GET /api/instance HTTP/1.1" 200 -
2026-10-04T06:36:01.995316219Z 172.17.0.1 - - [04/Oct/2026 06:36:01] "GET /api/comments?target_object_id=entity-a-he HTTP/1.1" 200 -

{"operation": ["docker", "stop", "--time"], "returncode": 0, "seconds": 5.161}
Flag --time has been deprecated, use --timeout instead
be6fb1300af045dba2804681c85eafd5982feb1418a0b19b72062c7308e31ad7

{"operation": ["docker", "rm", "be6fb1300af045dba2804681c85eafd5982feb1418a0b19b72062c7308e31ad7"], "returncode": 0, "seconds": 0.034}
be6fb1300af045dba2804681c85eafd5982feb1418a0b19b72062c7308e31ad7

{"operation": ["docker", "inspect", "--type"], "returncode": 0, "seconds": 0.022}
{"id":"49c7e99d62dca0616b04ddc0a657c7b54852be6f4ef3c3623280867e57de3341","name":"/snakeslayingrecord-app-1","image":"sha256:2112d9a46b4db54eb1657fc8403b717ed2d7be3d26f6de77767c39345e6ea4e8","state":"running","started":"2026-10-04T05:47:53.841381966Z","health":"healthy","mounts":[{"Destination":"/instance","Mode":"rw","Propagation":"rprivate","RW":true,"Source":"{story-root}","Type":"bind"},{"Destination":"/instance/config/instance.json","Mode":"ro","Propagation":"rprivate","RW":false,"Source":"{story-root}/.runtime/service-releases/materials-20261004-0004-fd08a2cefe80-236433072b16/instance/config/instance.json","Type":"bind"},{"Destination":"/instance/content/production-approach.json","Mode":"ro","Propagation":"rprivate","RW":false,"Source":"{story-root}/.runtime/service-releases/materials-20261004-0004-fd08a2cefe80-236433072b16/instance/content/production-approach.json","Type":"bind"},{"Destination":"/run/local-ca/cacert.pem","Mode":"ro","Propagation":"rprivate","RW":false,"Source":"{local-ca-file}","Type":"bind"}],"ports":{},"restart":{"MaximumRetryCount":0,"Name":"unless-stopped"}}

{"operation": ["docker", "inspect", "--type"], "returncode": 0, "seconds": 0.02}
{"id":"ab0c87b08f974bc5a049cb204dda1aecd625a19cb9a4f5af103be4daff8f7d8c","name":"/snakeslayingrecord-nginx-1","image":"sha256:009d73a160564cce886ee8a8538c4d18f0ea9b961f03db9df410e45b0fdf29b2","state":"running","started":"2026-10-04T05:48:09.396927167Z","health":null,"mounts":[],"ports":{"3000/tcp":[{"HostIp":"127.0.0.1","HostPort":"3000"},{"HostIp":"127.0.0.1","HostPort":"64401"}]},"restart":{"MaximumRetryCount":0,"Name":"unless-stopped"}}

